Component: ARM Compiler 5.06 update 5 (build 528) Tool: armlink [4d35e2]

==============================================================================

Section Cross References

    startup_stm32f40_41xxx.o(STACK) refers (Special) to heapauxi.o(.text) for __use_two_region_memory
    startup_stm32f40_41xxx.o(HEAP) refers (Special) to heapauxi.o(.text) for __use_two_region_memory
    startup_stm32f40_41xxx.o(RESET) refers (Special) to heapauxi.o(.text) for __use_two_region_memory
    startup_stm32f40_41xxx.o(RESET) refers to startup_stm32f40_41xxx.o(STACK) for __initial_sp
    startup_stm32f40_41xxx.o(RESET) refers to startup_stm32f40_41xxx.o(.text) for Reset_Handler
    startup_stm32f40_41xxx.o(RESET) refers to delay.o(i.SysTick_Handler) for SysTick_Handler
    startup_stm32f40_41xxx.o(RESET) refers to timer.o(i.TIM2_IRQHandler) for TIM2_IRQHandler
    startup_stm32f40_41xxx.o(RESET) refers to usart.o(i.USART1_IRQHandler) for USART1_IRQHandler
    startup_stm32f40_41xxx.o(RESET) refers to usart.o(i.USART6_IRQHandler) for USART6_IRQHandler
    startup_stm32f40_41xxx.o(.text) refers (Special) to heapauxi.o(.text) for __use_two_region_memory
    startup_stm32f40_41xxx.o(.text) refers to system_stm32f4xx.o(i.SystemInit) for SystemInit
    startup_stm32f40_41xxx.o(.text) refers to __main.o(!!!main) for __main
    startup_stm32f40_41xxx.o(.text) refers to startup_stm32f40_41xxx.o(HEAP) for Heap_Mem
    startup_stm32f40_41xxx.o(.text) refers to startup_stm32f40_41xxx.o(STACK) for Stack_Mem
    system_stm32f4xx.o(i.SystemCoreClockUpdate) refers to system_stm32f4xx.o(.data) for SystemCoreClock
    system_stm32f4xx.o(i.SystemInit) refers to system_stm32f4xx.o(i.SetSysClock) for SetSysClock
    main.o(i.main) refers to timer.o(i.timer2_init) for timer2_init
    main.o(i.main) refers to ds18b20.o(i.gpio_init) for gpio_init
    main.o(i.main) refers to delay.o(i.SysTick_Init) for SysTick_Init
    main.o(i.main) refers to usart.o(i.usart1_init) for usart1_init
    main.o(i.main) refers to usart.o(i.USART6_Init) for USART6_Init
    main.o(i.main) refers to tmp101.o(i.Init_I2C_GPIO) for Init_I2C_GPIO
    main.o(i.main) refers to lm35dz.o(i.ADC1_Init) for ADC1_Init
    main.o(i.main) refers to max6682.o(i.SPI1_Init) for SPI1_Init
    main.o(i.main) refers to max6675.o(i.SPI2_Init) for SPI2_Init
    main.o(i.main) refers to pwm.o(i.Init_PWM1) for Init_PWM1
    main.o(i.main) refers to pwm.o(i.Init_PWM2) for Init_PWM2
    main.o(i.main) refers to usart.o(i.readRequest) for readRequest
    main.o(i.main) refers to timer.o(i.timer2_wait_millisec) for timer2_wait_millisec
    main.o(i.main) refers to dataorganization.o(i.lm35dz_temp) for lm35dz_temp
    main.o(i.main) refers to pwm.o(i.All_OFF) for All_OFF
    main.o(i.main) refers to dataorganization.o(i.get_temp) for get_temp
    main.o(i.main) refers to stm32f4xx_gpio.o(i.GPIO_ReadOutputDataBit) for GPIO_ReadOutputDataBit
    main.o(i.main) refers to usart.o(i.empty_buffer) for empty_buffer
    stm32f4xx_gpio.o(i.GPIO_DeInit) refers to stm32f4xx_rcc.o(i.RCC_AHB1PeriphResetCmd) for RCC_AHB1PeriphResetCmd
    stm32f4xx_rcc.o(i.RCC_GetClocksFreq) refers to stm32f4xx_rcc.o(.data) for APBAHBPrescTable
    stm32f4xx_rcc.o(i.RCC_WaitForHSEStartUp) refers to stm32f4xx_rcc.o(i.RCC_GetFlagStatus) for RCC_GetFlagStatus
    stm32f4xx_usart.o(i.USART_DeInit) refers to stm32f4xx_rcc.o(i.RCC_APB2PeriphResetCmd) for RCC_APB2PeriphResetCmd
    stm32f4xx_usart.o(i.USART_DeInit) refers to stm32f4xx_rcc.o(i.RCC_APB1PeriphResetCmd) for RCC_APB1PeriphResetCmd
    stm32f4xx_usart.o(i.USART_Init) refers to stm32f4xx_rcc.o(i.RCC_GetClocksFreq) for RCC_GetClocksFreq
    packing.o(i.Unpack) refers to packing.o(i.calculateCRC) for calculateCRC
    packing.o(i.returnPacked) refers to packing.o(i.calculateCRC) for calculateCRC
    dataorganization.o(i.ds18b20_temp) refers to ds18b20.o(i.DS_temp) for DS_temp
    dataorganization.o(i.get_temp) refers to dataorganization.o(i.ds18b20_temp) for ds18b20_temp
    dataorganization.o(i.get_temp) refers to packing.o(i.getOpcode) for getOpcode
    dataorganization.o(i.get_temp) refers to packing.o(i.returnPacked) for returnPacked
    dataorganization.o(i.get_temp) refers to usart.o(i.fillBuffer) for fillBuffer
    dataorganization.o(i.get_temp) refers to dataorganization.o(i.lm35dz_temp) for lm35dz_temp
    dataorganization.o(i.get_temp) refers to dataorganization.o(i.gnico001_temp) for gnico001_temp
    dataorganization.o(i.get_temp) refers to dataorganization.o(i.max6675_temp) for max6675_temp
    dataorganization.o(i.get_temp) refers to dataorganization.o(i.max6682_temp) for max6682_temp
    dataorganization.o(i.get_temp) refers to dataorganization.o(i.tmp101_temp) for tmp101_temp
    dataorganization.o(i.lm35dz_temp) refers to lm35dz.o(i.LM_temp) for LM_temp
    dataorganization.o(i.max6675_temp) refers to max6675.o(i.max6675temp) for max6675temp
[...]
    ../clib/signal.c                         0x00000000   Number         0  defsig_segv_inner.o ABSOLUTE
    ../clib/signal.c                         0x00000000   Number         0  defsig_cppl_inner.o ABSOLUTE
    ../clib/signal.c                         0x00000000   Number         0  defsig_pvfn_inner.o ABSOLUTE
    ../clib/signal.c                         0x00000000   Number         0  defsig_stak_inner.o ABSOLUTE
    ../clib/signal.c                         0x00000000   Number         0  defsig_rtred_inner.o ABSOLUTE
    ../clib/signal.c                         0x00000000   Number         0  defsig_rtmem_formal.o ABSOLUTE
    ../clib/signal.c                         0x00000000   Number         0  defsig_exit.o ABSOLUTE
    ../clib/signal.c                         0x00000000   Number         0  defsig_fpe_inner.o ABSOLUTE
    ../clib/signal.c                         0x00000000   Number         0  defsig_abrt_inner.o ABSOLUTE
    ../clib/signal.c                         0x00000000   Number         0  defsig_rtmem_inner.o ABSOLUTE
    ../clib/signal.c                         0x00000000   Number         0  __raise.o ABSOLUTE
    ../clib/signal.c                         0x00000000   Number         0  defsig_general.o ABSOLUTE
    ../clib/signal.s                         0x00000000   Number         0  defsig.o ABSOLUTE
    ../clib/stdlib.c                         0x00000000   Number         0  exit.o ABSOLUTE
    ../fplib/d2f.s                           0x00000000   Number         0  d2f.o ABSOLUTE
    ../fplib/dflt.s                          0x00000000   Number         0  dflt_clz.o ABSOLUTE
    ../fplib/dmul.s                          0x00000000   Number         0  dmul.o ABSOLUTE
    ../fplib/dnaninf.s                       0x00000000   Number         0  dnaninf.o ABSOLUTE
    ../fplib/dretinf.s                       0x00000000   Number         0  dretinf.o ABSOLUTE
    ../fplib/fpinit.s                        0x00000000   Number         0  fpinit.o ABSOLUTE
    ../fplib/fretinf.s                       0x00000000   Number         0  fretinf.o ABSOLUTE
    ../fplib/usenofp.s                       0x00000000   Number         0  usenofp.o ABSOLUTE
    DS18B20.c                                0x00000000   Number         0  ds18b20.o ABSOLUTE
    DS18B20.c                                0x00000000   Number         0  ds18b20.o ABSOLUTE
    Delay.c                                  0x00000000   Number         0  delay.o ABSOLUTE
    Delay.c                                  0x00000000   Number         0  delay.o ABSOLUTE
    LM35DZ.c                                 0x00000000   Number         0  lm35dz.o ABSOLUTE
    LM35DZ.c                                 0x00000000   Number         0  lm35dz.o ABSOLUTE
    Lib\CMSIS\Device\ST\STM32F4xx\Source\Templates\arm\startup_stm32f40_41xxx.s 0x00000000   Number         0  startup_stm32f40_41xxx.o ABSOLUTE
    Lib\CMSIS\Device\ST\STM32F4xx\Source\Templates\system_stm32f4xx.c 0x00000000   Number         0  system_stm32f4xx.o ABSOLUTE
    Lib\STM32F4xx_StdPeriph_Driver\src\stm32f4xx_adc.c 0x00000000   Number         0  stm32f4xx_adc.o ABSOLUTE
    Lib\STM32F4xx_StdPeriph_Driver\src\stm32f4xx_i2c.c 0x00000000   Number         0  stm32f4xx_i2c.o ABSOLUTE
    Lib\STM32F4xx_StdPeriph_Driver\src\stm32f4xx_spi.c 0x00000000   Number         0  stm32f4xx_spi.o ABSOLUTE
    Lib\STM32F4xx_StdPeriph_Driver\src\stm32f4xx_tim.c 0x00000000   Number         0  stm32f4xx_tim.o ABSOLUTE
    Lib\\CMSIS\\Device\\ST\\STM32F4xx\\Source\\Templates\\system_stm32f4xx.c 0x00000000   Number         0  system_stm32f4xx.o ABSOLUTE
    Lib\\STM32F4xx_StdPeriph_Driver\\src\\stm32f4xx_adc.c 0x00000000   Number         0  stm32f4xx_adc.o ABSOLUTE
    Lib\\STM32F4xx_StdPeriph_Driver\\src\\stm32f4xx_i2c.c 0x00000000   Number         0  stm32f4xx_i2c.o ABSOLUTE
    Lib\\STM32F4xx_StdPeriph_Driver\\src\\stm32f4xx_spi.c 0x00000000   Number         0  stm32f4xx_spi.o ABSOLUTE
    Lib\\STM32F4xx_StdPeriph_Driver\\src\\stm32f4xx_tim.c 0x00000000   Number         0  stm32f4xx_tim.o ABSOLUTE
    MAX6675.c                                0x00000000   Number         0  max6675.o ABSOLUTE
    MAX6675.c                                0x00000000   Number         0  max6675.o ABSOLUTE
    MAX6682.c                                0x00000000   Number         0  max6682.o ABSOLUTE
    MAX6682.c                                0x00000000   Number         0  max6682.o ABSOLUTE
    PWM.c                                    0x00000000   Number         0  pwm.o ABSOLUTE
    PWM.c                                    0x00000000   Number         0  pwm.o ABSOLUTE
    TMP101.c                                 0x00000000   Number         0  tmp101.o ABSOLUTE
    TMP101.c                                 0x00000000   Number         0  tmp101.o ABSOLUTE
    dataOrganization.c                       0x00000000   Number         0  dataorganization.o ABSOLUTE
    dataOrganization.c                       0x00000000   Number         0  dataorganization.o ABSOLUTE
    dc.s                                     0x00000000   Number         0  dc.o ABSOLUTE
    dma.c                                    0x00000000   Number         0  dma.o ABSOLUTE
    main.c                                   0x00000000   Number         0  main.o ABSOLUTE
    main.c                                   0x00000000   Number         0  main.o ABSOLUTE
    misc.c                                   0x00000000   Number         0  misc.o ABSOLUTE
    misc.c                                   0x00000000   Number         0  misc.o ABSOLUTE
    packing.c                                0x00000000   Number         0  packing.o ABSOLUTE
    packing.c                                0x00000000   Number         0  packing.o ABSOLUTE
    stm32f4xx_dma.c                          0x00000000   Number         0  stm32f4xx_dma.o ABSOLUTE
    stm32f4xx_dma.c                          0x00000000   Number         0  stm32f4xx_dma.o ABSOLUTE
    stm32f4xx_gpio.c                         0x00000000   Number         0  stm32f4xx_gpio.o ABSOLUTE
    stm32f4xx_gpio.c                         0x00000000   Number         0  stm32f4xx_gpio.o ABSOLUTE
    stm32f4xx_rcc.c                          0x00000000   Number         0  stm32f4xx_rcc.o ABSOLUTE
    stm32f4xx_rcc.c                          0x00000000   Number         0  stm32f4xx_rcc.o ABSOLUTE
    stm32f4xx_usart.c                        0x00000000   Number         0  stm32f4xx_usart.o ABSOLUTE
    stm32f4xx_usart.c                        0x00000000   Number         0  stm32f4xx_usart.o ABSOLUTE
    timer.c                                  0x00000000   Number         0  timer.o ABSOLUTE
    timer.c                                  0x00000000   Number         0  timer.o ABSOLUTE
    usart.c                                  0x00000000   Number         0  usart.o ABSOLUTE
    usart.c                                  0x00000000   Number         0  usart.o ABSOLUTE
    RESET                                    0x08000000   Section      392  startup_stm32f40_41xxx.o(RESET)
    !!!main                                  0x08000188   Section        8  __main.o(!!!main)
    !!!scatter                               0x08000190   Section       52  __scatter.o(!!!scatter)
    !!handler_copy                           0x080001c4   Section       26  __scatter_copy.o(!!handler_copy)
    !!handler_zi                             0x080001e0   Section       28  __scatter_zi.o(!!handler_zi)
    .ARM.Collect$$libinit$$00000000          0x080001fc   Section        2  libinit.o(.ARM.Collect$$libinit$$00000000)
    .ARM.Collect$$libinit$$00000001          0x080001fe   Section        4  libinit2.o(.ARM.Collect$$libinit$$00000001)
    .ARM.Collect$$libinit$$00000004          0x08000202   Section        0  libinit2.o(.ARM.Collect$$libinit$$00000004)
    .ARM.Collect$$libinit$$0000000A          0x08000202   Section        0  libinit2.o(.ARM.Collect$$libinit$$0000000A)
    .ARM.Collect$$libinit$$0000000C          0x08000202   Section        0  libinit2.o(.ARM.Collect$$libinit$$0000000C)
    .ARM.Collect$$libinit$$0000000E          0x08000202   Section        0  libinit2.o(.ARM.Collect$$libinit$$0000000E)
    .ARM.Collect$$libinit$$0000000F          0x08000202   Section        6  libinit2.o(.ARM.Collect$$libinit$$0000000F)
    .ARM.Collect$$libinit$$00000011          0x08000208   Section        0  libinit2.o(.ARM.Collect$$libinit$$00000011)
    .ARM.Collect$$libinit$$00000012          0x08000208   Section       12  libinit2.o(.ARM.Collect$$libinit$$00000012)
    .ARM.Collect$$libinit$$00000013          0x08000214   Section        0  libinit2.o(.ARM.Collect$$libinit$$00000013)
    .ARM.Collect$$libinit$$00000015          0x08000214   Section        0  libinit2.o(.ARM.Collect$$libinit$$00000015)
    .ARM.Collect$$libinit$$00000017          0x08000214   Section        0  libinit2.o(.ARM.Collect$$libinit$$00000017)
    .ARM.Collect$$libinit$$00000019          0x08000214   Section        0  libinit2.o(.ARM.Collect$$libinit$$00000019)
    .ARM.Collect$$libinit$$0000001B          0x08000214   Section        0  libinit2.o(.ARM.Collect$$libinit$$0000001B)
    .ARM.Collect$$libinit$$0000001D          0x08000214   Section        0  libinit2.o(.ARM.Collect$$libinit$$0000001D)
    .ARM.Collect$$libinit$$0000001F          0x08000214   Section        0  libinit2.o(.ARM.Collect$$libinit$$0000001F)
    .ARM.Collect$$libinit$$00000021          0x08000214   Section        0  libinit2.o(.ARM.Collect$$libinit$$00000021)
    .ARM.Collect$$libinit$$00000023          0x08000214   Section        0  libinit2.o(.ARM.Collect$$libinit$$00000023)
    .ARM.Collect$$libinit$$00000025          0x08000214   Section        0  libinit2.o(.ARM.Collect$$libinit$$00000025)
    .ARM.Collect$$libinit$$0000002C          0x08000214   Section        0  libinit2.o(.ARM.Collect$$libinit$$0000002C)
    .ARM.Collect$$libinit$$0000002E          0x08000214   Section        0  libinit2.o(.ARM.Collect$$libinit$$0000002E)
    .ARM.Collect$$libinit$$00000030          0x08000214   Section        0  libinit2.o(.ARM.Collect$$libinit$$00000030)
    .ARM.Collect$$libinit$$00000032          0x08000214   Section        0  libinit2.o(.ARM.Collect$$libinit$$00000032)
    .ARM.Collect$$libinit$$00000033          0x08000214   Section        2  libinit2.o(.ARM.Collect$$libinit$$00000033)
    .ARM.Collect$$libshutdown$$00000000      0x08000216   Section        2  libshutdown.o(.ARM.Collect$$libshutdown$$00000000)
    .ARM.Collect$$libshutdown$$00000002      0x08000218   Section        0  libshutdown2.o(.ARM.Collect$$libshutdown$$00000002)
    .ARM.Collect$$libshutdown$$00000004      0x08000218   Section        0  libshutdown2.o(.ARM.Collect$$libshutdown$$00000004)
    .ARM.Collect$$libshutdown$$00000007      0x08000218   Section        0  libshutdown2.o(.ARM.Collect$$libshutdown$$00000007)
    .ARM.Collect$$libshutdown$$0000000A      0x08000218   Section        0  libshutdown2.o(.ARM.Collect$$libshutdown$$0000000A)
    .ARM.Collect$$libshutdown$$0000000C      0x08000218   Section        0  libshutdown2.o(.ARM.Collect$$libshutdown$$0000000C)
    .ARM.Collect$$libshutdown$$0000000F      0x08000218   Section        0  libshutdown2.o(.ARM.Collect$$libshutdown$$0000000F)
    .ARM.Collect$$libshutdown$$00000010      0x08000218   Section        2  libshutdown2.o(.ARM.Collect$$libshutdown$$00000010)
    .ARM.Collect$$rtentry$$00000000          0x0800021a   Section        0  __rtentry.o(.ARM.Collect$$rtentry$$00000000)
    .ARM.Collect$$rtentry$$00000002          0x0800021a   Section        0  __rtentry2.o(.ARM.Collect$$rtentry$$00000002)
    .ARM.Collect$$rtentry$$00000004          0x0800021a   Section        6  __rtentry4.o(.ARM.Collect$$rtentry$$00000004)
    .ARM.Collect$$rtentry$$00000009          0x08000220   Section        0  __rtentry2.o(.ARM.Collect$$rtentry$$00000009)
    .ARM.Collect$$rtentry$$0000000A          0x08000220   Section        4  __rtentry2.o(.ARM.Collect$$rtentry$$0000000A)
    .ARM.Collect$$rtentry$$0000000C          0x08000224   Section        0  __rtentry2.o(.ARM.Collect$$rtentry$$0000000C)
    .ARM.Collect$$rtentry$$0000000D          0x08000224   Section        8  __rtentry2.o(.ARM.Collect$$rtentry$$0000000D)
    .ARM.Collect$$rtexit$$00000000           0x0800022c   Section        2  rtexit.o(.ARM.Collect$$rtexit$$00000000)
    .ARM.Collect$$rtexit$$00000002           0x0800022e   Section        0  rtexit2.o(.ARM.Collect$$rtexit$$00000002)
    .ARM.Collect$$rtexit$$00000003           0x0800022e   Section        4  rtexit2.o(.ARM.Collect$$rtexit$$00000003)
    .ARM.Collect$$rtexit$$00000004           0x08000232   Section        6  rtexit2.o(.ARM.Collect$$rtexit$$00000004)
    .text                                    0x08000238   Section       64  startup_stm32f40_41xxx.o(.text)
    $v0                                      0x08000238   Number         0  startup_stm32f40_41xxx.o(.text)
    .text                                    0x08000278   Section        0  strtol.o(.text)
    .text                                    0x080002e8   Section        0  heapauxi.o(.text)
    .text                                    0x080002f0   Section       16  rt_ctype_table.o(.text)
    .text                                    0x08000300   Section        8  rt_errno_addr_intlibspace.o(.text)
    .text                                    0x08000308   Section        0  _strtoul.o(.text)
    .text                                    0x080003a8   Section        8  libspace.o(.text)
    .text                                    0x080003b0   Section        8  rt_locale_intlibspace.o(.text)
    .text                                    0x080003b8   Section        0  _chval.o(.text)
    .text                                    0x080003d4   Section       74  sys_stackheap_outer.o(.text)
    .text                                    0x0800041e   Section        0  exit.o(.text)
    .text                                    0x08000430   Section      128  strcmpv7m.o(.text)
    .text                                    0x080004b0   Section        0  sys_exit.o(.text)
    .text                                    0x080004bc   Section        2  use_no_semi.o(.text)
    .text                                    0x080004be   Section        0  indicate_semi.o(.text)
    i.ADC1_Init                              0x080004c0   Section        0  lm35dz.o(i.ADC1_Init)
    i.ADC_Cmd                                0x0800052c   Section        0  stm32f4xx_adc.o(i.ADC_Cmd)
    i.ADC_GetConversionValue                 0x08000542   Section        0  stm32f4xx_adc.o(i.ADC_GetConversionValue)
    i.ADC_Init                               0x0800054c   Section        0  stm32f4xx_adc.o(i.ADC_Init)
    i.ADC_RegularChannelConfig               0x080005a0   Section        0  stm32f4xx_adc.o(i.ADC_RegularChannelConfig)
    i.ADC_SoftwareStartConv                  0x08000658   Section        0  stm32f4xx_adc.o(i.ADC_SoftwareStartConv)
    i.ADC_StructInit                         0x08000662   Section        0  stm32f4xx_adc.o(i.ADC_StructInit)
    i.All_OFF                                0x08000678   Section        0  pwm.o(i.All_OFF)
    i.DS_temp                                0x08000698   Section        0  ds18b20.o(i.DS_temp)
    i.GPIO_Init                              0x080007a4   Section        0  stm32f4xx_gpio.o(i.GPIO_Init)
    i.GPIO_PinAFConfig                       0x08000834   Section        0  stm32f4xx_gpio.o(i.GPIO_PinAFConfig)
    i.GPIO_ReadInputDataBit                  0x0800087a   Section        0  stm32f4xx_gpio.o(i.GPIO_ReadInputDataBit)
    i.GPIO_ReadOutputDataBit                 0x0800088c   Section        0  stm32f4xx_gpio.o(i.GPIO_ReadOutputDataBit)
    i.GPIO_ResetBits                         0x0800089e   Section        0  stm32f4xx_gpio.o(i.GPIO_ResetBits)
    i.GPIO_SetBits                           0x080008a2   Section        0  stm32f4xx_gpio.o(i.GPIO_SetBits)
    i.GPIO_WriteBit                          0x080008a6   Section        0  stm32f4xx_gpio.o(i.GPIO_WriteBit)
    i.I2C_AcknowledgeConfig                  0x080008b0   Section        0  stm32f4xx_i2c.o(i.I2C_AcknowledgeConfig)
    i.I2C_CheckEvent                         0x080008c8   Section        0  stm32f4xx_i2c.o(i.I2C_CheckEvent)
    i.I2C_Cmd                                0x080008f2   Section        0  stm32f4xx_i2c.o(i.I2C_Cmd)
    i.I2C_GenerateSTART                      0x0800090a   Section        0  stm32f4xx_i2c.o(i.I2C_GenerateSTART)
    i.I2C_GenerateSTOP                       0x08000922   Section        0  stm32f4xx_i2c.o(i.I2C_GenerateSTOP)
    i.I2C_GetFlagStatus                      0x0800093a   Section        0  stm32f4xx_i2c.o(i.I2C_GetFlagStatus)
    i.I2C_Init                               0x08000974   Section        0  stm32f4xx_i2c.o(i.I2C_Init)
    i.I2C_ReceiveData                        0x08000a5c   Section        0  stm32f4xx_i2c.o(i.I2C_ReceiveData)
    i.I2C_Send7bitAddress                    0x08000a64   Section        0  stm32f4xx_i2c.o(i.I2C_Send7bitAddress)
    i.I2C_SendData                           0x08000a74   Section        0  stm32f4xx_i2c.o(i.I2C_SendData)
    i.Init_I2C_GPIO                          0x08000a78   Section        0  tmp101.o(i.Init_I2C_GPIO)
    i.Init_PWM1                              0x08000b14   Section        0  pwm.o(i.Init_PWM1)
    i.Init_PWM2                              0x08000c18   Section        0  pwm.o(i.Init_PWM2)
    i.LM_temp                                0x08000d4c   Section        0  lm35dz.o(i.LM_temp)
    i.NVIC_DisableIRQ                        0x08000d98   Section        0  usart.o(i.NVIC_DisableIRQ)
    NVIC_DisableIRQ                          0x08000d99   Thumb Code    18  usart.o(i.NVIC_DisableIRQ)
    i.NVIC_EnableIRQ                         0x08000db0   Section        0  usart.o(i.NVIC_EnableIRQ)
    NVIC_EnableIRQ                           0x08000db1   Thumb Code    22  usart.o(i.NVIC_EnableIRQ)
    i.NVIC_Init                              0x08000dc8   Section        0  misc.o(i.NVIC_Init)
    i.RCC_AHB1PeriphClockCmd                 0x08000e40   Section        0  stm32f4xx_rcc.o(i.RCC_AHB1PeriphClockCmd)
    i.RCC_APB1PeriphClockCmd                 0x08000e60   Section        0  stm32f4xx_rcc.o(i.RCC_APB1PeriphClockCmd)
    i.RCC_APB2PeriphClockCmd                 0x08000e80   Section        0  stm32f4xx_rcc.o(i.RCC_APB2PeriphClockCmd)
    i.RCC_GetClocksFreq                      0x08000ea0   Section        0  stm32f4xx_rcc.o(i.RCC_GetClocksFreq)
    i.SPI1_Init                              0x08000f88   Section        0  max6682.o(i.SPI1_Init)
    i.SPI2_Init                              0x08001050   Section        0  max6675.o(i.SPI2_Init)
    i.SPI_BiDirectionalLineConfig            0x0800111c   Section        0  stm32f4xx_spi.o(i.SPI_BiDirectionalLineConfig)
    i.SPI_Cmd                                0x08001138   Section        0  stm32f4xx_spi.o(i.SPI_Cmd)
    i.SPI_I2S_GetFlagStatus                  0x08001150   Section        0  stm32f4xx_spi.o(i.SPI_I2S_GetFlagStatus)
    i.SPI_I2S_ReceiveData                    0x08001162   Section        0  stm32f4xx_spi.o(i.SPI_I2S_ReceiveData)
    i.SPI_I2S_SendData                       0x08001168   Section        0  stm32f4xx_spi.o(i.SPI_I2S_SendData)
    i.SPI_Init                               0x0800116c   Section        0  stm32f4xx_spi.o(i.SPI_Init)
    i.SetSysClock                            0x080011a8   Section        0  system_stm32f4xx.o(i.SetSysClock)
    SetSysClock                              0x080011a9   Thumb Code   220  system_stm32f4xx.o(i.SetSysClock)
    i.SysTick_Handler                        0x08001294   Section        0  delay.o(i.SysTick_Handler)
    i.SysTick_Init                           0x0800129c   Section        0  delay.o(i.SysTick_Init)
    i.SystemInit                             0x08001304   Section        0  system_stm32f4xx.o(i.SystemInit)
    i.TIM2_IRQHandler                        0x0800136c   Section        0  timer.o(i.TIM2_IRQHandler)
    i.TIM_ARRPreloadConfig                   0x08001390   Section        0  stm32f4xx_tim.o(i.TIM_ARRPreloadConfig)
    i.TIM_ClearITPendingBit                  0x080013a8   Section        0  stm32f4xx_tim.o(i.TIM_ClearITPendingBit)
    i.TIM_Cmd                                0x080013ae   Section        0  stm32f4xx_tim.o(i.TIM_Cmd)
    i.TIM_GetITStatus                        0x080013c6   Section        0  stm32f4xx_tim.o(i.TIM_GetITStatus)
    i.TIM_ITConfig                           0x080013e8   Section        0  stm32f4xx_tim.o(i.TIM_ITConfig)
    i.TIM_OC2Init                            0x080013fc   Section        0  stm32f4xx_tim.o(i.TIM_OC2Init)
    i.TIM_OC2PreloadConfig                   0x080014a0   Section        0  stm32f4xx_tim.o(i.TIM_OC2PreloadConfig)
    i.TIM_OC3Init                            0x080014bc   Section        0  stm32f4xx_tim.o(i.TIM_OC3Init)
    i.TIM_OC3PreloadConfig                   0x0800155c   Section        0  stm32f4xx_tim.o(i.TIM_OC3PreloadConfig)
    i.TIM_TimeBaseInit                       0x08001570   Section        0  stm32f4xx_tim.o(i.TIM_TimeBaseInit)
    i.TimeTick_Decrement                     0x080015f4   Section        0  delay.o(i.TimeTick_Decrement)
    i.USART1_IRQHandler                      0x0800160c   Section        0  usart.o(i.USART1_IRQHandler)
    i.USART6_Dequeue                         0x08001688   Section        0  usart.o(i.USART6_Dequeue)
    i.USART6_IRQHandler                      0x080016e4   Section        0  usart.o(i.USART6_IRQHandler)
    i.USART6_Init                            0x0800179c   Section        0  usart.o(i.USART6_Init)
    i.USART_ClearITPendingBit                0x0800187c   Section        0  stm32f4xx_usart.o(i.USART_ClearITPendingBit)
    i.USART_Cmd                              0x0800189a   Section        0  stm32f4xx_usart.o(i.USART_Cmd)
    i.USART_GetITStatus                      0x080018b2   Section        0  stm32f4xx_usart.o(i.USART_GetITStatus)
    i.USART_ITConfig                         0x08001906   Section        0  stm32f4xx_usart.o(i.USART_ITConfig)
    i.USART_Init                             0x08001950   Section        0  stm32f4xx_usart.o(i.USART_Init)
    i.USART_ReceiveData                      0x08001a24   Section        0  stm32f4xx_usart.o(i.USART_ReceiveData)
    i.USART_SendData                         0x08001a2e   Section        0  stm32f4xx_usart.o(i.USART_SendData)
    i.calculateCRC                           0x08001a36   Section        0  packing.o(i.calculateCRC)
    i.delay_nus                              0x08001ae0   Section        0  delay.o(i.delay_nus)
    i.ds18b20_temp                           0x08001afc   Section        0  dataorganization.o(i.ds18b20_temp)
    i.empty_buffer                           0x08001b14   Section        0  usart.o(i.empty_buffer)
    i.fillBuffer                             0x08001b34   Section        0  usart.o(i.fillBuffer)
    i.getOpcode                              0x08001b80   Section        0  packing.o(i.getOpcode)
    i.get_temp                               0x08001b9c   Section        0  dataorganization.o(i.get_temp)
    i.gnico001_temp                          0x08001d20   Section        0  dataorganization.o(i.gnico001_temp)
    i.gpio_init                              0x08001d3c   Section        0  ds18b20.o(i.gpio_init)
    i.i2c_write                              0x08001d70   Section        0  tmp101.o(i.i2c_write)
    i.lm35dz_temp                            0x08001d94   Section        0  dataorganization.o(i.lm35dz_temp)
    i.main                                   0x08001db0   Section        0  main.o(i.main)
    i.max6675_temp                           0x08001e54   Section        0  dataorganization.o(i.max6675_temp)
    i.max6675temp                            0x08001e70   Section        0  max6675.o(i.max6675temp)
    i.max6682_temp                           0x08001ef0   Section        0  dataorganization.o(i.max6682_temp)
    i.pop_Buffer                             0x08001f0c   Section        0  usart.o(i.pop_Buffer)
    i.read                                   0x08001f64   Section        0  ds18b20.o(i.read)
    i.readRequest                            0x08001fc8   Section        0  usart.o(i.readRequest)
    i.read_ack                               0x08002018   Section        0  tmp101.o(i.read_ack)
    i.read_nack                              0x08002044   Section        0  tmp101.o(i.read_nack)
    i.reset                                  0x08002078   Section        0  ds18b20.o(i.reset)
    i.reset_pins                             0x080020e0   Section        0  pwm.o(i.reset_pins)
    i.returnPacked                           0x08002188   Section        0  packing.o(i.returnPacked)
    i.sendData                               0x08002290   Section        0  usart.o(i.sendData)
    i.start_rec                              0x080022b8   Section        0  tmp101.o(i.start_rec)
    i.start_trans                            0x080022f4   Section        0  tmp101.o(i.start_trans)
    i.timer2_get_millisec                    0x08002344   Section        0  timer.o(i.timer2_get_millisec)
    i.timer2_init                            0x0800237c   Section        0  timer.o(i.timer2_init)
    i.timer2_wait_millisec                   0x08002404   Section        0  timer.o(i.timer2_wait_millisec)
    i.tmp101_init                            0x0800242c   Section        0  tmp101.o(i.tmp101_init)
    i.tmp101_temp                            0x08002460   Section        0  dataorganization.o(i.tmp101_temp)
    i.tmp_temp                               0x08002484   Section        0  tmp101.o(i.tmp_temp)
    i.usart1_init                            0x080024f0   Section        0  usart.o(i.usart1_init)
    i.write                                  0x080025e0   Section        0  ds18b20.o(i.write)
    locale$$code                             0x08002664   Section       44  lc_ctype_c.o(locale$$code)
    x$fpl$d2f                                0x08002690   Section       98  d2f.o(x$fpl$d2f)
    $v0                                      0x08002690   Number         0  d2f.o(x$fpl$d2f)
    x$fpl$dflt                               0x080026f2   Section       46  dflt_clz.o(x$fpl$dflt)
    $v0                                      0x080026f2   Number         0  dflt_clz.o(x$fpl$dflt)
    x$fpl$dfltu                              0x08002720   Section       38  dflt_clz.o(x$fpl$dfltu)
    $v0                                      0x08002720   Number         0  dflt_clz.o(x$fpl$dfltu)
    x$fpl$dmul                               0x08002748   Section      340  dmul.o(x$fpl$dmul)
    $v0                                      0x08002748   Number         0  dmul.o(x$fpl$dmul)
    x$fpl$dnaninf                            0x0800289c   Section      156  dnaninf.o(x$fpl$dnaninf)
    $v0                                      0x0800289c   Number         0  dnaninf.o(x$fpl$dnaninf)
    x$fpl$dretinf                            0x08002938   Section       12  dretinf.o(x$fpl$dretinf)
    $v0                                      0x08002938   Number         0  dretinf.o(x$fpl$dretinf)
    x$fpl$fpinit                             0x08002944   Section       10  fpinit.o(x$fpl$fpinit)
    $v0                                      0x08002944   Number         0  fpinit.o(x$fpl$fpinit)
    x$fpl$fretinf                            0x0800294e   Section       10  fretinf.o(x$fpl$fretinf)
    $v0                                      0x0800294e   Number         0  fretinf.o(x$fpl$fretinf)
    x$fpl$usenofp                            0x08002958   Section        0  usenofp.o(x$fpl$usenofp)
    locale$$data                             0x08002978   Section      272  lc_ctype_c.o(locale$$data)
    __lcctype_c_name                         0x0800297c   Data           2  lc_ctype_c.o(locale$$data)
    __lcctype_c_start                        0x08002984   Data           0  lc_ctype_c.o(locale$$data)
    __lcctype_c_end                          0x08002a88   Data           0  lc_ctype_c.o(locale$$data)
    .data                                    0x20000000   Section       20  system_stm32f4xx.o(.data)
    .data                                    0x20000014   Section       16  stm32f4xx_rcc.o(.data)
    APBAHBPrescTable                         0x20000014   Data          16  stm32f4xx_rcc.o(.data)
    .data                                    0x20000024   Section       39  usart.o(.data)
    rx_char                                  0x20000049   Data           1  usart.o(.data)
    rx_head                                  0x2000004a   Data           1  usart.o(.data)
    .data                                    0x2000004c   Section        4  timer.o(.data)
    .data                                    0x20000050   Section        4  delay.o(.data)
    sysTickCounter                           0x20000050   Data           4  delay.o(.data)
    .bss                                     0x20000054   Section    27000  usart.o(.bss)
    .bss                                     0x200069cc   Section       96  libspace.o(.bss)
    HEAP                                     0x20006a30   Section      512  startup_stm32f40_41xxx.o(HEAP)
    Heap_Mem                                 0x20006a30   Data         512  startup_stm32f40_41xxx.o(HEAP)
    STACK                                    0x20006c30   Section     1024  startup_stm32f40_41xxx.o(STACK)
    Stack_Mem                                0x20006c30   Data        1024  startup_stm32f40_41xxx.o(STACK)
    __initial_sp                             0x20007030   Data           0  startup_stm32f40_41xxx.o(STACK)

    Global Symbols

    Symbol Name                              Value     Ov Type        Size  Object(Section)

    BuildAttributes$$THM_ISAv4$E$P$D$K$B$S$7EM$VFPi3$EXTD16$VFPS$VFMA$PE$A:L22UL41UL21$X:L11$S22US41US21$IEEE1$IW$USESV6$~STKCKD$USESV7$~SHL$OSPACE$ROPI$EBA8$UX$STANDARDLIB$REQ8$PRES8$EABIv2 0x00000000   Number         0  anon$$obj.o ABSOLUTE
    __ARM_use_no_argv                        0x00000000   Number         0  main.o ABSOLUTE
    __ARM_exceptions_init                     - Undefined Weak Reference
    __alloca_initialize                       - Undefined Weak Reference
    __arm_preinit_                            - Undefined Weak Reference
    __cpp_initialize__aeabi_                  - Undefined Weak Reference
    __cxa_finalize                            - Undefined Weak Reference
    __sigvec_lookup                           - Undefined Weak Reference
    _atexit_init                              - Undefined Weak Reference
    _call_atexit_fns                          - Undefined Weak Reference
    _clock_init                               - Undefined Weak Reference
    _fp_trap_init                             - Undefined Weak Reference
    _fp_trap_shutdown                         - Undefined Weak Reference
    _get_lc_collate                           - Undefined Weak Reference
    _get_lc_monetary                          - Undefined Weak Reference
    _get_lc_numeric                           - Undefined Weak Reference
    _get_lc_time                              - Undefined Weak Reference
    _getenv_init                              - Undefined Weak Reference
    _handle_redirection                       - Undefined Weak Reference
    _init_alloc                               - Undefined Weak Reference
    _init_user_alloc                          - Undefined Weak Reference
    _initio                                   - Undefined Weak Reference
    _rand_init                                - Undefined Weak Reference
    _signal_finish                            - Undefined Weak Reference
    _signal_init                              - Undefined Weak Reference
    _terminate_alloc                          - Undefined Weak Reference
    _terminate_user_alloc                     - Undefined Weak Reference
    _terminateio                              - Undefined Weak Reference
    __Vectors_Size                           0x00000188   Number         0  startup_stm32f40_41xxx.o ABSOLUTE
    __Vectors                                0x08000000   Data           4  startup_stm32f40_41xxx.o(RESET)
    __Vectors_End                            0x08000188   Data           0  startup_stm32f40_41xxx.o(RESET)
    __main                                   0x08000189   Thumb Code     8  __main.o(!!!main)
    __scatterload                            0x08000191   Thumb Code     0  __scatter.o(!!!scatter)
    __scatterload_rt2                        0x08000191   Thumb Code    44  __scatter.o(!!!scatter)
    __scatterload_rt2_thumb_only             0x08000191   Thumb Code     0  __scatter.o(!!!scatter)
    __scatterload_null                       0x0800019f   Thumb Code     0  __scatter.o(!!!scatter)
    __scatterload_copy                       0x080001c5   Thumb Code    26  __scatter_copy.o(!!handler_copy)
    __scatterload_zeroinit                   0x080001e1   Thumb Code    28  __scatter_zi.o(!!handler_zi)
    __rt_lib_init                            0x080001fd   Thumb Code     0  libinit.o(.ARM.Collect$$libinit$$00000000)
    __rt_lib_init_fp_1                       0x080001ff   Thumb Code     0  libinit2.o(.ARM.Collect$$libinit$$00000001)
    __rt_lib_init_heap_1                     0x08000203   Thumb Code     0  libinit2.o(.ARM.Collect$$libinit$$0000000A)
    __rt_lib_init_lc_common                  0x08000203   Thumb Code     0  libinit2.o(.ARM.Collect$$libinit$$0000000F)
    __rt_lib_init_preinit_1                  0x08000203   Thumb Code     0  libinit2.o(.ARM.Collect$$libinit$$00000004)
    __rt_lib_init_rand_1                     0x08000203   Thumb Code     0  libinit2.o(.ARM.Collect$$libinit$$0000000E)
    __rt_lib_init_user_alloc_1               0x08000203   Thumb Code     0  libinit2.o(.ARM.Collect$$libinit$$0000000C)
    __rt_lib_init_lc_collate_1               0x08000209   Thumb Code     0  libinit2.o(.ARM.Collect$$libinit$$00000011)
    __rt_lib_init_lc_ctype_2                 0x08000209   Thumb Code     0  libinit2.o(.ARM.Collect$$libinit$$00000012)
    __rt_lib_init_alloca_1                   0x08000215   Thumb Code     0  libinit2.o(.ARM.Collect$$libinit$$0000002E)
    __rt_lib_init_argv_1                     0x08000215   Thumb Code     0  libinit2.o(.ARM.Collect$$libinit$$0000002C)
    __rt_lib_init_atexit_1                   0x08000215   Thumb Code     0  libinit2.o(.ARM.Collect$$libinit$$0000001B)
    __rt_lib_init_clock_1                    0x08000215   Thumb Code     0  libinit2.o(.ARM.Collect$$libinit$$00000021)
    __rt_lib_init_cpp_1                      0x08000215   Thumb Code     0  libinit2.o(.ARM.Collect$$libinit$$00000032)
    __rt_lib_init_exceptions_1               0x08000215   Thumb Code     0  libinit2.o(.ARM.Collect$$libinit$$00000030)
    __rt_lib_init_fp_trap_1                  0x08000215   Thumb Code     0  libinit2.o(.ARM.Collect$$libinit$$0000001F)
    __rt_lib_init_getenv_1                   0x08000215   Thumb Code     0  libinit2.o(.ARM.Collect$$libinit$$00000023)
    __rt_lib_init_lc_ctype_1                 0x08000215   Thumb Code     0  libinit2.o(.ARM.Collect$$libinit$$00000013)
    __rt_lib_init_lc_monetary_1              0x08000215   Thumb Code     0  libinit2.o(.ARM.Collect$$libinit$$00000015)
    __rt_lib_init_lc_numeric_1               0x08000215   Thumb Code     0  libinit2.o(.ARM.Collect$$libinit$$00000017)
    __rt_lib_init_lc_time_1                  0x08000215   Thumb Code     0  libinit2.o(.ARM.Collect$$libinit$$00000019)
    __rt_lib_init_return                     0x08000215   Thumb Code     0  libinit2.o(.ARM.Collect$$libinit$$00000033)
    __rt_lib_init_signal_1                   0x08000215   Thumb Code     0  libinit2.o(.ARM.Collect$$libinit$$0000001D)
    __rt_lib_init_stdio_1                    0x08000215   Thumb Code     0  libinit2.o(.ARM.Collect$$libinit$$00000025)
    __rt_lib_shutdown                        0x08000217   Thumb Code     0  libshutdown.o(.ARM.Collect$$libshutdown$$00000000)
    __rt_lib_shutdown_cpp_1                  0x08000219   Thumb Code     0  libshutdown2.o(.ARM.Collect$$libshutdown$$00000002)
    __rt_lib_shutdown_fp_trap_1              0x08000219   Thumb Code     0  libshutdown2.o(.ARM.Collect$$libshutdown$$00000007)
    __rt_lib_shutdown_heap_1                 0x08000219   Thumb Code     0  libshutdown2.o(.ARM.Collect$$libshutdown$$0000000F)
    __rt_lib_shutdown_return                 0x08000219   Thumb Code     0  libshutdown2.o(.ARM.Collect$$libshutdown$$00000010)
    __rt_lib_shutdown_signal_1               0x08000219   Thumb Code     0  libshutdown2.o(.ARM.Collect$$libshutdown$$0000000A)
    __rt_lib_shutdown_stdio_1                0x08000219   Thumb Code     0  libshutdown2.o(.ARM.Collect$$libshutdown$$00000004)
    __rt_lib_shutdown_user_alloc_1           0x08000219   Thumb Code     0  libshutdown2.o(.ARM.Collect$$libshutdown$$0000000C)
    __rt_entry                               0x0800021b   Thumb Code     0  __rtentry.o(.ARM.Collect$$rtentry$$00000000)
    __rt_entry_presh_1                       0x0800021b   Thumb Code     0  __rtentry2.o(.ARM.Collect$$rtentry$$00000002)
    __rt_entry_sh                            0x0800021b   Thumb Code     0  __rtentry4.o(.ARM.Collect$$rtentry$$00000004)
    __rt_entry_li                            0x08000221   Thumb Code     0  __rtentry2.o(.ARM.Collect$$rtentry$$0000000A)
    __rt_entry_postsh_1                      0x08000221   Thumb Code     0  __rtentry2.o(.ARM.Collect$$rtentry$$00000009)
    __rt_entry_main                          0x08000225   Thumb Code     0  __rtentry2.o(.ARM.Collect$$rtentry$$0000000D)
    __rt_entry_postli_1                      0x08000225   Thumb Code     0  __rtentry2.o(.ARM.Collect$$rtentry$$0000000C)
    __rt_exit                                0x0800022d   Thumb Code     0  rtexit.o(.ARM.Collect$$rtexit$$00000000)
    __rt_exit_ls                             0x0800022f   Thumb Code     0  rtexit2.o(.ARM.Collect$$rtexit$$00000003)
    __rt_exit_prels_1                        0x0800022f   Thumb Code     0  rtexit2.o(.ARM.Collect$$rtexit$$00000002)
    __rt_exit_exit                           0x08000233   Thumb Code     0  rtexit2.o(.ARM.Collect$$rtexit$$00000004)
    Reset_Handler                            0x08000239   Thumb Code     8  startup_stm32f40_41xxx.o(.text)
    NMI_Handler                              0x08000241   Thumb Code     2  startup_stm32f40_41xxx.o(.text)
    HardFault_Handler                        0x08000243   Thumb Code     2  startup_stm32f40_41xxx.o(.text)
    MemManage_Handler                        0x08000245   Thumb Code     2  startup_stm32f40_41xxx.o(.text)
    BusFault_Handler                         0x08000247   Thumb Code     2  startup_stm32f40_41xxx.o(.text)
    UsageFault_Handler                       0x08000249   Thumb Code     2  startup_stm32f40_41xxx.o(.text)
    SVC_Handler                              0x0800024b   Thumb Code     2  startup_stm32f40_41xxx.o(.text)
    DebugMon_Handler                         0x0800024d   Thumb Code     2  startup_stm32f40_41xxx.o(.text)
    PendSV_Handler                           0x0800024f   Thumb Code     2  startup_stm32f40_41xxx.o(.text)
    ADC_IRQHandler                           0x08000253   Thumb Code     0  startup_stm32f40_41xxx.o(.text)
    CAN1_RX0_IRQHandler                      0x08000253   Thumb Code     0  startup_stm32f40_41xxx.o(.text)
    CAN1_RX1_IRQHandler                      0x08000253   Thumb Code     0  startup_stm32f40_41xxx.o(.text)
    CAN1_SCE_IRQHandler                      0x08000253   Thumb Code     0  startup_stm32f40_41xxx.o(.text)
    CAN1_TX_IRQHandler                       0x08000253   Thumb Code     0  startup_stm32f40_41xxx.o(.text)
    CAN2_RX0_IRQHandler                      0x08000253   Thumb Code     0  startup_stm32f40_41xxx.o(.text)
    CAN2_RX1_IRQHandler                      0x08000253   Thumb Code     0  startup_stm32f40_41xxx.o(.text)
    CAN2_SCE_IRQHandler                      0x08000253   Thumb Code     0  startup_stm32f40_41xxx.o(.text)
    CAN2_TX_IRQHandler                       0x08000253   Thumb Code     0  startup_stm32f40_41xxx.o(.text)
    CRYP_IRQHandler                          0x08000253   Thumb Code     0  startup_stm32f40_41xxx.o(.text)
    DCMI_IRQHandler                          0x08000253   Thumb Code     0  startup_stm32f40_41xxx.o(.text)
    DMA1_Stream0_IRQHandler                  0x08000253   Thumb Code     0  startup_stm32f40_41xxx.o(.text)
    DMA1_Stream1_IRQHandler                  0x08000253   Thumb Code     0  startup_stm32f40_41xxx.o(.text)
    DMA1_Stream2_IRQHandler                  0x08000253   Thumb Code     0  startup_stm32f40_41xxx.o(.text)
    DMA1_Stream3_IRQHandler                  0x08000253   Thumb Code     0  startup_stm32f40_41xxx.o(.text)
    DMA1_Stream4_IRQHandler                  0x08000253   Thumb Code     0  startup_stm32f40_41xxx.o(.text)
    DMA1_Stream5_IRQHandler                  0x08000253   Thumb Code     0  startup_stm32f40_41xxx.o(.text)
    DMA1_Stream6_IRQHandler                  0x08000253   Thumb Code     0  startup_stm32f40_41xxx.o(.text)
    DMA1_Stream7_IRQHandler                  0x08000253   Thumb Code     0  startup_stm32f40_41xxx.o(.text)
    DMA2_Stream0_IRQHandler                  0x08000253   Thumb Code     0  startup_stm32f40_41xxx.o(.text)
    DMA2_Stream1_IRQHandler                  0x08000253   Thumb Code     0  startup_stm32f40_41xxx.o(.text)
    DMA2_Stream2_IRQHandler                  0x08000253   Thumb Code     0  startup_stm32f40_41xxx.o(.text)
    DMA2_Stream3_IRQHandler                  0x08000253   Thumb Code     0  startup_stm32f40_41xxx.o(.text)
    DMA2_Stream4_IRQHandler                  0x08000253   Thumb Code     0  startup_stm32f40_41xxx.o(.text)
    DMA2_Stream5_IRQHandler                  0x08000253   Thumb Code     0  startup_stm32f40_41xxx.o(.text)
    DMA2_Stream6_IRQHandler                  0x08000253   Thumb Code     0  startup_stm32f40_41xxx.o(.text)
    DMA2_Stream7_IRQHandler                  0x08000253   Thumb Code     0  startup_stm32f40_41xxx.o(.text)
    ETH_IRQHandler                           0x08000253   Thumb Code     0  startup_stm32f40_41xxx.o(.text)
    ETH_WKUP_IRQHandler                      0x08000253   Thumb Code     0  startup_stm32f40_41xxx.o(.text)
    EXTI0_IRQHandler                         0x08000253   Thumb Code     0  startup_stm32f40_41xxx.o(.text)
    EXTI15_10_IRQHandler                     0x08000253   Thumb Code     0  startup_stm32f40_41xxx.o(.text)
    EXTI1_IRQHandler                         0x08000253   Thumb Code     0  startup_stm32f40_41xxx.o(.text)
    EXTI2_IRQHandler                         0x08000253   Thumb Code     0  startup_stm32f40_41xxx.o(.text)
    EXTI3_IRQHandler                         0x08000253   Thumb Code     0  startup_stm32f40_41xxx.o(.text)
    EXTI4_IRQHandler                         0x08000253   Thumb Code     0  startup_stm32f40_41xxx.o(.text)
    EXTI9_5_IRQHandler                       0x08000253   Thumb Code     0  startup_stm32f40_41xxx.o(.text)
    FLASH_IRQHandler                         0x08000253   Thumb Code     0  startup_stm32f40_41xxx.o(.text)
    FPU_IRQHandler                           0x08000253   Thumb Code     0  startup_stm32f40_41xxx.o(.text)
    FSMC_IRQHandler                          0x08000253   Thumb Code     0  startup_stm32f40_41xxx.o(.text)
    HASH_RNG_IRQHandler                      0x08000253   Thumb Code     0  startup_stm32f40_41xxx.o(.text)
    I2C1_ER_IRQHandler                       0x08000253   Thumb Code     0  startup_stm32f40_41xxx.o(.text)
    I2C1_EV_IRQHandler                       0x08000253   Thumb Code     0  startup_stm32f40_41xxx.o(.text)
    I2C2_ER_IRQHandler                       0x08000253   Thumb Code     0  startup_stm32f40_41xxx.o(.text)
    I2C2_EV_IRQHandler                       0x08000253   Thumb Code     0  startup_stm32f40_41xxx.o(.text)
    I2C3_ER_IRQHandler                       0x08000253   Thumb Code     0  startup_stm32f40_41xxx.o(.text)
    I2C3_EV_IRQHandler                       0x08000253   Thumb Code     0  startup_stm32f40_41xxx.o(.text)
    OTG_FS_IRQHandler                        0x08000253   Thumb Code     0  startup_stm32f40_41xxx.o(.text)
    OTG_FS_WKUP_IRQHandler                   0x08000253   Thumb Code     0  startup_stm32f40_41xxx.o(.text)
    OTG_HS_EP1_IN_IRQHandler                 0x08000253   Thumb Code     0  startup_stm32f40_41xxx.o(.text)
    OTG_HS_EP1_OUT_IRQHandler                0x08000253   Thumb Code     0  startup_stm32f40_41xxx.o(.text)
    OTG_HS_IRQHandler                        0x08000253   Thumb Code     0  startup_stm32f40_41xxx.o(.text)
    OTG_HS_WKUP_IRQHandler                   0x08000253   Thumb Code     0  startup_stm32f40_41xxx.o(.text)
    PVD_IRQHandler                           0x08000253   Thumb Code     0  startup_stm32f40_41xxx.o(.text)
    RCC_IRQHandler                           0x08000253   Thumb Code     0  startup_stm32f40_41xxx.o(.text)
    RTC_Alarm_IRQHandler                     0x08000253   Thumb Code     0  startup_stm32f40_41xxx.o(.text)
    RTC_WKUP_IRQHandler                      0x08000253   Thumb Code     0  startup_stm32f40_41xxx.o(.text)
    SDIO_IRQHandler                          0x08000253   Thumb Code     0  startup_stm32f40_41xxx.o(.text)
    SPI1_IRQHandler                          0x08000253   Thumb Code     0  startup_stm32f40_41xxx.o(.text)
    SPI2_IRQHandler                          0x08000253   Thumb Code     0  startup_stm32f40_41xxx.o(.text)
    SPI3_IRQHandler                          0x08000253   Thumb Code     0  startup_stm32f40_41xxx.o(.text)
    TAMP_STAMP_IRQHandler                    0x08000253   Thumb Code     0  startup_stm32f40_41xxx.o(.text)
    TIM1_BRK_TIM9_IRQHandler                 0x08000253   Thumb Code     0  startup_stm32f40_41xxx.o(.text)
    TIM1_CC_IRQHandler                       0x08000253   Thumb Code     0  startup_stm32f40_41xxx.o(.text)
    TIM1_TRG_COM_TIM11_IRQHandler            0x08000253   Thumb Code     0  startup_stm32f40_41xxx.o(.text)
    TIM1_UP_TIM10_IRQHandler                 0x08000253   Thumb Code     0  startup_stm32f40_41xxx.o(.text)
    TIM3_IRQHandler                          0x08000253   Thumb Code     0  startup_stm32f40_41xxx.o(.text)
    TIM4_IRQHandler                          0x08000253   Thumb Code     0  startup_stm32f40_41xxx.o(.text)
    TIM5_IRQHandler                          0x08000253   Thumb Code     0  startup_stm32f40_41xxx.o(.text)
    TIM6_DAC_IRQHandler                      0x08000253   Thumb Code     0  startup_stm32f40_41xxx.o(.text)
    TIM7_IRQHandler                          0x08000253   Thumb Code     0  startup_stm32f40_41xxx.o(.text)
    TIM8_BRK_TIM12_IRQHandler                0x08000253   Thumb Code     0  startup_stm32f40_41xxx.o(.text)
    TIM8_CC_IRQHandler                       0x08000253   Thumb Code     0  startup_stm32f40_41xxx.o(.text)
    TIM8_TRG_COM_TIM14_IRQHandler            0x08000253   Thumb Code     0  startup_stm32f40_41xxx.o(.text)
    TIM8_UP_TIM13_IRQHandler                 0x08000253   Thumb Code     0  startup_stm32f40_41xxx.o(.text)
    UART4_IRQHandler                         0x08000253   Thumb Code     0  startup_stm32f40_41xxx.o(.text)
    UART5_IRQHandler                         0x08000253   Thumb Code     0  startup_stm32f40_41xxx.o(.text)
    USART2_IRQHandler                        0x08000253   Thumb Code     0  startup_stm32f40_41xxx.o(.text)
    USART3_IRQHandler                        0x08000253   Thumb Code     0  startup_stm32f40_41xxx.o(.text)
    WWDG_IRQHandler                          0x08000253   Thumb Code     0  startup_stm32f40_41xxx.o(.text)
    __user_initial_stackheap                 0x08000255   Thumb Code     0  startup_stm32f40_41xxx.o(.text)
    strtol                                   0x08000279   Thumb Code   112  strtol.o(.text)
    __use_two_region_memory                  0x080002e9   Thumb Code     2  heapauxi.o(.text)
    __rt_heap_escrow$2region                 0x080002eb   Thumb Code     2  heapauxi.o(.text)
    __rt_heap_expand$2region                 0x080002ed   Thumb Code     2  heapauxi.o(.text)
    __rt_ctype_table                         0x080002f1   Thumb Code    16  rt_ctype_table.o(.text)
    __aeabi_errno_addr                       0x08000301   Thumb Code     8  rt_errno_addr_intlibspace.o(.text)
    __errno$intlibspace                      0x08000301   Thumb Code     0  rt_errno_addr_intlibspace.o(.text)
    __rt_errno_addr$intlibspace              0x08000301   Thumb Code     0  rt_errno_addr_intlibspace.o(.text)
    _strtoul                                 0x08000309   Thumb Code   158  _strtoul.o(.text)
    __user_libspace                          0x080003a9   Thumb Code     8  libspace.o(.text)
    __user_perproc_libspace                  0x080003a9   Thumb Code     0  libspace.o(.text)
    __user_perthread_libspace                0x080003a9   Thumb Code     0  libspace.o(.text)
    __rt_locale                              0x080003b1   Thumb Code     8  rt_locale_intlibspace.o(.text)
    _chval                                   0x080003b9   Thumb Code    28  _chval.o(.text)
    __user_setup_stackheap                   0x080003d5   Thumb Code    74  sys_stackheap_outer.o(.text)
    exit                                     0x0800041f   Thumb Code    18  exit.o(.text)
    strcmp                                   0x08000431   Thumb Code   128  strcmpv7m.o(.text)
    _sys_exit                                0x080004b1   Thumb Code     8  sys_exit.o(.text)
    __I$use$semihosting                      0x080004bd   Thumb Code     0  use_no_semi.o(.text)
    __use_no_semihosting_swi                 0x080004bd   Thumb Code     2  use_no_semi.o(.text)
    __semihosting_library_function           0x080004bf   Thumb Code     0  indicate_semi.o(.text)
    ADC1_Init                                0x080004c1   Thumb Code   100  lm35dz.o(i.ADC1_Init)
    ADC_Cmd                                  0x0800052d   Thumb Code    22  stm32f4xx_adc.o(i.ADC_Cmd)
    ADC_GetConversionValue                   0x08000543   Thumb Code     8  stm32f4xx_adc.o(i.ADC_GetConversionValue)
    ADC_Init                                 0x0800054d   Thumb Code    74  stm32f4xx_adc.o(i.ADC_Init)
    ADC_RegularChannelConfig                 0x080005a1   Thumb Code   184  stm32f4xx_adc.o(i.ADC_RegularChannelConfig)
    ADC_SoftwareStartConv                    0x08000659   Thumb Code    10  stm32f4xx_adc.o(i.ADC_SoftwareStartConv)
    ADC_StructInit                           0x08000663   Thumb Code    20  stm32f4xx_adc.o(i.ADC_StructInit)
    All_OFF                                  0x08000679   Thumb Code    24  pwm.o(i.All_OFF)
    DS_temp                                  0x08000699   Thumb Code   260  ds18b20.o(i.DS_temp)
    GPIO_Init                                0x080007a5   Thumb Code   144  stm32f4xx_gpio.o(i.GPIO_Init)
    GPIO_PinAFConfig                         0x08000835   Thumb Code    70  stm32f4xx_gpio.o(i.GPIO_PinAFConfig)
    GPIO_ReadInputDataBit                    0x0800087b   Thumb Code    18  stm32f4xx_gpio.o(i.GPIO_ReadInputDataBit)
    GPIO_ReadOutputDataBit                   0x0800088d   Thumb Code    18  stm32f4xx_gpio.o(i.GPIO_ReadOutputDataBit)
    GPIO_ResetBits                           0x0800089f   Thumb Code     4  stm32f4xx_gpio.o(i.GPIO_ResetBits)
    GPIO_SetBits                             0x080008a3   Thumb Code     4  stm32f4xx_gpio.o(i.GPIO_SetBits)
    GPIO_WriteBit                            0x080008a7   Thumb Code    10  stm32f4xx_gpio.o(i.GPIO_WriteBit)
    I2C_AcknowledgeConfig                    0x080008b1   Thumb Code    24  stm32f4xx_i2c.o(i.I2C_AcknowledgeConfig)
    I2C_CheckEvent                           0x080008c9   Thumb Code    42  stm32f4xx_i2c.o(i.I2C_CheckEvent)
    I2C_Cmd                                  0x080008f3   Thumb Code    24  stm32f4xx_i2c.o(i.I2C_Cmd)
    I2C_GenerateSTART                        0x0800090b   Thumb Code    24  stm32f4xx_i2c.o(i.I2C_GenerateSTART)
    I2C_GenerateSTOP                         0x08000923   Thumb Code    24  stm32f4xx_i2c.o(i.I2C_GenerateSTOP)
    I2C_GetFlagStatus                        0x0800093b   Thumb Code    58  stm32f4xx_i2c.o(i.I2C_GetFlagStatus)
    I2C_Init                                 0x08000975   Thumb Code   218  stm32f4xx_i2c.o(i.I2C_Init)
    I2C_ReceiveData                          0x08000a5d   Thumb Code     8  stm32f4xx_i2c.o(i.I2C_ReceiveData)
    I2C_Send7bitAddress                      0x08000a65   Thumb Code    16  stm32f4xx_i2c.o(i.I2C_Send7bitAddress)
    I2C_SendData                             0x08000a75   Thumb Code     4  stm32f4xx_i2c.o(i.I2C_SendData)
    Init_I2C_GPIO                            0x08000a79   Thumb Code   142  tmp101.o(i.Init_I2C_GPIO)
    Init_PWM1                                0x08000b15   Thumb Code   248  pwm.o(i.Init_PWM1)
    Init_PWM2                                0x08000c19   Thumb Code   290  pwm.o(i.Init_PWM2)
    LM_temp                                  0x08000d4d   Thumb Code    64  lm35dz.o(i.LM_temp)
    NVIC_Init                                0x08000dc9   Thumb Code   106  misc.o(i.NVIC_Init)
    RCC_AHB1PeriphClockCmd                   0x08000e41   Thumb Code    26  stm32f4xx_rcc.o(i.RCC_AHB1PeriphClockCmd)
    RCC_APB1PeriphClockCmd                   0x08000e61   Thumb Code    26  stm32f4xx_rcc.o(i.RCC_APB1PeriphClockCmd)
    RCC_APB2PeriphClockCmd                   0x08000e81   Thumb Code    26  stm32f4xx_rcc.o(i.RCC_APB2PeriphClockCmd)
    RCC_GetClocksFreq                        0x08000ea1   Thumb Code   214  stm32f4xx_rcc.o(i.RCC_GetClocksFreq)
    SPI1_Init                                0x08000f89   Thumb Code   192  max6682.o(i.SPI1_Init)
    SPI2_Init                                0x08001051   Thumb Code   196  max6675.o(i.SPI2_Init)
    SPI_BiDirectionalLineConfig              0x0800111d   Thumb Code    28  stm32f4xx_spi.o(i.SPI_BiDirectionalLineConfig)
    SPI_Cmd                                  0x08001139   Thumb Code    24  stm32f4xx_spi.o(i.SPI_Cmd)
    SPI_I2S_GetFlagStatus                    0x08001151   Thumb Code    18  stm32f4xx_spi.o(i.SPI_I2S_GetFlagStatus)
    SPI_I2S_ReceiveData                      0x08001163   Thumb Code     6  stm32f4xx_spi.o(i.SPI_I2S_ReceiveData)
    SPI_I2S_SendData                         0x08001169   Thumb Code     4  stm32f4xx_spi.o(i.SPI_I2S_SendData)
    SPI_Init                                 0x0800116d   Thumb Code    60  stm32f4xx_spi.o(i.SPI_Init)
    SysTick_Handler                          0x08001295   Thumb Code     8  delay.o(i.SysTick_Handler)
    SysTick_Init                             0x0800129d   Thumb Code    88  delay.o(i.SysTick_Init)
    SystemInit                               0x08001305   Thumb Code    88  system_stm32f4xx.o(i.SystemInit)
    TIM2_IRQHandler                          0x0800136d   Thumb Code    32  timer.o(i.TIM2_IRQHandler)
    TIM_ARRPreloadConfig                     0x08001391   Thumb Code    24  stm32f4xx_tim.o(i.TIM_ARRPreloadConfig)
    TIM_ClearITPendingBit                    0x080013a9   Thumb Code     6  stm32f4xx_tim.o(i.TIM_ClearITPendingBit)
    TIM_Cmd                                  0x080013af   Thumb Code    24  stm32f4xx_tim.o(i.TIM_Cmd)
    TIM_GetITStatus                          0x080013c7   Thumb Code    34  stm32f4xx_tim.o(i.TIM_GetITStatus)
    TIM_ITConfig                             0x080013e9   Thumb Code    18  stm32f4xx_tim.o(i.TIM_ITConfig)
    TIM_OC2Init                              0x080013fd   Thumb Code   154  stm32f4xx_tim.o(i.TIM_OC2Init)
    TIM_OC2PreloadConfig                     0x080014a1   Thumb Code    26  stm32f4xx_tim.o(i.TIM_OC2PreloadConfig)
    TIM_OC3Init                              0x080014bd   Thumb Code   150  stm32f4xx_tim.o(i.TIM_OC3Init)
    TIM_OC3PreloadConfig                     0x0800155d   Thumb Code    18  stm32f4xx_tim.o(i.TIM_OC3PreloadConfig)
    TIM_TimeBaseInit                         0x08001571   Thumb Code   104  stm32f4xx_tim.o(i.TIM_TimeBaseInit)
    TimeTick_Decrement                       0x080015f5   Thumb Code    18  delay.o(i.TimeTick_Decrement)
    USART1_IRQHandler                        0x0800160d   Thumb Code   102  usart.o(i.USART1_IRQHandler)
    USART6_Dequeue                           0x08001689   Thumb Code    78  usart.o(i.USART6_Dequeue)
    USART6_IRQHandler                        0x080016e5   Thumb Code   150  usart.o(i.USART6_IRQHandler)
    USART6_Init                              0x0800179d   Thumb Code   204  usart.o(i.USART6_Init)
    USART_ClearITPendingBit                  0x0800187d   Thumb Code    30  stm32f4xx_usart.o(i.USART_ClearITPendingBit)
    USART_Cmd                                0x0800189b   Thumb Code    24  stm32f4xx_usart.o(i.USART_Cmd)
    USART_GetITStatus                        0x080018b3   Thumb Code    84  stm32f4xx_usart.o(i.USART_GetITStatus)
    USART_ITConfig                           0x08001907   Thumb Code    74  stm32f4xx_usart.o(i.USART_ITConfig)
    USART_Init                               0x08001951   Thumb Code   204  stm32f4xx_usart.o(i.USART_Init)
    USART_ReceiveData                        0x08001a25   Thumb Code    10  stm32f4xx_usart.o(i.USART_ReceiveData)
    USART_SendData                           0x08001a2f   Thumb Code     8  stm32f4xx_usart.o(i.USART_SendData)
    calculateCRC                             0x08001a37   Thumb Code   168  packing.o(i.calculateCRC)
    delay_nus                                0x08001ae1   Thumb Code    22  delay.o(i.delay_nus)
    ds18b20_temp                             0x08001afd   Thumb Code    24  dataorganization.o(i.ds18b20_temp)
    empty_buffer                             0x08001b15   Thumb Code    26  usart.o(i.empty_buffer)
    fillBuffer                               0x08001b35   Thumb Code    62  usart.o(i.fillBuffer)
    getOpcode                                0x08001b81   Thumb Code    28  packing.o(i.getOpcode)
    get_temp                                 0x08001b9d   Thumb Code   382  dataorganization.o(i.get_temp)
    gnico001_temp                            0x08001d21   Thumb Code    18  dataorganization.o(i.gnico001_temp)
    gpio_init                                0x08001d3d   Thumb Code    46  ds18b20.o(i.gpio_init)
    i2c_write                                0x08001d71   Thumb Code    30  tmp101.o(i.i2c_write)
    lm35dz_temp                              0x08001d95   Thumb Code    24  dataorganization.o(i.lm35dz_temp)
    main                                     0x08001db1   Thumb Code   154  main.o(i.main)
    max6675_temp                             0x08001e55   Thumb Code    24  dataorganization.o(i.max6675_temp)
    max6675temp                              0x08001e71   Thumb Code   112  max6675.o(i.max6675temp)
    max6682_temp                             0x08001ef1   Thumb Code    18  dataorganization.o(i.max6682_temp)
    pop_Buffer                               0x08001f0d   Thumb Code    80  usart.o(i.pop_Buffer)
    read                                     0x08001f65   Thumb Code    96  ds18b20.o(i.read)
    readRequest                              0x08001fc9   Thumb Code    70  usart.o(i.readRequest)
    read_ack                                 0x08002019   Thumb Code    38  tmp101.o(i.read_ack)
    read_nack                                0x08002045   Thumb Code    46  tmp101.o(i.read_nack)
    reset                                    0x08002079   Thumb Code   100  ds18b20.o(i.reset)
    reset_pins                               0x080020e1   Thumb Code   160  pwm.o(i.reset_pins)
    returnPacked                             0x08002189   Thumb Code   262  packing.o(i.returnPacked)
    sendData                                 0x08002291   Thumb Code    30  usart.o(i.sendData)
    start_rec                                0x080022b9   Thumb Code    56  tmp101.o(i.start_rec)
    start_trans                              0x080022f5   Thumb Code    70  tmp101.o(i.start_trans)
    timer2_get_millisec                      0x08002345   Thumb Code    46  timer.o(i.timer2_get_millisec)
    timer2_init                              0x0800237d   Thumb Code   130  timer.o(i.timer2_init)
    timer2_wait_millisec                     0x08002405   Thumb Code    38  timer.o(i.timer2_wait_millisec)
    tmp101_init                              0x0800242d   Thumb Code    46  tmp101.o(i.tmp101_init)
    tmp101_temp                              0x08002461   Thumb Code    30  dataorganization.o(i.tmp101_temp)
    tmp_temp                                 0x08002485   Thumb Code    96  tmp101.o(i.tmp_temp)
    usart1_init                              0x080024f1   Thumb Code   212  usart.o(i.usart1_init)
    write                                    0x080025e1   Thumb Code   126  ds18b20.o(i.write)
    _get_lc_ctype                            0x08002665   Thumb Code    44  lc_ctype_c.o(locale$$code)
    __aeabi_d2f                              0x08002691   Thumb Code     0  d2f.o(x$fpl$d2f)
    _d2f                                     0x08002691   Thumb Code    98  d2f.o(x$fpl$d2f)
    __aeabi_i2d                              0x080026f3   Thumb Code     0  dflt_clz.o(x$fpl$dflt)
    _dflt                                    0x080026f3   Thumb Code    46  dflt_clz.o(x$fpl$dflt)
    __aeabi_ui2d                             0x08002721   Thumb Code     0  dflt_clz.o(x$fpl$dfltu)
    _dfltu                                   0x08002721   Thumb Code    38  dflt_clz.o(x$fpl$dfltu)
    __aeabi_dmul                             0x08002749   Thumb Code     0  dmul.o(x$fpl$dmul)
    _dmul                                    0x08002749   Thumb Code   332  dmul.o(x$fpl$dmul)
    __fpl_dnaninf                            0x0800289d   Thumb Code   156  dnaninf.o(x$fpl$dnaninf)
    __fpl_dretinf                            0x08002939   Thumb Code    12  dretinf.o(x$fpl$dretinf)
    _fp_init                                 0x08002945   Thumb Code    10  fpinit.o(x$fpl$fpinit)
    __fplib_config_fpu_vfp                   0x0800294d   Thumb Code     0  fpinit.o(x$fpl$fpinit)
    __fplib_config_pureend_doubles           0x0800294d   Thumb Code     0  fpinit.o(x$fpl$fpinit)
    __fpl_fretinf                            0x0800294f   Thumb Code    10  fretinf.o(x$fpl$fretinf)
    Region$$Table$$Base                      0x08002958   Number         0  anon$$obj.o(Region$$Table)
    __I$use$fp                               0x08002958   Number         0  usenofp.o(x$fpl$usenofp)
    Region$$Table$$Limit                     0x08002978   Number         0  anon$$obj.o(Region$$Table)
    __ctype                                  0x08002985   Data           0  lc_ctype_c.o(locale$$data)
    SystemCoreClock                          0x20000000   Data           4  system_stm32f4xx.o(.data)
    AHBPrescTable                            0x20000004   Data          16  system_stm32f4xx.o(.data)
    head_request                             0x20000024   Data           4  usart.o(.data)
    tail_request                             0x20000028   Data           4  usart.o(.data)
    head                                     0x2000002c   Data           4  usart.o(.data)
    tail                                     0x20000030   Data           4  usart.o(.data)
    txReady                                  0x20000034   Data           4  usart.o(.data)
    request_ready                            0x20000038   Data           4  usart.o(.data)
    temp                                     0x2000003c   Data           4  usart.o(.data)
    RX_BUFFER_HEAD                           0x20000040   Data           4  usart.o(.data)
    RX_BUFFER_TAIL                           0x20000044   Data           4  usart.o(.data)
    TxReady                                  0x20000048   Data           1  usart.o(.data)
    timer2_Ticks_Millisec                    0x2000004c   Data           4  timer.o(.data)
    request_buffer                           0x20000054   Data        9000  usart.o(.bss)
    buffer                                   0x2000237c   Data        9000  usart.o(.bss)
    RX_BUFFER                                0x200046a4   Data        9000  usart.o(.bss)
    __libspace_start                         0x200069cc   Data          96  libspace.o(.bss)
    __temporary_stack_top$libspace           0x20006a2c   Data           0  libspace.o(.bss)



==============================================================================

Memory Map of the image

  Image Entry point : 0x08000239

  Load Region LR_1 (Base: 0x08000000, Size: 0x00002adc, Max: 0xffffffff, ABSOLUTE)

    Execution Region ER_RO (Exec base: 0x08000000, Load base: 0x08000000, Size: 0x00002a88, Max: 0xffffffff, ABSOLUTE)

    Exec Addr    Load Addr    Size         Type   Attr      Idx    E Section Name        Object

    0x08000000   0x08000000   0x00000188   Data   RO            3    RESET               startup_stm32f40_41xxx.o
    0x08000188   0x08000188   0x00000008   Code   RO         3174  * !!!main             c_w.l(__main.o)
    0x08000190   0x08000190   0x00000034   Code   RO         3369    !!!scatter          c_w.l(__scatter.o)
    0x080001c4   0x080001c4   0x0000001a   Code   RO         3371    !!handler_copy      c_w.l(__scatter_copy.o)
    0x080001de   0x080001de   0x00000002   PAD
    0x080001e0   0x080001e0   0x0000001c   Code   RO         3373    !!handler_zi        c_w.l(__scatter_zi.o)
    0x080001fc   0x080001fc   0x00000002   Code   RO         3242    .ARM.Collect$$libinit$$00000000  c_w.l(libinit.o)
    0x080001fe   0x080001fe   0x00000004   Code   RO         3243    .ARM.Collect$$libinit$$00000001  c_w.l(libinit2.o)
    0x08000202   0x08000202   0x00000000   Code   RO         3246    .ARM.Collect$$libinit$$00000004  c_w.l(libinit2.o)
    0x08000202   0x08000202   0x00000000   Code   RO         3249    .ARM.Collect$$libinit$$0000000A  c_w.l(libinit2.o)
    0x08000202   0x08000202   0x00000000   Code   RO         3251    .ARM.Collect$$libinit$$0000000C  c_w.l(libinit2.o)
    0x08000202   0x08000202   0x00000000   Code   RO         3253    .ARM.Collect$$libinit$$0000000E  c_w.l(libinit2.o)
    0x08000202   0x08000202   0x00000006   Code   RO         3254    .ARM.Collect$$libinit$$0000000F  c_w.l(libinit2.o)
    0x08000208   0x08000208   0x00000000   Code   RO         3256    .ARM.Collect$$libinit$$00000011  c_w.l(libinit2.o)
    0x08000208   0x08000208   0x0000000c   Code   RO         3257    .ARM.Collect$$libinit$$00000012  c_w.l(libinit2.o)
    0x08000214   0x08000214   0x00000000   Code   RO         3258    .ARM.Collect$$libinit$$00000013  c_w.l(libinit2.o)
    0x08000214   0x08000214   0x00000000   Code   RO         3260    .ARM.Collect$$libinit$$00000015  c_w.l(libinit2.o)
    0x08000214   0x08000214   0x00000000   Code   RO         3262    .ARM.Collect$$libinit$$00000017  c_w.l(libinit2.o)
    0x08000214   0x08000214   0x00000000   Code   RO         3264    .ARM.Collect$$libinit$$00000019  c_w.l(libinit2.o)
    0x08000214   0x08000214   0x00000000   Code   RO         3266    .ARM.Collect$$libinit$$0000001B  c_w.l(libinit2.o)
    0x08000214   0x08000214   0x00000000   Code   RO         3268    .ARM.Collect$$libinit$$0000001D  c_w.l(libinit2.o)
    0x08000214   0x08000214   0x00000000   Code   RO         3270    .ARM.Collect$$libinit$$0000001F  c_w.l(libinit2.o)
    0x08000214   0x08000214   0x00000000   Code   RO         3272    .ARM.Collect$$libinit$$00000021  c_w.l(libinit2.o)
    0x08000214   0x08000214   0x00000000   Code   RO         3274    .ARM.Collect$$libinit$$00000023  c_w.l(libinit2.o)
    0x08000214   0x08000214   0x00000000   Code   RO         3276    .ARM.Collect$$libinit$$00000025  c_w.l(libinit2.o)
    0x08000214   0x08000214   0x00000000   Code   RO         3280    .ARM.Collect$$libinit$$0000002C  c_w.l(libinit2.o)
    0x08000214   0x08000214   0x00000000   Code   RO         3282    .ARM.Collect$$libinit$$0000002E  c_w.l(libinit2.o)
    0x08000214   0x08000214   0x00000000   Code   RO         3284    .ARM.Collect$$libinit$$00000030  c_w.l(libinit2.o)
    0x08000214   0x08000214   0x00000000   Code   RO         3286    .ARM.Collect$$libinit$$00000032  c_w.l(libinit2.o)
    0x08000214   0x08000214   0x00000002   Code   RO         3287    .ARM.Collect$$libinit$$00000033  c_w.l(libinit2.o)
    0x08000216   0x08000216   0x00000002   Code   RO         3317    .ARM.Collect$$libshutdown$$00000000  c_w.l(libshutdown.o)
    0x08000218   0x08000218   0x00000000   Code   RO         3328    .ARM.Collect$$libshutdown$$00000002  c_w.l(libshutdown2.o)
    0x08000218   0x08000218   0x00000000   Code   RO         3330    .ARM.Collect$$libshutdown$$00000004  c_w.l(libshutdown2.o)
    0x08000218   0x08000218   0x00000000   Code   RO         3333    .ARM.Collect$$libshutdown$$00000007  c_w.l(libshutdown2.o)
    0x08000218   0x08000218   0x00000000   Code   RO         3336    .ARM.Collect$$libshutdown$$0000000A  c_w.l(libshutdown2.o)
    0x08000218   0x08000218   0x00000000   Code   RO         3338    .ARM.Collect$$libshutdown$$0000000C  c_w.l(libshutdown2.o)
    0x08000218   0x08000218   0x00000000   Code   RO         3341    .ARM.Collect$$libshutdown$$0000000F  c_w.l(libshutdown2.o)
    0x08000218   0x08000218   0x00000002   Code   RO         3342    .ARM.Collect$$libshutdown$$00000010  c_w.l(libshutdown2.o)
    0x0800021a   0x0800021a   0x00000000   Code   RO         3186    .ARM.Collect$$rtentry$$00000000  c_w.l(__rtentry.o)
    0x0800021a   0x0800021a   0x00000000   Code   RO         3207    .ARM.Collect$$rtentry$$00000002  c_w.l(__rtentry2.o)
    0x0800021a   0x0800021a   0x00000006   Code   RO         3219    .ARM.Collect$$rtentry$$00000004  c_w.l(__rtentry4.o)
    0x08000220   0x08000220   0x00000000   Code   RO         3209    .ARM.Collect$$rtentry$$00000009  c_w.l(__rtentry2.o)
    0x08000220   0x08000220   0x00000004   Code   RO         3210    .ARM.Collect$$rtentry$$0000000A  c_w.l(__rtentry2.o)
    0x08000224   0x08000224   0x00000000   Code   RO         3212    .ARM.Collect$$rtentry$$0000000C  c_w.l(__rtentry2.o)
    0x08000224   0x08000224   0x00000008   Code   RO         3213    .ARM.Collect$$rtentry$$0000000D  c_w.l(__rtentry2.o)
    0x0800022c   0x0800022c   0x00000002   Code   RO         3288    .ARM.Collect$$rtexit$$00000000  c_w.l(rtexit.o)
    0x0800022e   0x0800022e   0x00000000   Code   RO         3295    .ARM.Collect$$rtexit$$00000002  c_w.l(rtexit2.o)
    0x0800022e   0x0800022e   0x00000004   Code   RO         3296    .ARM.Collect$$rtexit$$00000003  c_w.l(rtexit2.o)
    0x08000232   0x08000232   0x00000006   Code   RO         3297    .ARM.Collect$$rtexit$$00000004  c_w.l(rtexit2.o)
    0x08000238   0x08000238   0x00000040   Code   RO            4  * .text               startup_stm32f40_41xxx.o
    0x08000278   0x08000278   0x00000070   Code   RO         3170    .text               c_w.l(strtol.o)
    0x080002e8   0x080002e8   0x00000006   Code   RO         3172    .text               c_w.l(heapauxi.o)
    0x080002ee   0x080002ee   0x00000002   PAD
    0x080002f0   0x080002f0   0x00000010   Code   RO         3187    .text               c_w.l(rt_ctype_table.o)
    0x08000300   0x08000300   0x00000008   Code   RO         3192    .text               c_w.l(rt_errno_addr_intlibspace.o)
    0x08000308   0x08000308   0x0000009e   Code   RO         3194    .text               c_w.l(_strtoul.o)
    0x080003a6   0x080003a6   0x00000002   PAD
    0x080003a8   0x080003a8   0x00000008   Code   RO         3203    .text               c_w.l(libspace.o)
    0x080003b0   0x080003b0   0x00000008   Code   RO         3224    .text               c_w.l(rt_locale_intlibspace.o)
    0x080003b8   0x080003b8   0x0000001c   Code   RO         3226    .text               c_w.l(_chval.o)
    0x080003d4   0x080003d4   0x0000004a   Code   RO         3231    .text               c_w.l(sys_stackheap_outer.o)
    0x0800041e   0x0800041e   0x00000012   Code   RO         3233    .text               c_w.l(exit.o)
    0x08000430   0x08000430   0x00000080   Code   RO         3235    .text               c_w.l(strcmpv7m.o)
    0x080004b0   0x080004b0   0x0000000c   Code   RO         3307    .text               c_w.l(sys_exit.o)
    0x080004bc   0x080004bc   0x00000002   Code   RO         3318    .text               c_w.l(use_no_semi.o)
    0x080004be   0x080004be   0x00000000   Code   RO         3320    .text               c_w.l(indicate_semi.o)
    0x080004be   0x080004be   0x00000002   PAD
    0x080004c0   0x080004c0   0x0000006c   Code   RO         1640    i.ADC1_Init         lm35dz.o
    0x0800052c   0x0800052c   0x00000016   Code   RO         1868    i.ADC_Cmd           Template.lib(stm32f4xx_adc.o)
    0x08000542   0x08000542   0x00000008   Code   RO         1880    i.ADC_GetConversionValue  Template.lib(stm32f4xx_adc.o)
    0x0800054a   0x0800054a   0x00000002   PAD
    0x0800054c   0x0800054c   0x00000054   Code   RO         1888    i.ADC_Init          Template.lib(stm32f4xx_adc.o)
    0x080005a0   0x080005a0   0x000000b8   Code   RO         1893    i.ADC_RegularChannelConfig  Template.lib(stm32f4xx_adc.o)
    0x08000658   0x08000658   0x0000000a   Code   RO         1895    i.ADC_SoftwareStartConv  Template.lib(stm32f4xx_adc.o)
    0x08000662   0x08000662   0x00000014   Code   RO         1897    i.ADC_StructInit    Template.lib(stm32f4xx_adc.o)
    0x08000676   0x08000676   0x00000002   PAD
    0x08000678   0x08000678   0x00000020   Code   RO         1805    i.All_OFF           pwm.o
    0x08000698   0x08000698   0x0000010c   Code   RO         1579    i.DS_temp           ds18b20.o
    0x080007a4   0x080007a4   0x00000090   Code   RO          330    i.GPIO_Init         stm32f4xx_gpio.o
    0x08000834   0x08000834   0x00000046   Code   RO          331    i.GPIO_PinAFConfig  stm32f4xx_gpio.o
    0x0800087a   0x0800087a   0x00000012   Code   RO          334    i.GPIO_ReadInputDataBit  stm32f4xx_gpio.o
    0x0800088c   0x0800088c   0x00000012   Code   RO          336    i.GPIO_ReadOutputDataBit  stm32f4xx_gpio.o
    0x0800089e   0x0800089e   0x00000004   Code   RO          337    i.GPIO_ResetBits    stm32f4xx_gpio.o
    0x080008a2   0x080008a2   0x00000004   Code   RO          338    i.GPIO_SetBits      stm32f4xx_gpio.o
    0x080008a6   0x080008a6   0x0000000a   Code   RO          342    i.GPIO_WriteBit     stm32f4xx_gpio.o
    0x080008b0   0x080008b0   0x00000018   Code   RO         2210    i.I2C_AcknowledgeConfig  Template.lib(stm32f4xx_i2c.o)
    0x080008c8   0x080008c8   0x0000002a   Code   RO         2213    i.I2C_CheckEvent    Template.lib(stm32f4xx_i2c.o)
    0x080008f2   0x080008f2   0x00000018   Code   RO         2216    i.I2C_Cmd           Template.lib(stm32f4xx_i2c.o)
    0x0800090a   0x0800090a   0x00000018   Code   RO         2224    i.I2C_GenerateSTART  Template.lib(stm32f4xx_i2c.o)
    0x08000922   0x08000922   0x00000018   Code   RO         2225    i.I2C_GenerateSTOP  Template.lib(stm32f4xx_i2c.o)
    0x0800093a   0x0800093a   0x0000003a   Code   RO         2226    i.I2C_GetFlagStatus  Template.lib(stm32f4xx_i2c.o)
    0x08000974   0x08000974   0x000000e8   Code   RO         2231    i.I2C_Init          Template.lib(stm32f4xx_i2c.o)
    0x08000a5c   0x08000a5c   0x00000008   Code   RO         2236    i.I2C_ReceiveData   Template.lib(stm32f4xx_i2c.o)
    0x08000a64   0x08000a64   0x00000010   Code   RO         2238    i.I2C_Send7bitAddress  Template.lib(stm32f4xx_i2c.o)
    0x08000a74   0x08000a74   0x00000004   Code   RO         2239    i.I2C_SendData      Template.lib(stm32f4xx_i2c.o)
    0x08000a78   0x08000a78   0x0000009c   Code   RO         1670    i.Init_I2C_GPIO     tmp101.o
    0x08000b14   0x08000b14   0x00000104   Code   RO         1806    i.Init_PWM1         pwm.o
    0x08000c18   0x08000c18   0x00000134   Code   RO         1807    i.Init_PWM2         pwm.o
    0x08000d4c   0x08000d4c   0x0000004c   Code   RO         1641    i.LM_temp           lm35dz.o
    0x08000d98   0x08000d98   0x00000018   Code   RO         1327    i.NVIC_DisableIRQ   usart.o
    0x08000db0   0x08000db0   0x00000016   Code   RO         1328    i.NVIC_EnableIRQ    usart.o
    0x08000dc6   0x08000dc6   0x00000002   PAD
    0x08000dc8   0x08000dc8   0x00000078   Code   RO          999    i.NVIC_Init         misc.o
    0x08000e40   0x08000e40   0x00000020   Code   RO          469    i.RCC_AHB1PeriphClockCmd  stm32f4xx_rcc.o
    0x08000e60   0x08000e60   0x00000020   Code   RO          478    i.RCC_APB1PeriphClockCmd  stm32f4xx_rcc.o
    0x08000e80   0x08000e80   0x00000020   Code   RO          481    i.RCC_APB2PeriphClockCmd  stm32f4xx_rcc.o
    0x08000ea0   0x08000ea0   0x000000e8   Code   RO          490    i.RCC_GetClocksFreq  stm32f4xx_rcc.o
    0x08000f88   0x08000f88   0x000000c8   Code   RO         1772    i.SPI1_Init         max6682.o
    0x08001050   0x08001050   0x000000cc   Code   RO         1739    i.SPI2_Init         max6675.o
    0x0800111c   0x0800111c   0x0000001c   Code   RO         2441    i.SPI_BiDirectionalLineConfig  Template.lib(stm32f4xx_spi.o)
    0x08001138   0x08001138   0x00000018   Code   RO         2443    i.SPI_Cmd           Template.lib(stm32f4xx_spi.o)
    0x08001150   0x08001150   0x00000012   Code   RO         2451    i.SPI_I2S_GetFlagStatus  Template.lib(stm32f4xx_spi.o)
    0x08001162   0x08001162   0x00000006   Code   RO         2454    i.SPI_I2S_ReceiveData  Template.lib(stm32f4xx_spi.o)
    0x08001168   0x08001168   0x00000004   Code   RO         2455    i.SPI_I2S_SendData  Template.lib(stm32f4xx_spi.o)
    0x0800116c   0x0800116c   0x0000003c   Code   RO         2456    i.SPI_Init          Template.lib(stm32f4xx_spi.o)
    0x080011a8   0x080011a8   0x000000ec   Code   RO           13    i.SetSysClock       system_stm32f4xx.o
    0x08001294   0x08001294   0x00000008   Code   RO         1516    i.SysTick_Handler   delay.o
    0x0800129c   0x0800129c   0x00000068   Code   RO         1517    i.SysTick_Init      delay.o
    0x08001304   0x08001304   0x00000068   Code   RO           15    i.SystemInit        system_stm32f4xx.o
    0x0800136c   0x0800136c   0x00000024   Code   RO         1464    i.TIM2_IRQHandler   timer.o
    0x08001390   0x08001390   0x00000018   Code   RO         2609    i.TIM_ARRPreloadConfig  Template.lib(stm32f4xx_tim.o)
    0x080013a8   0x080013a8   0x00000006   Code   RO         2616    i.TIM_ClearITPendingBit  Template.lib(stm32f4xx_tim.o)
    0x080013ae   0x080013ae   0x00000018   Code   RO         2621    i.TIM_Cmd           Template.lib(stm32f4xx_tim.o)
    0x080013c6   0x080013c6   0x00000022   Code   RO         2642    i.TIM_GetITStatus   Template.lib(stm32f4xx_tim.o)
    0x080013e8   0x080013e8   0x00000012   Code   RO         2646    i.TIM_ITConfig      Template.lib(stm32f4xx_tim.o)
    0x080013fa   0x080013fa   0x00000002   PAD
    0x080013fc   0x080013fc   0x000000a4   Code   RO         2655    i.TIM_OC2Init       Template.lib(stm32f4xx_tim.o)
    0x080014a0   0x080014a0   0x0000001a   Code   RO         2658    i.TIM_OC2PreloadConfig  Template.lib(stm32f4xx_tim.o)
    0x080014ba   0x080014ba   0x00000002   PAD
    0x080014bc   0x080014bc   0x000000a0   Code   RO         2660    i.TIM_OC3Init       Template.lib(stm32f4xx_tim.o)
    0x0800155c   0x0800155c   0x00000012   Code   RO         2663    i.TIM_OC3PreloadConfig  Template.lib(stm32f4xx_tim.o)
    0x0800156e   0x0800156e   0x00000002   PAD
    0x08001570   0x08001570   0x00000084   Code   RO         2693    i.TIM_TimeBaseInit  Template.lib(stm32f4xx_tim.o)
    0x080015f4   0x080015f4   0x00000018   Code   RO         1518    i.TimeTick_Decrement  delay.o
    0x0800160c   0x0800160c   0x0000007c   Code   RO         1329    i.USART1_IRQHandler  usart.o
    0x08001688   0x08001688   0x0000005c   Code   RO         1330    i.USART6_Dequeue    usart.o
    0x080016e4   0x080016e4   0x000000b8   Code   RO         1331    i.USART6_IRQHandler  usart.o
    0x0800179c   0x0800179c   0x000000e0   Code   RO         1332    i.USART6_Init       usart.o
    0x0800187c   0x0800187c   0x0000001e   Code   RO          808    i.USART_ClearITPendingBit  stm32f4xx_usart.o
    0x0800189a   0x0800189a   0x00000018   Code   RO          811    i.USART_Cmd         stm32f4xx_usart.o
    0x080018b2   0x080018b2   0x00000054   Code   RO          815    i.USART_GetITStatus  stm32f4xx_usart.o
    0x08001906   0x08001906   0x0000004a   Code   RO          817    i.USART_ITConfig    stm32f4xx_usart.o
    0x08001950   0x08001950   0x000000d4   Code   RO          818    i.USART_Init        stm32f4xx_usart.o
    0x08001a24   0x08001a24   0x0000000a   Code   RO          825    i.USART_ReceiveData  stm32f4xx_usart.o
    0x08001a2e   0x08001a2e   0x00000008   Code   RO          828    i.USART_SendData    stm32f4xx_usart.o
    0x08001a36   0x08001a36   0x000000a8   Code   RO         1180    i.calculateCRC      packing.o
    0x08001ade   0x08001ade   0x00000002   PAD
    0x08001ae0   0x08001ae0   0x0000001c   Code   RO         1521    i.delay_nus         delay.o
    0x08001afc   0x08001afc   0x00000018   Code   RO         1224    i.ds18b20_temp      dataorganization.o
    0x08001b14   0x08001b14   0x00000020   Code   RO         1335    i.empty_buffer      usart.o
    0x08001b34   0x08001b34   0x0000004c   Code   RO         1336    i.fillBuffer        usart.o
    0x08001b80   0x08001b80   0x0000001c   Code   RO         1181    i.getOpcode         packing.o
    0x08001b9c   0x08001b9c   0x00000184   Code   RO         1225    i.get_temp          dataorganization.o
    0x08001d20   0x08001d20   0x0000001c   Code   RO         1226    i.gnico001_temp     dataorganization.o
    0x08001d3c   0x08001d3c   0x00000034   Code   RO         1580    i.gpio_init         ds18b20.o
    0x08001d70   0x08001d70   0x00000024   Code   RO         1671    i.i2c_write         tmp101.o
    0x08001d94   0x08001d94   0x0000001c   Code   RO         1227    i.lm35dz_temp       dataorganization.o
    0x08001db0   0x08001db0   0x000000a4   Code   RO          155    i.main              main.o
    0x08001e54   0x08001e54   0x0000001c   Code   RO         1228    i.max6675_temp      dataorganization.o
    0x08001e70   0x08001e70   0x00000080   Code   RO         1740    i.max6675temp       max6675.o
    0x08001ef0   0x08001ef0   0x0000001c   Code   RO         1229    i.max6682_temp      dataorganization.o
    0x08001f0c   0x08001f0c   0x00000058   Code   RO         1338    i.pop_Buffer        usart.o
    0x08001f64   0x08001f64   0x00000064   Code   RO         1581    i.read              ds18b20.o
    0x08001fc8   0x08001fc8   0x00000050   Code   RO         1340    i.readRequest       usart.o
    0x08002018   0x08002018   0x0000002c   Code   RO         1672    i.read_ack          tmp101.o
    0x08002044   0x08002044   0x00000034   Code   RO         1673    i.read_nack         tmp101.o
    0x08002078   0x08002078   0x00000068   Code   RO         1582    i.reset             ds18b20.o
    0x080020e0   0x080020e0   0x000000a8   Code   RO         1810    i.reset_pins        pwm.o
    0x08002188   0x08002188   0x00000106   Code   RO         1182    i.returnPacked      packing.o
    0x0800228e   0x0800228e   0x00000002   PAD
    0x08002290   0x08002290   0x00000028   Code   RO         1341    i.sendData          usart.o
    0x080022b8   0x080022b8   0x0000003c   Code   RO         1674    i.start_rec         tmp101.o
    0x080022f4   0x080022f4   0x00000050   Code   RO         1675    i.start_trans       tmp101.o
    0x08002344   0x08002344   0x00000038   Code   RO         1465    i.timer2_get_millisec  timer.o
    0x0800237c   0x0800237c   0x00000088   Code   RO         1466    i.timer2_init       timer.o
    0x08002404   0x08002404   0x00000026   Code   RO         1467    i.timer2_wait_millisec  timer.o
    0x0800242a   0x0800242a   0x00000002   PAD
    0x0800242c   0x0800242c   0x00000034   Code   RO         1676    i.tmp101_init       tmp101.o
    0x08002460   0x08002460   0x00000024   Code   RO         1232    i.tmp101_temp       dataorganization.o
    0x08002484   0x08002484   0x0000006c   Code   RO         1677    i.tmp_temp          tmp101.o
    0x080024f0   0x080024f0   0x000000f0   Code   RO         1343    i.usart1_init       usart.o
    0x080025e0   0x080025e0   0x00000084   Code   RO         1583    i.write             ds18b20.o
    0x08002664   0x08002664   0x0000002c   Code   RO         3229    locale$$code        c_w.l(lc_ctype_c.o)
    0x08002690   0x08002690   0x00000062   Code   RO         3176    x$fpl$d2f           fz_wm.l(d2f.o)
    0x080026f2   0x080026f2   0x0000002e   Code   RO         3179    x$fpl$dflt          fz_wm.l(dflt_clz.o)
    0x08002720   0x08002720   0x00000026   Code   RO         3178    x$fpl$dfltu         fz_wm.l(dflt_clz.o)
    0x08002746   0x08002746   0x00000002   PAD
    0x08002748   0x08002748   0x00000154   Code   RO         3184    x$fpl$dmul          fz_wm.l(dmul.o)
    0x0800289c   0x0800289c   0x0000009c   Code   RO         3196    x$fpl$dnaninf       fz_wm.l(dnaninf.o)
    0x08002938   0x08002938   0x0000000c   Code   RO         3198    x$fpl$dretinf       fz_wm.l(dretinf.o)
    0x08002944   0x08002944   0x0000000a   Code   RO         3292    x$fpl$fpinit        fz_wm.l(fpinit.o)
    0x0800294e   0x0800294e   0x0000000a   Code   RO         3200    x$fpl$fretinf       fz_wm.l(fretinf.o)
    0x08002958   0x08002958   0x00000000   Code   RO         3202    x$fpl$usenofp       fz_wm.l(usenofp.o)
    0x08002958   0x08002958   0x00000020   Data   RO         3367    Region$$Table       anon$$obj.o
    0x08002978   0x08002978   0x00000110   Data   RO         3228    locale$$data        c_w.l(lc_ctype_c.o)


    Execution Region ER_RW (Exec base: 0x20000000, Load base: 0x08002a88, Size: 0x00000054, Max: 0xffffffff, ABSOLUTE)

    Exec Addr    Load Addr    Size         Type   Attr      Idx    E Section Name        Object

    0x20000000   0x08002a88   0x00000014   Data   RW           16    .data               system_stm32f4xx.o
    0x20000014   0x08002a9c   0x00000010   Data   RW          522    .data               stm32f4xx_rcc.o
    0x20000024   0x08002aac   0x00000027   Data   RW         1345    .data               usart.o
    0x2000004b   0x08002ad3   0x00000001   PAD
    0x2000004c   0x08002ad4   0x00000004   Data   RW         1468    .data               timer.o
    0x20000050   0x08002ad8   0x00000004   Data   RW         1522    .data               delay.o


    Execution Region ER_ZI (Exec base: 0x20000054, Load base: 0x08002adc, Size: 0x00006fdc, Max: 0xffffffff, ABSOLUTE)

    Exec Addr    Load Addr    Size         Type   Attr      Idx    E Section Name        Object

    0x20000054        -       0x00006978   Zero   RW         1344    .bss                usart.o
    0x200069cc        -       0x00000060   Zero   RW         3204    .bss                c_w.l(libspace.o)
    0x20006a2c   0x08002adc   0x00000004   PAD
    0x20006a30        -       0x00000200   Zero   RW            2    HEAP                startup_stm32f40_41xxx.o
    0x20006c30        -       0x00000400   Zero   RW            1    STACK               startup_stm32f40_41xxx.o


==============================================================================

Image component sizes


      Code (inc. data)   RO Data    RW Data    ZI Data      Debug   Object Name

       560         40          0          0          0       4420   dataorganization.o
       164         28          0          4          0      28825   delay.o
       656         28          0          0          0       3281   ds18b20.o
       184         20          0          0          0       1198   lm35dz.o
       164         10          0          0          0     317427   main.o
       332         24          0          0          0       1294   max6675.o
       200          8          0          0          0        648   max6682.o
       120         14          0          0          0        988   misc.o
       458          0          0          0          0       3074   packing.o
       768         46          0          0          0       2711   pwm.o
        64         26        392          0       1536        988   startup_stm32f40_41xxx.o
       268          0          0          0          0     271548   stm32f4xx_gpio.o
       328         36          0         16          0       4651   stm32f4xx_rcc.o
       442          8          0          0          0       5457   stm32f4xx_usart.o
       340         32          0         20          0     280225   system_stm32f4xx.o
       266         20          0          4          0      28948   timer.o
       588         64          0          0          0       5066   tmp101.o
      1226        172          0         39      27000      34417   usart.o

    ----------------------------------------------------------------------
      7136        576        424         84      28536     995166   Object Totals
         0          0         32          0          0          0   (incl. Generated)
         8          0          0          1          0          0   (incl. Padding)

    ----------------------------------------------------------------------

      Code (inc. data)   RO Data    RW Data    ZI Data      Debug   Library Member Name

       328         10          0          0          0     307186   stm32f4xx_adc.o
       456         14          0          0          0       6964   stm32f4xx_i2c.o
       140          0          0          0          0       4272   stm32f4xx_spi.o
       606         48          0          0          0       7211   stm32f4xx_tim.o
         8          0          0          0          0         68   __main.o
         0          0          0          0          0          0   __rtentry.o
        12          0          0          0          0          0   __rtentry2.o
         6          0          0          0          0          0   __rtentry4.o
        52          8          0          0          0          0   __scatter.o
        26          0          0          0          0          0   __scatter_copy.o
        28          0          0          0          0          0   __scatter_zi.o
        28          0          0          0          0         68   _chval.o
       158          0          0          0          0         92   _strtoul.o
        18          0          0          0          0         80   exit.o
         6          0          0          0          0        152   heapauxi.o
         0          0          0          0          0          0   indicate_semi.o
        44         10        272          0          0         76   lc_ctype_c.o
         2          0          0          0          0          0   libinit.o
        24          0          0          0          0          0   libinit2.o
         2          0          0          0          0          0   libshutdown.o
         2          0          0          0          0          0   libshutdown2.o
         8          4          0          0         96         68   libspace.o
        16          4          0          0          0         76   rt_ctype_table.o
         8          4          0          0          0         68   rt_errno_addr_intlibspace.o
         8          4          0          0          0         68   rt_locale_intlibspace.o
         2          0          0          0          0          0   rtexit.o
        10          0          0          0          0          0   rtexit2.o
       128          0          0          0          0         68   strcmpv7m.o
       112          0          0          0          0         88   strtol.o
        12          4          0          0          0         68   sys_exit.o
        74          0          0          0          0         80   sys_stackheap_outer.o
         2          0          0          0          0         68   use_no_semi.o
        98          4          0          0          0        140   d2f.o
        84          0          0          0          0        232   dflt_clz.o
       340         12          0          0          0        152   dmul.o
       156          4          0          0          0        140   dnaninf.o
        12          0          0          0          0        116   dretinf.o
        10          0          0          0          0        116   fpinit.o
        10          0          0          0          0        116   fretinf.o
         0          0          0          0          0          0   usenofp.o

    ----------------------------------------------------------------------
      3056        130        272          0        100     327833   Library Totals
        20          0          0          0          4          0   (incl. Padding)

    ----------------------------------------------------------------------

      Code (inc. data)   RO Data    RW Data    ZI Data      Debug   Library Name

      1530         72          0          0          0     325633   Template.lib
       796         38        272          0         96       1188   c_w.l
       710         20          0          0          0       1012   fz_wm.l

    ----------------------------------------------------------------------
      3056        130        272          0        100     327833   Library Totals

    ----------------------------------------------------------------------

==============================================================================


      Code (inc. data)   RO Data    RW Data    ZI Data      Debug   

     10192        706        696         84      28636    1311727   Grand Totals
     10192        706        696         84      28636    1311727   ELF Image Totals
     10192        706        696         84          0          0   ROM Totals

==============================================================================

    Total RO  Size (Code + RO Data)                10888 (  10.63kB)
    Total RW  Size (RW Data + ZI Data)             28720 (  28.05kB)
    Total ROM Size (Code + RO Data + RW Data)      10972 (  10.71kB)

==============================================================================

