Component: ARM Compiler 5.06 update 5 (build 528) Tool: armlink [4d35e2]

==============================================================================

Section Cross References

    startup_stm32f40_41xxx.o(STACK) refers (Special) to heapauxi.o(.text) for __use_two_region_memory
    startup_stm32f40_41xxx.o(HEAP) refers (Special) to heapauxi.o(.text) for __use_two_region_memory
    startup_stm32f40_41xxx.o(RESET) refers (Special) to heapauxi.o(.text) for __use_two_region_memory
    startup_stm32f40_41xxx.o(RESET) refers to startup_stm32f40_41xxx.o(STACK) for __initial_sp
    startup_stm32f40_41xxx.o(RESET) refers to startup_stm32f40_41xxx.o(.text) for Reset_Handler
    startup_stm32f40_41xxx.o(RESET) refers to delay.o(i.SysTick_Handler) for SysTick_Handler
    startup_stm32f40_41xxx.o(RESET) refers to timer.o(i.TIM2_IRQHandler) for TIM2_IRQHandler
    startup_stm32f40_41xxx.o(RESET) refers to usart.o(i.USART1_IRQHandler) for USART1_IRQHandler
    startup_stm32f40_41xxx.o(RESET) refers to usart.o(i.USART6_IRQHandler) for USART6_IRQHandler
    startup_stm32f40_41xxx.o(.text) refers (Special) to heapauxi.o(.text) for __use_two_region_memory
    startup_stm32f40_41xxx.o(.text) refers to system_stm32f4xx.o(i.SystemInit) for SystemInit
    startup_stm32f40_41xxx.o(.text) refers to __main.o(!!!main) for __main
    startup_stm32f40_41xxx.o(.text) refers to startup_stm32f40_41xxx.o(HEAP) for Heap_Mem
    startup_stm32f40_41xxx.o(.text) refers to startup_stm32f40_41xxx.o(STACK) for Stack_Mem
    system_stm32f4xx.o(i.SystemCoreClockUpdate) refers to system_stm32f4xx.o(.data) for SystemCoreClock
    system_stm32f4xx.o(i.SystemInit) refers to system_stm32f4xx.o(i.SetSysClock) for SetSysClock
    main.o(i.main) refers to timer.o(i.timer2_init) for timer2_init
    main.o(i.main) refers to ds18b20.o(i.gpio_init) for gpio_init
    main.o(i.main) refers to delay.o(i.SysTick_Init) for SysTick_Init
    main.o(i.main) refers to usart.o(i.usart1_init) for usart1_init
    main.o(i.main) refers to usart.o(i.USART6_Init) for USART6_Init
    main.o(i.main) refers to tmp101.o(i.Init_I2C_GPIO) for Init_I2C_GPIO
    main.o(i.main) refers to lm35dz.o(i.ADC1_Init) for ADC1_Init
    main.o(i.main) refers to g-nico.o(i.ADC2_Init) for ADC2_Init
    main.o(i.main) refers to ntc.o(i.ADC3_Init) for ADC3_Init
    main.o(i.main) refers to max6682.o(i.SPI1_Init) for SPI1_Init
    main.o(i.main) refers to max6675.o(i.SPI2_Init) for SPI2_Init
    main.o(i.main) refers to usart.o(i.buffer_initialization) for buffer_initialization
    main.o(i.main) refers to usart.o(i.check_flag) for check_flag
    main.o(i.main) refers to timer.o(i.timer_flag) for timer_flag
    main.o(i.main) refers to dataorganization.o(i.get_temp) for get_temp
    main.o(i.main) refers to usart.o(i.empty_buffer) for empty_buffer
    main.o(i.main) refers to usart.o(i.USART6_Dequeue) for USART6_Dequeue
    stm32f4xx_gpio.o(i.GPIO_DeInit) refers to stm32f4xx_rcc.o(i.RCC_AHB1PeriphResetCmd) for RCC_AHB1PeriphResetCmd
    stm32f4xx_rcc.o(i.RCC_GetClocksFreq) refers to stm32f4xx_rcc.o(.data) for APBAHBPrescTable
    stm32f4xx_rcc.o(i.RCC_WaitForHSEStartUp) refers to stm32f4xx_rcc.o(i.RCC_GetFlagStatus) for RCC_GetFlagStatus
    stm32f4xx_usart.o(i.USART_DeInit) refers to stm32f4xx_rcc.o(i.RCC_APB2PeriphResetCmd) for RCC_APB2PeriphResetCmd
    stm32f4xx_usart.o(i.USART_DeInit) refers to stm32f4xx_rcc.o(i.RCC_APB1PeriphResetCmd) for RCC_APB1PeriphResetCmd
    stm32f4xx_usart.o(i.USART_Init) refers to stm32f4xx_rcc.o(i.RCC_GetClocksFreq) for RCC_GetClocksFreq
    packing.o(i.Unpack) refers to packing.o(i.calculateCRC) for calculateCRC
    packing.o(i.returnPacked) refers to packing.o(i.calculateCRC) for calculateCRC
    dataorganization.o(i.ds18b20_temp) refers to ds18b20.o(i.DS_temp) for DS_temp
    dataorganization.o(i.get_temp) refers to dataorganization.o(i.ds18b20_temp) for ds18b20_temp
    dataorganization.o(i.get_temp) refers to packing.o(i.getOpcode) for getOpcode
    dataorganization.o(i.get_temp) refers to packing.o(i.returnPacked) for returnPacked
    dataorganization.o(i.get_temp) refers to usart.o(i.fillBuffer) for fillBuffer
    dataorganization.o(i.get_temp) refers to dataorganization.o(i.lm35dz_temp) for lm35dz_temp
    dataorganization.o(i.get_temp) refers to dataorganization.o(i.gnico001_temp) for gnico001_temp
    dataorganization.o(i.get_temp) refers to dataorganization.o(i.max6675_temp) for max6675_temp
    dataorganization.o(i.get_temp) refers to dataorganization.o(i.max6682_temp) for max6682_temp
    dataorganization.o(i.get_temp) refers to dataorganization.o(i.ntc_temp) for ntc_temp
    dataorganization.o(i.get_temp) refers to dataorganization.o(i.tmp101_temp) for tmp101_temp
    dataorganization.o(i.gnico001_temp) refers to g-nico.o(i.NICO_temp) for NICO_temp
    dataorganization.o(i.lm35dz_temp) refers to lm35dz.o(i.LM_temp) for LM_temp
[...]
    .ARM.Collect$$libinit$$00000032          0x08000202   Section        0  libinit2.o(.ARM.Collect$$libinit$$00000032)
    .ARM.Collect$$libinit$$00000033          0x08000202   Section        2  libinit2.o(.ARM.Collect$$libinit$$00000033)
    .ARM.Collect$$libshutdown$$00000000      0x08000204   Section        2  libshutdown.o(.ARM.Collect$$libshutdown$$00000000)
    .ARM.Collect$$libshutdown$$00000002      0x08000206   Section        0  libshutdown2.o(.ARM.Collect$$libshutdown$$00000002)
    .ARM.Collect$$libshutdown$$00000004      0x08000206   Section        0  libshutdown2.o(.ARM.Collect$$libshutdown$$00000004)
    .ARM.Collect$$libshutdown$$00000007      0x08000206   Section        0  libshutdown2.o(.ARM.Collect$$libshutdown$$00000007)
    .ARM.Collect$$libshutdown$$0000000A      0x08000206   Section        0  libshutdown2.o(.ARM.Collect$$libshutdown$$0000000A)
    .ARM.Collect$$libshutdown$$0000000C      0x08000206   Section        0  libshutdown2.o(.ARM.Collect$$libshutdown$$0000000C)
    .ARM.Collect$$libshutdown$$0000000F      0x08000206   Section        0  libshutdown2.o(.ARM.Collect$$libshutdown$$0000000F)
    .ARM.Collect$$libshutdown$$00000010      0x08000206   Section        2  libshutdown2.o(.ARM.Collect$$libshutdown$$00000010)
    .ARM.Collect$$rtentry$$00000000          0x08000208   Section        0  __rtentry.o(.ARM.Collect$$rtentry$$00000000)
    .ARM.Collect$$rtentry$$00000002          0x08000208   Section        0  __rtentry2.o(.ARM.Collect$$rtentry$$00000002)
    .ARM.Collect$$rtentry$$00000004          0x08000208   Section        6  __rtentry4.o(.ARM.Collect$$rtentry$$00000004)
    .ARM.Collect$$rtentry$$00000009          0x0800020e   Section        0  __rtentry2.o(.ARM.Collect$$rtentry$$00000009)
    .ARM.Collect$$rtentry$$0000000A          0x0800020e   Section        4  __rtentry2.o(.ARM.Collect$$rtentry$$0000000A)
    .ARM.Collect$$rtentry$$0000000C          0x08000212   Section        0  __rtentry2.o(.ARM.Collect$$rtentry$$0000000C)
    .ARM.Collect$$rtentry$$0000000D          0x08000212   Section        8  __rtentry2.o(.ARM.Collect$$rtentry$$0000000D)
    .ARM.Collect$$rtexit$$00000000           0x0800021a   Section        2  rtexit.o(.ARM.Collect$$rtexit$$00000000)
    .ARM.Collect$$rtexit$$00000002           0x0800021c   Section        0  rtexit2.o(.ARM.Collect$$rtexit$$00000002)
    .ARM.Collect$$rtexit$$00000003           0x0800021c   Section        4  rtexit2.o(.ARM.Collect$$rtexit$$00000003)
    .ARM.Collect$$rtexit$$00000004           0x08000220   Section        6  rtexit2.o(.ARM.Collect$$rtexit$$00000004)
    .text                                    0x08000228   Section       64  startup_stm32f40_41xxx.o(.text)
    $v0                                      0x08000228   Number         0  startup_stm32f40_41xxx.o(.text)
    .text                                    0x08000268   Section        0  heapauxi.o(.text)
    .text                                    0x0800026e   Section        0  _rserrno.o(.text)
    .text                                    0x08000284   Section        8  rt_errno_addr_intlibspace.o(.text)
    .text                                    0x0800028c   Section        8  libspace.o(.text)
    .text                                    0x08000294   Section       74  sys_stackheap_outer.o(.text)
    .text                                    0x080002de   Section        0  exit.o(.text)
    .text                                    0x080002f0   Section        0  sys_exit.o(.text)
    .text                                    0x080002fc   Section        2  use_no_semi.o(.text)
    .text                                    0x080002fe   Section        0  indicate_semi.o(.text)
    i.ADC1_Init                              0x08000300   Section        0  lm35dz.o(i.ADC1_Init)
    i.ADC2_Init                              0x0800036c   Section        0  g-nico.o(i.ADC2_Init)
    i.ADC3_Init                              0x080003d8   Section        0  ntc.o(i.ADC3_Init)
    i.ADC_Cmd                                0x08000444   Section        0  stm32f4xx_adc.o(i.ADC_Cmd)
    i.ADC_GetConversionValue                 0x0800045a   Section        0  stm32f4xx_adc.o(i.ADC_GetConversionValue)
    i.ADC_Init                               0x08000464   Section        0  stm32f4xx_adc.o(i.ADC_Init)
    i.ADC_RegularChannelConfig               0x080004b8   Section        0  stm32f4xx_adc.o(i.ADC_RegularChannelConfig)
    i.ADC_SoftwareStartConv                  0x08000570   Section        0  stm32f4xx_adc.o(i.ADC_SoftwareStartConv)
    i.ADC_StructInit                         0x0800057a   Section        0  stm32f4xx_adc.o(i.ADC_StructInit)
    i.DS_temp                                0x08000590   Section        0  ds18b20.o(i.DS_temp)
    i.GPIO_Init                              0x0800069c   Section        0  stm32f4xx_gpio.o(i.GPIO_Init)
    i.GPIO_PinAFConfig                       0x0800072c   Section        0  stm32f4xx_gpio.o(i.GPIO_PinAFConfig)
    i.GPIO_ReadInputDataBit                  0x08000772   Section        0  stm32f4xx_gpio.o(i.GPIO_ReadInputDataBit)
    i.GPIO_ResetBits                         0x08000784   Section        0  stm32f4xx_gpio.o(i.GPIO_ResetBits)
    i.GPIO_SetBits                           0x08000788   Section        0  stm32f4xx_gpio.o(i.GPIO_SetBits)
    i.GPIO_WriteBit                          0x0800078c   Section        0  stm32f4xx_gpio.o(i.GPIO_WriteBit)
    i.I2C_AcknowledgeConfig                  0x08000796   Section        0  stm32f4xx_i2c.o(i.I2C_AcknowledgeConfig)
    i.I2C_CheckEvent                         0x080007ae   Section        0  stm32f4xx_i2c.o(i.I2C_CheckEvent)
    i.I2C_Cmd                                0x080007d8   Section        0  stm32f4xx_i2c.o(i.I2C_Cmd)
    i.I2C_GenerateSTART                      0x080007f0   Section        0  stm32f4xx_i2c.o(i.I2C_GenerateSTART)
    i.I2C_GenerateSTOP                       0x08000808   Section        0  stm32f4xx_i2c.o(i.I2C_GenerateSTOP)
    i.I2C_GetFlagStatus                      0x08000820   Section        0  stm32f4xx_i2c.o(i.I2C_GetFlagStatus)
    i.I2C_Init                               0x0800085c   Section        0  stm32f4xx_i2c.o(i.I2C_Init)
    i.I2C_ReceiveData                        0x08000944   Section        0  stm32f4xx_i2c.o(i.I2C_ReceiveData)
    i.I2C_Send7bitAddress                    0x0800094c   Section        0  stm32f4xx_i2c.o(i.I2C_Send7bitAddress)
    i.I2C_SendData                           0x0800095c   Section        0  stm32f4xx_i2c.o(i.I2C_SendData)
    i.Init_I2C_GPIO                          0x08000960   Section        0  tmp101.o(i.Init_I2C_GPIO)
    i.LM_temp                                0x080009fc   Section        0  lm35dz.o(i.LM_temp)
    i.NICO_temp                              0x08000a48   Section        0  g-nico.o(i.NICO_temp)
    i.NTC                                    0x08000cd4   Section        0  ntc.o(i.NTC)
    i.NVIC_DisableIRQ                        0x08000d38   Section        0  usart.o(i.NVIC_DisableIRQ)
    NVIC_DisableIRQ                          0x08000d39   Thumb Code    18  usart.o(i.NVIC_DisableIRQ)
    i.NVIC_EnableIRQ                         0x08000d50   Section        0  usart.o(i.NVIC_EnableIRQ)
    NVIC_EnableIRQ                           0x08000d51   Thumb Code    22  usart.o(i.NVIC_EnableIRQ)
    i.NVIC_Init                              0x08000d68   Section        0  misc.o(i.NVIC_Init)
    i.RCC_AHB1PeriphClockCmd                 0x08000de0   Section        0  stm32f4xx_rcc.o(i.RCC_AHB1PeriphClockCmd)
    i.RCC_APB1PeriphClockCmd                 0x08000e00   Section        0  stm32f4xx_rcc.o(i.RCC_APB1PeriphClockCmd)
    i.RCC_APB2PeriphClockCmd                 0x08000e20   Section        0  stm32f4xx_rcc.o(i.RCC_APB2PeriphClockCmd)
    i.RCC_GetClocksFreq                      0x08000e40   Section        0  stm32f4xx_rcc.o(i.RCC_GetClocksFreq)
    i.SPI1_Init                              0x08000f28   Section        0  max6682.o(i.SPI1_Init)
    i.SPI2_Init                              0x08000ff0   Section        0  max6675.o(i.SPI2_Init)
    i.SPI_BiDirectionalLineConfig            0x080010bc   Section        0  stm32f4xx_spi.o(i.SPI_BiDirectionalLineConfig)
    i.SPI_Cmd                                0x080010d8   Section        0  stm32f4xx_spi.o(i.SPI_Cmd)
    i.SPI_I2S_GetFlagStatus                  0x080010f0   Section        0  stm32f4xx_spi.o(i.SPI_I2S_GetFlagStatus)
    i.SPI_I2S_ReceiveData                    0x08001102   Section        0  stm32f4xx_spi.o(i.SPI_I2S_ReceiveData)
    i.SPI_I2S_SendData                       0x08001108   Section        0  stm32f4xx_spi.o(i.SPI_I2S_SendData)
    i.SPI_Init                               0x0800110c   Section        0  stm32f4xx_spi.o(i.SPI_Init)
    i.SetSysClock                            0x08001148   Section        0  system_stm32f4xx.o(i.SetSysClock)
    SetSysClock                              0x08001149   Thumb Code   220  system_stm32f4xx.o(i.SetSysClock)
    i.SysTick_Handler                        0x08001234   Section        0  delay.o(i.SysTick_Handler)
    i.SysTick_Init                           0x0800123c   Section        0  delay.o(i.SysTick_Init)
    i.SystemInit                             0x080012a4   Section        0  system_stm32f4xx.o(i.SystemInit)
    i.TIM2_IRQHandler                        0x0800130c   Section        0  timer.o(i.TIM2_IRQHandler)
    i.TIM_ClearITPendingBit                  0x0800134c   Section        0  stm32f4xx_tim.o(i.TIM_ClearITPendingBit)
    i.TIM_Cmd                                0x08001352   Section        0  stm32f4xx_tim.o(i.TIM_Cmd)
    i.TIM_GetITStatus                        0x0800136a   Section        0  stm32f4xx_tim.o(i.TIM_GetITStatus)
    i.TIM_ITConfig                           0x0800138c   Section        0  stm32f4xx_tim.o(i.TIM_ITConfig)
    i.TIM_TimeBaseInit                       0x080013a0   Section        0  stm32f4xx_tim.o(i.TIM_TimeBaseInit)
    i.TimeTick_Decrement                     0x08001424   Section        0  delay.o(i.TimeTick_Decrement)
    i.USART1_IRQHandler                      0x0800143c   Section        0  usart.o(i.USART1_IRQHandler)
    i.USART6_Dequeue                         0x080014b8   Section        0  usart.o(i.USART6_Dequeue)
    i.USART6_IRQHandler                      0x08001514   Section        0  usart.o(i.USART6_IRQHandler)
    i.USART6_Init                            0x080015b8   Section        0  usart.o(i.USART6_Init)
    i.USART6_SendChar                        0x080016a8   Section        0  usart.o(i.USART6_SendChar)
    i.USART_ClearITPendingBit                0x080016d0   Section        0  stm32f4xx_usart.o(i.USART_ClearITPendingBit)
    i.USART_Cmd                              0x080016ee   Section        0  stm32f4xx_usart.o(i.USART_Cmd)
    i.USART_GetITStatus                      0x08001706   Section        0  stm32f4xx_usart.o(i.USART_GetITStatus)
    i.USART_ITConfig                         0x0800175a   Section        0  stm32f4xx_usart.o(i.USART_ITConfig)
    i.USART_Init                             0x080017a4   Section        0  stm32f4xx_usart.o(i.USART_Init)
    i.USART_ReceiveData                      0x08001878   Section        0  stm32f4xx_usart.o(i.USART_ReceiveData)
    i.USART_SendData                         0x08001882   Section        0  stm32f4xx_usart.o(i.USART_SendData)
    i.__ARM_fpclassify                       0x0800188a   Section        0  fpclassify.o(i.__ARM_fpclassify)
    i.__hardfp_pow                           0x080018c0   Section        0  pow.o(i.__hardfp_pow)
    i.__hardfp_sqrt                          0x08002510   Section        0  sqrt.o(i.__hardfp_sqrt)
    i.__kernel_poly                          0x0800258a   Section        0  poly.o(i.__kernel_poly)
    i.__mathlib_dbl_divzero                  0x08002688   Section        0  dunder.o(i.__mathlib_dbl_divzero)
    i.__mathlib_dbl_infnan2                  0x080026b8   Section        0  dunder.o(i.__mathlib_dbl_infnan2)
    i.__mathlib_dbl_invalid                  0x080026d0   Section        0  dunder.o(i.__mathlib_dbl_invalid)
    i.__mathlib_dbl_overflow                 0x080026f0   Section        0  dunder.o(i.__mathlib_dbl_overflow)
    i.__mathlib_dbl_underflow                0x08002710   Section        0  dunder.o(i.__mathlib_dbl_underflow)
    i.buffer_initialization                  0x08002730   Section        0  usart.o(i.buffer_initialization)
    i.calculateCRC                           0x08002744   Section        0  packing.o(i.calculateCRC)
    i.check_flag                             0x080027ec   Section        0  usart.o(i.check_flag)
    i.delay_nus                              0x08002810   Section        0  delay.o(i.delay_nus)
    i.ds18b20_temp                           0x0800282c   Section        0  dataorganization.o(i.ds18b20_temp)
    i.empty_buffer                           0x08002844   Section        0  usart.o(i.empty_buffer)
    i.fabs                                   0x0800285c   Section        0  fabs.o(i.fabs)
    i.fillBuffer                             0x08002874   Section        0  usart.o(i.fillBuffer)
    i.getOpcode                              0x080028c0   Section        0  packing.o(i.getOpcode)
    i.get_temp                               0x080028dc   Section        0  dataorganization.o(i.get_temp)
    i.gnico001_temp                          0x08002a98   Section        0  dataorganization.o(i.gnico001_temp)
    i.gpio_init                              0x08002ab4   Section        0  ds18b20.o(i.gpio_init)
    i.i2c_write                              0x08002ae8   Section        0  tmp101.o(i.i2c_write)
    i.lm35dz_temp                            0x08002b0c   Section        0  dataorganization.o(i.lm35dz_temp)
    i.main                                   0x08002b28   Section        0  main.o(i.main)
    i.max6675_temp                           0x08002bc0   Section        0  dataorganization.o(i.max6675_temp)
    i.max6675temp                            0x08002bdc   Section        0  max6675.o(i.max6675temp)
    i.max6682_temp                           0x08002c5c   Section        0  dataorganization.o(i.max6682_temp)
    i.max6682temp                            0x08002c78   Section        0  max6682.o(i.max6682temp)
    i.ntc_temp                               0x08002cf4   Section        0  dataorganization.o(i.ntc_temp)
    i.pop_Buffer                             0x08002d10   Section        0  usart.o(i.pop_Buffer)
    i.read                                   0x08002d6c   Section        0  ds18b20.o(i.read)
    i.read_ack                               0x08002dd0   Section        0  tmp101.o(i.read_ack)
    i.read_nack                              0x08002dfc   Section        0  tmp101.o(i.read_nack)
    i.reset                                  0x08002e30   Section        0  ds18b20.o(i.reset)
    i.returnPacked                           0x08002e98   Section        0  packing.o(i.returnPacked)
    i.sqrt                                   0x08002fa4   Section        0  sqrt.o(i.sqrt)
    i.start_rec                              0x08003014   Section        0  tmp101.o(i.start_rec)
    i.start_trans                            0x08003050   Section        0  tmp101.o(i.start_trans)
    i.timer2_get_millisec                    0x080030a0   Section        0  timer.o(i.timer2_get_millisec)
    i.timer2_init                            0x080030d8   Section        0  timer.o(i.timer2_init)
    i.timer2_wait_millisec                   0x08003168   Section        0  timer.o(i.timer2_wait_millisec)
    i.timer_flag                             0x08003190   Section        0  timer.o(i.timer_flag)
    i.tmp101_init                            0x080031a8   Section        0  tmp101.o(i.tmp101_init)
    i.tmp101_temp                            0x080031dc   Section        0  dataorganization.o(i.tmp101_temp)
    i.tmp_temp                               0x08003200   Section        0  tmp101.o(i.tmp_temp)
    i.usart1_init                            0x0800326c   Section        0  usart.o(i.usart1_init)
    i.write                                  0x0800335c   Section        0  ds18b20.o(i.write)
    x$fpl$basic                              0x080033e0   Section       24  basic.o(x$fpl$basic)
    $v0                                      0x080033e0   Number         0  basic.o(x$fpl$basic)
    x$fpl$d2f                                0x080033f8   Section       98  d2f.o(x$fpl$d2f)
    $v0                                      0x080033f8   Number         0  d2f.o(x$fpl$d2f)
    x$fpl$dadd                               0x0800345c   Section      336  daddsub_clz.o(x$fpl$dadd)
    $v0                                      0x0800345c   Number         0  daddsub_clz.o(x$fpl$dadd)
    _dadd1                                   0x0800346d   Thumb Code     0  daddsub_clz.o(x$fpl$dadd)
    x$fpl$dcheck1                            0x080035ac   Section       16  dcheck1.o(x$fpl$dcheck1)
    $v0                                      0x080035ac   Number         0  dcheck1.o(x$fpl$dcheck1)
    x$fpl$dcmpinf                            0x080035bc   Section       24  dcmpi.o(x$fpl$dcmpinf)
    $v0                                      0x080035bc   Number         0  dcmpi.o(x$fpl$dcmpinf)
    x$fpl$ddiv                               0x080035d4   Section      688  ddiv.o(x$fpl$ddiv)
    $v0                                      0x080035d4   Number         0  ddiv.o(x$fpl$ddiv)
    ddiv_entry                               0x080035db   Thumb Code     0  ddiv.o(x$fpl$ddiv)
    x$fpl$dflt                               0x08003884   Section       46  dflt_clz.o(x$fpl$dflt)
    $v0                                      0x08003884   Number         0  dflt_clz.o(x$fpl$dflt)
    x$fpl$dfltu                              0x080038b2   Section       38  dflt_clz.o(x$fpl$dfltu)
    $v0                                      0x080038b2   Number         0  dflt_clz.o(x$fpl$dfltu)
    x$fpl$dleqf                              0x080038d8   Section      120  dleqf.o(x$fpl$dleqf)
    $v0                                      0x080038d8   Number         0  dleqf.o(x$fpl$dleqf)
    x$fpl$dmul                               0x08003950   Section      340  dmul.o(x$fpl$dmul)
    $v0                                      0x08003950   Number         0  dmul.o(x$fpl$dmul)
    x$fpl$dnaninf                            0x08003aa4   Section      156  dnaninf.o(x$fpl$dnaninf)
    $v0                                      0x08003aa4   Number         0  dnaninf.o(x$fpl$dnaninf)
    x$fpl$dretinf                            0x08003b40   Section       12  dretinf.o(x$fpl$dretinf)
    $v0                                      0x08003b40   Number         0  dretinf.o(x$fpl$dretinf)
    x$fpl$drleqf                             0x08003b4c   Section      108  drleqf.o(x$fpl$drleqf)
    $v0                                      0x08003b4c   Number         0  drleqf.o(x$fpl$drleqf)
    x$fpl$drsb                               0x08003bb8   Section       22  daddsub_clz.o(x$fpl$drsb)
    $v0                                      0x08003bb8   Number         0  daddsub_clz.o(x$fpl$drsb)
    x$fpl$dsqrt                              0x08003bd0   Section      408  dsqrt_umaal.o(x$fpl$dsqrt)
    $v0                                      0x08003bd0   Number         0  dsqrt_umaal.o(x$fpl$dsqrt)
    x$fpl$dsub                               0x08003d68   Section      468  daddsub_clz.o(x$fpl$dsub)
    $v0                                      0x08003d68   Number         0  daddsub_clz.o(x$fpl$dsub)
    _dsub1                                   0x08003d79   Thumb Code     0  daddsub_clz.o(x$fpl$dsub)
    x$fpl$f2d                                0x08003f3c   Section       86  f2d.o(x$fpl$f2d)
    $v0                                      0x08003f3c   Number         0  f2d.o(x$fpl$f2d)
    x$fpl$fnaninf                            0x08003f92   Section      140  fnaninf.o(x$fpl$fnaninf)
    $v0                                      0x08003f92   Number         0  fnaninf.o(x$fpl$fnaninf)
    x$fpl$fpinit                             0x0800401e   Section       10  fpinit.o(x$fpl$fpinit)
    $v0                                      0x0800401e   Number         0  fpinit.o(x$fpl$fpinit)
    x$fpl$fretinf                            0x08004028   Section       10  fretinf.o(x$fpl$fretinf)
    $v0                                      0x08004028   Number         0  fretinf.o(x$fpl$fretinf)
    x$fpl$retnan                             0x08004032   Section      100  retnan.o(x$fpl$retnan)
    $v0                                      0x08004032   Number         0  retnan.o(x$fpl$retnan)
    x$fpl$scalbn                             0x08004096   Section       92  scalbn.o(x$fpl$scalbn)
    $v0                                      0x08004096   Number         0  scalbn.o(x$fpl$scalbn)
    x$fpl$trapveneer                         0x080040f2   Section       48  trapv.o(x$fpl$trapveneer)
    $v0                                      0x080040f2   Number         0  trapv.o(x$fpl$trapveneer)
    x$fpl$usenofp                            0x08004122   Section        0  usenofp.o(x$fpl$usenofp)
    .constdata                               0x08004128   Section      136  pow.o(.constdata)
    bp                                       0x08004128   Data          16  pow.o(.constdata)
    dp_h                                     0x08004138   Data          16  pow.o(.constdata)
    dp_l                                     0x08004148   Data          16  pow.o(.constdata)
    L                                        0x08004158   Data          48  pow.o(.constdata)
    P                                        0x08004188   Data          40  pow.o(.constdata)
    .constdata                               0x080041b0   Section        8  qnan.o(.constdata)
    .data                                    0x20000000   Section       20  system_stm32f4xx.o(.data)
    .data                                    0x20000014   Section       16  stm32f4xx_rcc.o(.data)
    APBAHBPrescTable                         0x20000014   Data          16  stm32f4xx_rcc.o(.data)
    .data                                    0x20000024   Section       35  usart.o(.data)
    data                                     0x20000045   Data           1  usart.o(.data)
    new_head                                 0x20000046   Data           1  usart.o(.data)
    .data                                    0x20000048   Section        8  timer.o(.data)
    .data                                    0x20000050   Section        4  delay.o(.data)
    sysTickCounter                           0x20000050   Data           4  delay.o(.data)
    .bss                                     0x20000054   Section    27000  usart.o(.bss)
    .bss                                     0x200069cc   Section       96  libspace.o(.bss)
    HEAP                                     0x20006a30   Section      512  startup_stm32f40_41xxx.o(HEAP)
    Heap_Mem                                 0x20006a30   Data         512  startup_stm32f40_41xxx.o(HEAP)
    STACK                                    0x20006c30   Section     1024  startup_stm32f40_41xxx.o(STACK)
    Stack_Mem                                0x20006c30   Data        1024  startup_stm32f40_41xxx.o(STACK)
    __initial_sp                             0x20007030   Data           0  startup_stm32f40_41xxx.o(STACK)

    Global Symbols

    Symbol Name                              Value     Ov Type        Size  Object(Section)

    BuildAttributes$$THM_ISAv4$E$P$D$K$B$S$7EM$VFPi3$EXTD16$VFPS$VFMA$PE$A:L22UL41UL21$X:L11$S22US41US21$IEEE1$IW$USESV6$~STKCKD$USESV7$~SHL$OTIME$ROPI$IEEEX$EBA8$UX$STANDARDLIB$REQ8$PRES8$EABIv2 0x00000000   Number         0  anon$$obj.o ABSOLUTE
    __ARM_use_no_argv                        0x00000000   Number         0  main.o ABSOLUTE
    __ARM_exceptions_init                     - Undefined Weak Reference
    __alloca_initialize                       - Undefined Weak Reference
    __arm_preinit_                            - Undefined Weak Reference
    __cpp_initialize__aeabi_                  - Undefined Weak Reference
    __cxa_finalize                            - Undefined Weak Reference
    __rt_locale                               - Undefined Weak Reference
    __sigvec_lookup                           - Undefined Weak Reference
    _atexit_init                              - Undefined Weak Reference
    _call_atexit_fns                          - Undefined Weak Reference
    _clock_init                               - Undefined Weak Reference
    _fp_trap_init                             - Undefined Weak Reference
    _fp_trap_shutdown                         - Undefined Weak Reference
    _get_lc_collate                           - Undefined Weak Reference
    _get_lc_ctype                             - Undefined Weak Reference
    _get_lc_monetary                          - Undefined Weak Reference
    _get_lc_numeric                           - Undefined Weak Reference
    _get_lc_time                              - Undefined Weak Reference
    _getenv_init                              - Undefined Weak Reference
    _handle_redirection                       - Undefined Weak Reference
    _init_alloc                               - Undefined Weak Reference
    _init_user_alloc                          - Undefined Weak Reference
    _initio                                   - Undefined Weak Reference
    _printf_mbtowc                            - Undefined Weak Reference
    _printf_post_padding                      - Undefined Weak Reference
    _printf_pre_padding                       - Undefined Weak Reference
    _rand_init                                - Undefined Weak Reference
    _signal_finish                            - Undefined Weak Reference
    _signal_init                              - Undefined Weak Reference
    _terminate_alloc                          - Undefined Weak Reference
    _terminate_user_alloc                     - Undefined Weak Reference
    _terminateio                              - Undefined Weak Reference
    __Vectors_Size                           0x00000188   Number         0  startup_stm32f40_41xxx.o ABSOLUTE
    __Vectors                                0x08000000   Data           4  startup_stm32f40_41xxx.o(RESET)
    __Vectors_End                            0x08000188   Data           0  startup_stm32f40_41xxx.o(RESET)
    __main                                   0x08000189   Thumb Code     8  __main.o(!!!main)
    __scatterload                            0x08000191   Thumb Code     0  __scatter.o(!!!scatter)
    __scatterload_rt2                        0x08000191   Thumb Code    44  __scatter.o(!!!scatter)
    __scatterload_rt2_thumb_only             0x08000191   Thumb Code     0  __scatter.o(!!!scatter)
    __scatterload_null                       0x0800019f   Thumb Code     0  __scatter.o(!!!scatter)
    __scatterload_copy                       0x080001c5   Thumb Code    26  __scatter_copy.o(!!handler_copy)
    __scatterload_zeroinit                   0x080001e1   Thumb Code    28  __scatter_zi.o(!!handler_zi)
    __rt_lib_init                            0x080001fd   Thumb Code     0  libinit.o(.ARM.Collect$$libinit$$00000000)
    __rt_lib_init_fp_1                       0x080001ff   Thumb Code     0  libinit2.o(.ARM.Collect$$libinit$$00000001)
    __rt_lib_init_alloca_1                   0x08000203   Thumb Code     0  libinit2.o(.ARM.Collect$$libinit$$0000002E)
    __rt_lib_init_argv_1                     0x08000203   Thumb Code     0  libinit2.o(.ARM.Collect$$libinit$$0000002C)
    __rt_lib_init_atexit_1                   0x08000203   Thumb Code     0  libinit2.o(.ARM.Collect$$libinit$$0000001B)
    __rt_lib_init_clock_1                    0x08000203   Thumb Code     0  libinit2.o(.ARM.Collect$$libinit$$00000021)
    __rt_lib_init_cpp_1                      0x08000203   Thumb Code     0  libinit2.o(.ARM.Collect$$libinit$$00000032)
    __rt_lib_init_exceptions_1               0x08000203   Thumb Code     0  libinit2.o(.ARM.Collect$$libinit$$00000030)
    __rt_lib_init_fp_trap_1                  0x08000203   Thumb Code     0  libinit2.o(.ARM.Collect$$libinit$$0000001F)
    __rt_lib_init_getenv_1                   0x08000203   Thumb Code     0  libinit2.o(.ARM.Collect$$libinit$$00000023)
    __rt_lib_init_heap_1                     0x08000203   Thumb Code     0  libinit2.o(.ARM.Collect$$libinit$$0000000A)
    __rt_lib_init_lc_collate_1               0x08000203   Thumb Code     0  libinit2.o(.ARM.Collect$$libinit$$00000011)
    __rt_lib_init_lc_ctype_1                 0x08000203   Thumb Code     0  libinit2.o(.ARM.Collect$$libinit$$00000013)
    __rt_lib_init_lc_monetary_1              0x08000203   Thumb Code     0  libinit2.o(.ARM.Collect$$libinit$$00000015)
    __rt_lib_init_lc_numeric_1               0x08000203   Thumb Code     0  libinit2.o(.ARM.Collect$$libinit$$00000017)
    __rt_lib_init_lc_time_1                  0x08000203   Thumb Code     0  libinit2.o(.ARM.Collect$$libinit$$00000019)
    __rt_lib_init_preinit_1                  0x08000203   Thumb Code     0  libinit2.o(.ARM.Collect$$libinit$$00000004)
    __rt_lib_init_rand_1                     0x08000203   Thumb Code     0  libinit2.o(.ARM.Collect$$libinit$$0000000E)
    __rt_lib_init_return                     0x08000203   Thumb Code     0  libinit2.o(.ARM.Collect$$libinit$$00000033)
    __rt_lib_init_signal_1                   0x08000203   Thumb Code     0  libinit2.o(.ARM.Collect$$libinit$$0000001D)
    __rt_lib_init_stdio_1                    0x08000203   Thumb Code     0  libinit2.o(.ARM.Collect$$libinit$$00000025)
    __rt_lib_init_user_alloc_1               0x08000203   Thumb Code     0  libinit2.o(.ARM.Collect$$libinit$$0000000C)
    __rt_lib_shutdown                        0x08000205   Thumb Code     0  libshutdown.o(.ARM.Collect$$libshutdown$$00000000)
    __rt_lib_shutdown_cpp_1                  0x08000207   Thumb Code     0  libshutdown2.o(.ARM.Collect$$libshutdown$$00000002)
    __rt_lib_shutdown_fp_trap_1              0x08000207   Thumb Code     0  libshutdown2.o(.ARM.Collect$$libshutdown$$00000007)
    __rt_lib_shutdown_heap_1                 0x08000207   Thumb Code     0  libshutdown2.o(.ARM.Collect$$libshutdown$$0000000F)
    __rt_lib_shutdown_return                 0x08000207   Thumb Code     0  libshutdown2.o(.ARM.Collect$$libshutdown$$00000010)
    __rt_lib_shutdown_signal_1               0x08000207   Thumb Code     0  libshutdown2.o(.ARM.Collect$$libshutdown$$0000000A)
    __rt_lib_shutdown_stdio_1                0x08000207   Thumb Code     0  libshutdown2.o(.ARM.Collect$$libshutdown$$00000004)
    __rt_lib_shutdown_user_alloc_1           0x08000207   Thumb Code     0  libshutdown2.o(.ARM.Collect$$libshutdown$$0000000C)
    __rt_entry                               0x08000209   Thumb Code     0  __rtentry.o(.ARM.Collect$$rtentry$$00000000)
    __rt_entry_presh_1                       0x08000209   Thumb Code     0  __rtentry2.o(.ARM.Collect$$rtentry$$00000002)
    __rt_entry_sh                            0x08000209   Thumb Code     0  __rtentry4.o(.ARM.Collect$$rtentry$$00000004)
    __rt_entry_li                            0x0800020f   Thumb Code     0  __rtentry2.o(.ARM.Collect$$rtentry$$0000000A)
    __rt_entry_postsh_1                      0x0800020f   Thumb Code     0  __rtentry2.o(.ARM.Collect$$rtentry$$00000009)
    __rt_entry_main                          0x08000213   Thumb Code     0  __rtentry2.o(.ARM.Collect$$rtentry$$0000000D)
    __rt_entry_postli_1                      0x08000213   Thumb Code     0  __rtentry2.o(.ARM.Collect$$rtentry$$0000000C)
    __rt_exit                                0x0800021b   Thumb Code     0  rtexit.o(.ARM.Collect$$rtexit$$00000000)
    __rt_exit_ls                             0x0800021d   Thumb Code     0  rtexit2.o(.ARM.Collect$$rtexit$$00000003)
    __rt_exit_prels_1                        0x0800021d   Thumb Code     0  rtexit2.o(.ARM.Collect$$rtexit$$00000002)
    __rt_exit_exit                           0x08000221   Thumb Code     0  rtexit2.o(.ARM.Collect$$rtexit$$00000004)
    Reset_Handler                            0x08000229   Thumb Code     8  startup_stm32f40_41xxx.o(.text)
    NMI_Handler                              0x08000231   Thumb Code     2  startup_stm32f40_41xxx.o(.text)
    HardFault_Handler                        0x08000233   Thumb Code     2  startup_stm32f40_41xxx.o(.text)
    MemManage_Handler                        0x08000235   Thumb Code     2  startup_stm32f40_41xxx.o(.text)
    BusFault_Handler                         0x08000237   Thumb Code     2  startup_stm32f40_41xxx.o(.text)
    UsageFault_Handler                       0x08000239   Thumb Code     2  startup_stm32f40_41xxx.o(.text)
    SVC_Handler                              0x0800023b   Thumb Code     2  startup_stm32f40_41xxx.o(.text)
    DebugMon_Handler                         0x0800023d   Thumb Code     2  startup_stm32f40_41xxx.o(.text)
    PendSV_Handler                           0x0800023f   Thumb Code     2  startup_stm32f40_41xxx.o(.text)
    ADC_IRQHandler                           0x08000243   Thumb Code     0  startup_stm32f40_41xxx.o(.text)
    CAN1_RX0_IRQHandler                      0x08000243   Thumb Code     0  startup_stm32f40_41xxx.o(.text)
    CAN1_RX1_IRQHandler                      0x08000243   Thumb Code     0  startup_stm32f40_41xxx.o(.text)
    CAN1_SCE_IRQHandler                      0x08000243   Thumb Code     0  startup_stm32f40_41xxx.o(.text)
    CAN1_TX_IRQHandler                       0x08000243   Thumb Code     0  startup_stm32f40_41xxx.o(.text)
    CAN2_RX0_IRQHandler                      0x08000243   Thumb Code     0  startup_stm32f40_41xxx.o(.text)
    CAN2_RX1_IRQHandler                      0x08000243   Thumb Code     0  startup_stm32f40_41xxx.o(.text)
    CAN2_SCE_IRQHandler                      0x08000243   Thumb Code     0  startup_stm32f40_41xxx.o(.text)
    CAN2_TX_IRQHandler                       0x08000243   Thumb Code     0  startup_stm32f40_41xxx.o(.text)
    CRYP_IRQHandler                          0x08000243   Thumb Code     0  startup_stm32f40_41xxx.o(.text)
    DCMI_IRQHandler                          0x08000243   Thumb Code     0  startup_stm32f40_41xxx.o(.text)
    DMA1_Stream0_IRQHandler                  0x08000243   Thumb Code     0  startup_stm32f40_41xxx.o(.text)
    DMA1_Stream1_IRQHandler                  0x08000243   Thumb Code     0  startup_stm32f40_41xxx.o(.text)
    DMA1_Stream2_IRQHandler                  0x08000243   Thumb Code     0  startup_stm32f40_41xxx.o(.text)
    DMA1_Stream3_IRQHandler                  0x08000243   Thumb Code     0  startup_stm32f40_41xxx.o(.text)
    DMA1_Stream4_IRQHandler                  0x08000243   Thumb Code     0  startup_stm32f40_41xxx.o(.text)
    DMA1_Stream5_IRQHandler                  0x08000243   Thumb Code     0  startup_stm32f40_41xxx.o(.text)
    DMA1_Stream6_IRQHandler                  0x08000243   Thumb Code     0  startup_stm32f40_41xxx.o(.text)
    DMA1_Stream7_IRQHandler                  0x08000243   Thumb Code     0  startup_stm32f40_41xxx.o(.text)
    DMA2_Stream0_IRQHandler                  0x08000243   Thumb Code     0  startup_stm32f40_41xxx.o(.text)
    DMA2_Stream1_IRQHandler                  0x08000243   Thumb Code     0  startup_stm32f40_41xxx.o(.text)
    DMA2_Stream2_IRQHandler                  0x08000243   Thumb Code     0  startup_stm32f40_41xxx.o(.text)
    DMA2_Stream3_IRQHandler                  0x08000243   Thumb Code     0  startup_stm32f40_41xxx.o(.text)
    DMA2_Stream4_IRQHandler                  0x08000243   Thumb Code     0  startup_stm32f40_41xxx.o(.text)
    DMA2_Stream5_IRQHandler                  0x08000243   Thumb Code     0  startup_stm32f40_41xxx.o(.text)
    DMA2_Stream6_IRQHandler                  0x08000243   Thumb Code     0  startup_stm32f40_41xxx.o(.text)
    DMA2_Stream7_IRQHandler                  0x08000243   Thumb Code     0  startup_stm32f40_41xxx.o(.text)
    ETH_IRQHandler                           0x08000243   Thumb Code     0  startup_stm32f40_41xxx.o(.text)
    ETH_WKUP_IRQHandler                      0x08000243   Thumb Code     0  startup_stm32f40_41xxx.o(.text)
    EXTI0_IRQHandler                         0x08000243   Thumb Code     0  startup_stm32f40_41xxx.o(.text)
    EXTI15_10_IRQHandler                     0x08000243   Thumb Code     0  startup_stm32f40_41xxx.o(.text)
    EXTI1_IRQHandler                         0x08000243   Thumb Code     0  startup_stm32f40_41xxx.o(.text)
    EXTI2_IRQHandler                         0x08000243   Thumb Code     0  startup_stm32f40_41xxx.o(.text)
    EXTI3_IRQHandler                         0x08000243   Thumb Code     0  startup_stm32f40_41xxx.o(.text)
    EXTI4_IRQHandler                         0x08000243   Thumb Code     0  startup_stm32f40_41xxx.o(.text)
    EXTI9_5_IRQHandler                       0x08000243   Thumb Code     0  startup_stm32f40_41xxx.o(.text)
    FLASH_IRQHandler                         0x08000243   Thumb Code     0  startup_stm32f40_41xxx.o(.text)
    FPU_IRQHandler                           0x08000243   Thumb Code     0  startup_stm32f40_41xxx.o(.text)
    FSMC_IRQHandler                          0x08000243   Thumb Code     0  startup_stm32f40_41xxx.o(.text)
    HASH_RNG_IRQHandler                      0x08000243   Thumb Code     0  startup_stm32f40_41xxx.o(.text)
    I2C1_ER_IRQHandler                       0x08000243   Thumb Code     0  startup_stm32f40_41xxx.o(.text)
    I2C1_EV_IRQHandler                       0x08000243   Thumb Code     0  startup_stm32f40_41xxx.o(.text)
    I2C2_ER_IRQHandler                       0x08000243   Thumb Code     0  startup_stm32f40_41xxx.o(.text)
    I2C2_EV_IRQHandler                       0x08000243   Thumb Code     0  startup_stm32f40_41xxx.o(.text)
    I2C3_ER_IRQHandler                       0x08000243   Thumb Code     0  startup_stm32f40_41xxx.o(.text)
    I2C3_EV_IRQHandler                       0x08000243   Thumb Code     0  startup_stm32f40_41xxx.o(.text)
    OTG_FS_IRQHandler                        0x08000243   Thumb Code     0  startup_stm32f40_41xxx.o(.text)
    OTG_FS_WKUP_IRQHandler                   0x08000243   Thumb Code     0  startup_stm32f40_41xxx.o(.text)
    OTG_HS_EP1_IN_IRQHandler                 0x08000243   Thumb Code     0  startup_stm32f40_41xxx.o(.text)
    OTG_HS_EP1_OUT_IRQHandler                0x08000243   Thumb Code     0  startup_stm32f40_41xxx.o(.text)
    OTG_HS_IRQHandler                        0x08000243   Thumb Code     0  startup_stm32f40_41xxx.o(.text)
    OTG_HS_WKUP_IRQHandler                   0x08000243   Thumb Code     0  startup_stm32f40_41xxx.o(.text)
    PVD_IRQHandler                           0x08000243   Thumb Code     0  startup_stm32f40_41xxx.o(.text)
    RCC_IRQHandler                           0x08000243   Thumb Code     0  startup_stm32f40_41xxx.o(.text)
    RTC_Alarm_IRQHandler                     0x08000243   Thumb Code     0  startup_stm32f40_41xxx.o(.text)
    RTC_WKUP_IRQHandler                      0x08000243   Thumb Code     0  startup_stm32f40_41xxx.o(.text)
    SDIO_IRQHandler                          0x08000243   Thumb Code     0  startup_stm32f40_41xxx.o(.text)
    SPI1_IRQHandler                          0x08000243   Thumb Code     0  startup_stm32f40_41xxx.o(.text)
    SPI2_IRQHandler                          0x08000243   Thumb Code     0  startup_stm32f40_41xxx.o(.text)
    SPI3_IRQHandler                          0x08000243   Thumb Code     0  startup_stm32f40_41xxx.o(.text)
    TAMP_STAMP_IRQHandler                    0x08000243   Thumb Code     0  startup_stm32f40_41xxx.o(.text)
    TIM1_BRK_TIM9_IRQHandler                 0x08000243   Thumb Code     0  startup_stm32f40_41xxx.o(.text)
    TIM1_CC_IRQHandler                       0x08000243   Thumb Code     0  startup_stm32f40_41xxx.o(.text)
    TIM1_TRG_COM_TIM11_IRQHandler            0x08000243   Thumb Code     0  startup_stm32f40_41xxx.o(.text)
    TIM1_UP_TIM10_IRQHandler                 0x08000243   Thumb Code     0  startup_stm32f40_41xxx.o(.text)
    TIM3_IRQHandler                          0x08000243   Thumb Code     0  startup_stm32f40_41xxx.o(.text)
    TIM4_IRQHandler                          0x08000243   Thumb Code     0  startup_stm32f40_41xxx.o(.text)
    TIM5_IRQHandler                          0x08000243   Thumb Code     0  startup_stm32f40_41xxx.o(.text)
    TIM6_DAC_IRQHandler                      0x08000243   Thumb Code     0  startup_stm32f40_41xxx.o(.text)
    TIM7_IRQHandler                          0x08000243   Thumb Code     0  startup_stm32f40_41xxx.o(.text)
    TIM8_BRK_TIM12_IRQHandler                0x08000243   Thumb Code     0  startup_stm32f40_41xxx.o(.text)
    TIM8_CC_IRQHandler                       0x08000243   Thumb Code     0  startup_stm32f40_41xxx.o(.text)
    TIM8_TRG_COM_TIM14_IRQHandler            0x08000243   Thumb Code     0  startup_stm32f40_41xxx.o(.text)
    TIM8_UP_TIM13_IRQHandler                 0x08000243   Thumb Code     0  startup_stm32f40_41xxx.o(.text)
    UART4_IRQHandler                         0x08000243   Thumb Code     0  startup_stm32f40_41xxx.o(.text)
    UART5_IRQHandler                         0x08000243   Thumb Code     0  startup_stm32f40_41xxx.o(.text)
    USART2_IRQHandler                        0x08000243   Thumb Code     0  startup_stm32f40_41xxx.o(.text)
    USART3_IRQHandler                        0x08000243   Thumb Code     0  startup_stm32f40_41xxx.o(.text)
    WWDG_IRQHandler                          0x08000243   Thumb Code     0  startup_stm32f40_41xxx.o(.text)
    __user_initial_stackheap                 0x08000245   Thumb Code     0  startup_stm32f40_41xxx.o(.text)
    __use_two_region_memory                  0x08000269   Thumb Code     2  heapauxi.o(.text)
    __rt_heap_escrow$2region                 0x0800026b   Thumb Code     2  heapauxi.o(.text)
    __rt_heap_expand$2region                 0x0800026d   Thumb Code     2  heapauxi.o(.text)
    __read_errno                             0x0800026f   Thumb Code    10  _rserrno.o(.text)
    __set_errno                              0x08000279   Thumb Code    12  _rserrno.o(.text)
    __aeabi_errno_addr                       0x08000285   Thumb Code     8  rt_errno_addr_intlibspace.o(.text)
    __errno$intlibspace                      0x08000285   Thumb Code     0  rt_errno_addr_intlibspace.o(.text)
    __rt_errno_addr$intlibspace              0x08000285   Thumb Code     0  rt_errno_addr_intlibspace.o(.text)
    __user_libspace                          0x0800028d   Thumb Code     8  libspace.o(.text)
    __user_perproc_libspace                  0x0800028d   Thumb Code     0  libspace.o(.text)
    __user_perthread_libspace                0x0800028d   Thumb Code     0  libspace.o(.text)
    __user_setup_stackheap                   0x08000295   Thumb Code    74  sys_stackheap_outer.o(.text)
    exit                                     0x080002df   Thumb Code    18  exit.o(.text)
    _sys_exit                                0x080002f1   Thumb Code     8  sys_exit.o(.text)
    __I$use$semihosting                      0x080002fd   Thumb Code     0  use_no_semi.o(.text)
    __use_no_semihosting_swi                 0x080002fd   Thumb Code     2  use_no_semi.o(.text)
    __semihosting_library_function           0x080002ff   Thumb Code     0  indicate_semi.o(.text)
    ADC1_Init                                0x08000301   Thumb Code   100  lm35dz.o(i.ADC1_Init)
    ADC2_Init                                0x0800036d   Thumb Code   100  g-nico.o(i.ADC2_Init)
    ADC3_Init                                0x080003d9   Thumb Code   100  ntc.o(i.ADC3_Init)
    ADC_Cmd                                  0x08000445   Thumb Code    22  stm32f4xx_adc.o(i.ADC_Cmd)
    ADC_GetConversionValue                   0x0800045b   Thumb Code     8  stm32f4xx_adc.o(i.ADC_GetConversionValue)
    ADC_Init                                 0x08000465   Thumb Code    74  stm32f4xx_adc.o(i.ADC_Init)
    ADC_RegularChannelConfig                 0x080004b9   Thumb Code   184  stm32f4xx_adc.o(i.ADC_RegularChannelConfig)
    ADC_SoftwareStartConv                    0x08000571   Thumb Code    10  stm32f4xx_adc.o(i.ADC_SoftwareStartConv)
    ADC_StructInit                           0x0800057b   Thumb Code    20  stm32f4xx_adc.o(i.ADC_StructInit)
    DS_temp                                  0x08000591   Thumb Code   260  ds18b20.o(i.DS_temp)
    GPIO_Init                                0x0800069d   Thumb Code   144  stm32f4xx_gpio.o(i.GPIO_Init)
    GPIO_PinAFConfig                         0x0800072d   Thumb Code    70  stm32f4xx_gpio.o(i.GPIO_PinAFConfig)
    GPIO_ReadInputDataBit                    0x08000773   Thumb Code    18  stm32f4xx_gpio.o(i.GPIO_ReadInputDataBit)
    GPIO_ResetBits                           0x08000785   Thumb Code     4  stm32f4xx_gpio.o(i.GPIO_ResetBits)
    GPIO_SetBits                             0x08000789   Thumb Code     4  stm32f4xx_gpio.o(i.GPIO_SetBits)
    GPIO_WriteBit                            0x0800078d   Thumb Code    10  stm32f4xx_gpio.o(i.GPIO_WriteBit)
    I2C_AcknowledgeConfig                    0x08000797   Thumb Code    24  stm32f4xx_i2c.o(i.I2C_AcknowledgeConfig)
    I2C_CheckEvent                           0x080007af   Thumb Code    42  stm32f4xx_i2c.o(i.I2C_CheckEvent)
    I2C_Cmd                                  0x080007d9   Thumb Code    24  stm32f4xx_i2c.o(i.I2C_Cmd)
    I2C_GenerateSTART                        0x080007f1   Thumb Code    24  stm32f4xx_i2c.o(i.I2C_GenerateSTART)
    I2C_GenerateSTOP                         0x08000809   Thumb Code    24  stm32f4xx_i2c.o(i.I2C_GenerateSTOP)
    I2C_GetFlagStatus                        0x08000821   Thumb Code    58  stm32f4xx_i2c.o(i.I2C_GetFlagStatus)
    I2C_Init                                 0x0800085d   Thumb Code   218  stm32f4xx_i2c.o(i.I2C_Init)
    I2C_ReceiveData                          0x08000945   Thumb Code     8  stm32f4xx_i2c.o(i.I2C_ReceiveData)
    I2C_Send7bitAddress                      0x0800094d   Thumb Code    16  stm32f4xx_i2c.o(i.I2C_Send7bitAddress)
    I2C_SendData                             0x0800095d   Thumb Code     4  stm32f4xx_i2c.o(i.I2C_SendData)
    Init_I2C_GPIO                            0x08000961   Thumb Code   142  tmp101.o(i.Init_I2C_GPIO)
    LM_temp                                  0x080009fd   Thumb Code    64  lm35dz.o(i.LM_temp)
    NICO_temp                                0x08000a49   Thumb Code   556  g-nico.o(i.NICO_temp)
    NTC                                      0x08000cd5   Thumb Code    80  ntc.o(i.NTC)
    NVIC_Init                                0x08000d69   Thumb Code   106  misc.o(i.NVIC_Init)
    RCC_AHB1PeriphClockCmd                   0x08000de1   Thumb Code    26  stm32f4xx_rcc.o(i.RCC_AHB1PeriphClockCmd)
    RCC_APB1PeriphClockCmd                   0x08000e01   Thumb Code    26  stm32f4xx_rcc.o(i.RCC_APB1PeriphClockCmd)
    RCC_APB2PeriphClockCmd                   0x08000e21   Thumb Code    26  stm32f4xx_rcc.o(i.RCC_APB2PeriphClockCmd)
    RCC_GetClocksFreq                        0x08000e41   Thumb Code   214  stm32f4xx_rcc.o(i.RCC_GetClocksFreq)
    SPI1_Init                                0x08000f29   Thumb Code   192  max6682.o(i.SPI1_Init)
    SPI2_Init                                0x08000ff1   Thumb Code   196  max6675.o(i.SPI2_Init)
    SPI_BiDirectionalLineConfig              0x080010bd   Thumb Code    28  stm32f4xx_spi.o(i.SPI_BiDirectionalLineConfig)
    SPI_Cmd                                  0x080010d9   Thumb Code    24  stm32f4xx_spi.o(i.SPI_Cmd)
    SPI_I2S_GetFlagStatus                    0x080010f1   Thumb Code    18  stm32f4xx_spi.o(i.SPI_I2S_GetFlagStatus)
    SPI_I2S_ReceiveData                      0x08001103   Thumb Code     6  stm32f4xx_spi.o(i.SPI_I2S_ReceiveData)
    SPI_I2S_SendData                         0x08001109   Thumb Code     4  stm32f4xx_spi.o(i.SPI_I2S_SendData)
    SPI_Init                                 0x0800110d   Thumb Code    60  stm32f4xx_spi.o(i.SPI_Init)
    SysTick_Handler                          0x08001235   Thumb Code     8  delay.o(i.SysTick_Handler)
    SysTick_Init                             0x0800123d   Thumb Code    88  delay.o(i.SysTick_Init)
    SystemInit                               0x080012a5   Thumb Code    88  system_stm32f4xx.o(i.SystemInit)
    TIM2_IRQHandler                          0x0800130d   Thumb Code    56  timer.o(i.TIM2_IRQHandler)
    TIM_ClearITPendingBit                    0x0800134d   Thumb Code     6  stm32f4xx_tim.o(i.TIM_ClearITPendingBit)
    TIM_Cmd                                  0x08001353   Thumb Code    24  stm32f4xx_tim.o(i.TIM_Cmd)
    TIM_GetITStatus                          0x0800136b   Thumb Code    34  stm32f4xx_tim.o(i.TIM_GetITStatus)
    TIM_ITConfig                             0x0800138d   Thumb Code    18  stm32f4xx_tim.o(i.TIM_ITConfig)
    TIM_TimeBaseInit                         0x080013a1   Thumb Code   104  stm32f4xx_tim.o(i.TIM_TimeBaseInit)
    TimeTick_Decrement                       0x08001425   Thumb Code    18  delay.o(i.TimeTick_Decrement)
    USART1_IRQHandler                        0x0800143d   Thumb Code   102  usart.o(i.USART1_IRQHandler)
    USART6_Dequeue                           0x080014b9   Thumb Code    80  usart.o(i.USART6_Dequeue)
    USART6_IRQHandler                        0x08001515   Thumb Code   132  usart.o(i.USART6_IRQHandler)
    USART6_Init                              0x080015b9   Thumb Code   212  usart.o(i.USART6_Init)
    USART6_SendChar                          0x080016a9   Thumb Code    30  usart.o(i.USART6_SendChar)
    USART_ClearITPendingBit                  0x080016d1   Thumb Code    30  stm32f4xx_usart.o(i.USART_ClearITPendingBit)
    USART_Cmd                                0x080016ef   Thumb Code    24  stm32f4xx_usart.o(i.USART_Cmd)
    USART_GetITStatus                        0x08001707   Thumb Code    84  stm32f4xx_usart.o(i.USART_GetITStatus)
    USART_ITConfig                           0x0800175b   Thumb Code    74  stm32f4xx_usart.o(i.USART_ITConfig)
    USART_Init                               0x080017a5   Thumb Code   204  stm32f4xx_usart.o(i.USART_Init)
    USART_ReceiveData                        0x08001879   Thumb Code    10  stm32f4xx_usart.o(i.USART_ReceiveData)
    USART_SendData                           0x08001883   Thumb Code     8  stm32f4xx_usart.o(i.USART_SendData)
    __ARM_fpclassify                         0x0800188b   Thumb Code    48  fpclassify.o(i.__ARM_fpclassify)
    __hardfp_pow                             0x080018c1   Thumb Code  3072  pow.o(i.__hardfp_pow)
    __hardfp_sqrt                            0x08002511   Thumb Code   122  sqrt.o(i.__hardfp_sqrt)
    __kernel_poly                            0x0800258b   Thumb Code   248  poly.o(i.__kernel_poly)
    __mathlib_dbl_divzero                    0x08002689   Thumb Code    28  dunder.o(i.__mathlib_dbl_divzero)
    __mathlib_dbl_infnan2                    0x080026b9   Thumb Code    20  dunder.o(i.__mathlib_dbl_infnan2)
    __mathlib_dbl_invalid                    0x080026d1   Thumb Code    24  dunder.o(i.__mathlib_dbl_invalid)
    __mathlib_dbl_overflow                   0x080026f1   Thumb Code    24  dunder.o(i.__mathlib_dbl_overflow)
    __mathlib_dbl_underflow                  0x08002711   Thumb Code    24  dunder.o(i.__mathlib_dbl_underflow)
    buffer_initialization                    0x08002731   Thumb Code    12  usart.o(i.buffer_initialization)
    calculateCRC                             0x08002745   Thumb Code   168  packing.o(i.calculateCRC)
    check_flag                               0x080027ed   Thumb Code    30  usart.o(i.check_flag)
    delay_nus                                0x08002811   Thumb Code    22  delay.o(i.delay_nus)
    ds18b20_temp                             0x0800282d   Thumb Code    24  dataorganization.o(i.ds18b20_temp)
    empty_buffer                             0x08002845   Thumb Code    24  usart.o(i.empty_buffer)
    fabs                                     0x0800285d   Thumb Code    24  fabs.o(i.fabs)
    fillBuffer                               0x08002875   Thumb Code    62  usart.o(i.fillBuffer)
    getOpcode                                0x080028c1   Thumb Code    28  packing.o(i.getOpcode)
    get_temp                                 0x080028dd   Thumb Code   438  dataorganization.o(i.get_temp)
    gnico001_temp                            0x08002a99   Thumb Code    24  dataorganization.o(i.gnico001_temp)
    gpio_init                                0x08002ab5   Thumb Code    46  ds18b20.o(i.gpio_init)
    i2c_write                                0x08002ae9   Thumb Code    30  tmp101.o(i.i2c_write)
    lm35dz_temp                              0x08002b0d   Thumb Code    24  dataorganization.o(i.lm35dz_temp)
    main                                     0x08002b29   Thumb Code   146  main.o(i.main)
    max6675_temp                             0x08002bc1   Thumb Code    24  dataorganization.o(i.max6675_temp)
    max6675temp                              0x08002bdd   Thumb Code   112  max6675.o(i.max6675temp)
    max6682_temp                             0x08002c5d   Thumb Code    24  dataorganization.o(i.max6682_temp)
    max6682temp                              0x08002c79   Thumb Code   108  max6682.o(i.max6682temp)
    ntc_temp                                 0x08002cf5   Thumb Code    24  dataorganization.o(i.ntc_temp)
    pop_Buffer                               0x08002d11   Thumb Code    80  usart.o(i.pop_Buffer)
    read                                     0x08002d6d   Thumb Code    96  ds18b20.o(i.read)
    read_ack                                 0x08002dd1   Thumb Code    38  tmp101.o(i.read_ack)
    read_nack                                0x08002dfd   Thumb Code    46  tmp101.o(i.read_nack)
    reset                                    0x08002e31   Thumb Code   100  ds18b20.o(i.reset)
    returnPacked                             0x08002e99   Thumb Code   268  packing.o(i.returnPacked)
    sqrt                                     0x08002fa5   Thumb Code   110  sqrt.o(i.sqrt)
    start_rec                                0x08003015   Thumb Code    56  tmp101.o(i.start_rec)
    start_trans                              0x08003051   Thumb Code    70  tmp101.o(i.start_trans)
    timer2_get_millisec                      0x080030a1   Thumb Code    46  timer.o(i.timer2_get_millisec)
    timer2_init                              0x080030d9   Thumb Code   134  timer.o(i.timer2_init)
    timer2_wait_millisec                     0x08003169   Thumb Code    38  timer.o(i.timer2_wait_millisec)
    timer_flag                               0x08003191   Thumb Code    20  timer.o(i.timer_flag)
    tmp101_init                              0x080031a9   Thumb Code    46  tmp101.o(i.tmp101_init)
    tmp101_temp                              0x080031dd   Thumb Code    30  dataorganization.o(i.tmp101_temp)
    tmp_temp                                 0x08003201   Thumb Code    96  tmp101.o(i.tmp_temp)
    usart1_init                              0x0800326d   Thumb Code   212  usart.o(i.usart1_init)
    write                                    0x0800335d   Thumb Code   126  ds18b20.o(i.write)
    __aeabi_dneg                             0x080033e1   Thumb Code     0  basic.o(x$fpl$basic)
    _dneg                                    0x080033e1   Thumb Code     6  basic.o(x$fpl$basic)
    __aeabi_fneg                             0x080033e7   Thumb Code     0  basic.o(x$fpl$basic)
    _fneg                                    0x080033e7   Thumb Code     6  basic.o(x$fpl$basic)
    _dabs                                    0x080033ed   Thumb Code     6  basic.o(x$fpl$basic)
    _fabs                                    0x080033f3   Thumb Code     6  basic.o(x$fpl$basic)
    __aeabi_d2f                              0x080033f9   Thumb Code     0  d2f.o(x$fpl$d2f)
    _d2f                                     0x080033f9   Thumb Code    98  d2f.o(x$fpl$d2f)
    __aeabi_dadd                             0x0800345d   Thumb Code     0  daddsub_clz.o(x$fpl$dadd)
    _dadd                                    0x0800345d   Thumb Code   332  daddsub_clz.o(x$fpl$dadd)
    __fpl_dcheck_NaN1                        0x080035ad   Thumb Code    10  dcheck1.o(x$fpl$dcheck1)
    __fpl_dcmp_Inf                           0x080035bd   Thumb Code    24  dcmpi.o(x$fpl$dcmpinf)
    __aeabi_ddiv                             0x080035d5   Thumb Code     0  ddiv.o(x$fpl$ddiv)
    _ddiv                                    0x080035d5   Thumb Code   552  ddiv.o(x$fpl$ddiv)
    __aeabi_i2d                              0x08003885   Thumb Code     0  dflt_clz.o(x$fpl$dflt)
    _dflt                                    0x08003885   Thumb Code    46  dflt_clz.o(x$fpl$dflt)
    __aeabi_ui2d                             0x080038b3   Thumb Code     0  dflt_clz.o(x$fpl$dfltu)
    _dfltu                                   0x080038b3   Thumb Code    38  dflt_clz.o(x$fpl$dfltu)
    __aeabi_cdcmple                          0x080038d9   Thumb Code     0  dleqf.o(x$fpl$dleqf)
    _dcmple                                  0x080038d9   Thumb Code   120  dleqf.o(x$fpl$dleqf)
    __fpl_dcmple_InfNaN                      0x0800393b   Thumb Code     0  dleqf.o(x$fpl$dleqf)
    __aeabi_dmul                             0x08003951   Thumb Code     0  dmul.o(x$fpl$dmul)
    _dmul                                    0x08003951   Thumb Code   332  dmul.o(x$fpl$dmul)
    __fpl_dnaninf                            0x08003aa5   Thumb Code   156  dnaninf.o(x$fpl$dnaninf)
    __fpl_dretinf                            0x08003b41   Thumb Code    12  dretinf.o(x$fpl$dretinf)
    __aeabi_cdrcmple                         0x08003b4d   Thumb Code     0  drleqf.o(x$fpl$drleqf)
    _drcmple                                 0x08003b4d   Thumb Code   108  drleqf.o(x$fpl$drleqf)
    __aeabi_drsub                            0x08003bb9   Thumb Code     0  daddsub_clz.o(x$fpl$drsb)
    _drsb                                    0x08003bb9   Thumb Code    22  daddsub_clz.o(x$fpl$drsb)
    _dsqrt                                   0x08003bd1   Thumb Code   404  dsqrt_umaal.o(x$fpl$dsqrt)
    __aeabi_dsub                             0x08003d69   Thumb Code     0  daddsub_clz.o(x$fpl$dsub)
    _dsub                                    0x08003d69   Thumb Code   464  daddsub_clz.o(x$fpl$dsub)
    __aeabi_f2d                              0x08003f3d   Thumb Code     0  f2d.o(x$fpl$f2d)
    _f2d                                     0x08003f3d   Thumb Code    86  f2d.o(x$fpl$f2d)
    __fpl_fnaninf                            0x08003f93   Thumb Code   140  fnaninf.o(x$fpl$fnaninf)
    _fp_init                                 0x0800401f   Thumb Code    10  fpinit.o(x$fpl$fpinit)
    __fplib_config_fpu_vfp                   0x08004027   Thumb Code     0  fpinit.o(x$fpl$fpinit)
    __fplib_config_pureend_doubles           0x08004027   Thumb Code     0  fpinit.o(x$fpl$fpinit)
    __fpl_fretinf                            0x08004029   Thumb Code    10  fretinf.o(x$fpl$fretinf)
    __fpl_return_NaN                         0x08004033   Thumb Code   100  retnan.o(x$fpl$retnan)
    __ARM_scalbn                             0x08004097   Thumb Code    92  scalbn.o(x$fpl$scalbn)
    __fpl_cmpreturn                          0x080040f3   Thumb Code    48  trapv.o(x$fpl$trapveneer)
    __I$use$fp                               0x08004122   Number         0  usenofp.o(x$fpl$usenofp)
    __mathlib_zero                           0x080041b0   Data           8  qnan.o(.constdata)
    Region$$Table$$Base                      0x080041b8   Number         0  anon$$obj.o(Region$$Table)
    Region$$Table$$Limit                     0x080041d8   Number         0  anon$$obj.o(Region$$Table)
    SystemCoreClock                          0x20000000   Data           4  system_stm32f4xx.o(.data)
    AHBPrescTable                            0x20000004   Data          16  system_stm32f4xx.o(.data)
    head_request                             0x20000024   Data           4  usart.o(.data)
    tail_request                             0x20000028   Data           4  usart.o(.data)
    head                                     0x2000002c   Data           4  usart.o(.data)
    tail                                     0x20000030   Data           4  usart.o(.data)
    txReady                                  0x20000034   Data           4  usart.o(.data)
    request_ready                            0x20000038   Data           4  usart.o(.data)
    RX_BUFFER_HEAD                           0x2000003c   Data           4  usart.o(.data)
    RX_BUFFER_TAIL                           0x20000040   Data           4  usart.o(.data)
    TxReady                                  0x20000044   Data           1  usart.o(.data)
    timer2_Ticks_Millisec                    0x20000048   Data           4  timer.o(.data)
    millisec                                 0x2000004c   Data           4  timer.o(.data)
    request_buffer                           0x20000054   Data        9000  usart.o(.bss)
    buffer                                   0x2000237c   Data        9000  usart.o(.bss)
    RX_BUFFER                                0x200046a4   Data        9000  usart.o(.bss)
    __libspace_start                         0x200069cc   Data          96  libspace.o(.bss)
    __temporary_stack_top$libspace           0x20006a2c   Data           0  libspace.o(.bss)



==============================================================================

Memory Map of the image

  Image Entry point : 0x08000229

  Load Region LR_1 (Base: 0x08000000, Size: 0x0000422c, Max: 0xffffffff, ABSOLUTE)

    Execution Region ER_RO (Exec base: 0x08000000, Load base: 0x08000000, Size: 0x000041d8, Max: 0xffffffff, ABSOLUTE)

    Exec Addr    Load Addr    Size         Type   Attr      Idx    E Section Name        Object

    0x08000000   0x08000000   0x00000188   Data   RO            3    RESET               startup_stm32f40_41xxx.o
    0x08000188   0x08000188   0x00000008   Code   RO         3190  * !!!main             c_w.l(__main.o)
    0x08000190   0x08000190   0x00000034   Code   RO         3463    !!!scatter          c_w.l(__scatter.o)
    0x080001c4   0x080001c4   0x0000001a   Code   RO         3465    !!handler_copy      c_w.l(__scatter_copy.o)
    0x080001de   0x080001de   0x00000002   PAD
    0x080001e0   0x080001e0   0x0000001c   Code   RO         3467    !!handler_zi        c_w.l(__scatter_zi.o)
    0x080001fc   0x080001fc   0x00000002   Code   RO         3332    .ARM.Collect$$libinit$$00000000  c_w.l(libinit.o)
    0x080001fe   0x080001fe   0x00000004   Code   RO         3337    .ARM.Collect$$libinit$$00000001  c_w.l(libinit2.o)
    0x08000202   0x08000202   0x00000000   Code   RO         3340    .ARM.Collect$$libinit$$00000004  c_w.l(libinit2.o)
    0x08000202   0x08000202   0x00000000   Code   RO         3343    .ARM.Collect$$libinit$$0000000A  c_w.l(libinit2.o)
    0x08000202   0x08000202   0x00000000   Code   RO         3345    .ARM.Collect$$libinit$$0000000C  c_w.l(libinit2.o)
    0x08000202   0x08000202   0x00000000   Code   RO         3347    .ARM.Collect$$libinit$$0000000E  c_w.l(libinit2.o)
    0x08000202   0x08000202   0x00000000   Code   RO         3350    .ARM.Collect$$libinit$$00000011  c_w.l(libinit2.o)
    0x08000202   0x08000202   0x00000000   Code   RO         3352    .ARM.Collect$$libinit$$00000013  c_w.l(libinit2.o)
    0x08000202   0x08000202   0x00000000   Code   RO         3354    .ARM.Collect$$libinit$$00000015  c_w.l(libinit2.o)
    0x08000202   0x08000202   0x00000000   Code   RO         3356    .ARM.Collect$$libinit$$00000017  c_w.l(libinit2.o)
    0x08000202   0x08000202   0x00000000   Code   RO         3358    .ARM.Collect$$libinit$$00000019  c_w.l(libinit2.o)
    0x08000202   0x08000202   0x00000000   Code   RO         3360    .ARM.Collect$$libinit$$0000001B  c_w.l(libinit2.o)
    0x08000202   0x08000202   0x00000000   Code   RO         3362    .ARM.Collect$$libinit$$0000001D  c_w.l(libinit2.o)
    0x08000202   0x08000202   0x00000000   Code   RO         3364    .ARM.Collect$$libinit$$0000001F  c_w.l(libinit2.o)
    0x08000202   0x08000202   0x00000000   Code   RO         3366    .ARM.Collect$$libinit$$00000021  c_w.l(libinit2.o)
    0x08000202   0x08000202   0x00000000   Code   RO         3368    .ARM.Collect$$libinit$$00000023  c_w.l(libinit2.o)
    0x08000202   0x08000202   0x00000000   Code   RO         3370    .ARM.Collect$$libinit$$00000025  c_w.l(libinit2.o)
    0x08000202   0x08000202   0x00000000   Code   RO         3374    .ARM.Collect$$libinit$$0000002C  c_w.l(libinit2.o)
    0x08000202   0x08000202   0x00000000   Code   RO         3376    .ARM.Collect$$libinit$$0000002E  c_w.l(libinit2.o)
    0x08000202   0x08000202   0x00000000   Code   RO         3378    .ARM.Collect$$libinit$$00000030  c_w.l(libinit2.o)
    0x08000202   0x08000202   0x00000000   Code   RO         3380    .ARM.Collect$$libinit$$00000032  c_w.l(libinit2.o)
    0x08000202   0x08000202   0x00000002   Code   RO         3381    .ARM.Collect$$libinit$$00000033  c_w.l(libinit2.o)
    0x08000204   0x08000204   0x00000002   Code   RO         3403    .ARM.Collect$$libshutdown$$00000000  c_w.l(libshutdown.o)
    0x08000206   0x08000206   0x00000000   Code   RO         3416    .ARM.Collect$$libshutdown$$00000002  c_w.l(libshutdown2.o)
    0x08000206   0x08000206   0x00000000   Code   RO         3418    .ARM.Collect$$libshutdown$$00000004  c_w.l(libshutdown2.o)
    0x08000206   0x08000206   0x00000000   Code   RO         3421    .ARM.Collect$$libshutdown$$00000007  c_w.l(libshutdown2.o)
    0x08000206   0x08000206   0x00000000   Code   RO         3424    .ARM.Collect$$libshutdown$$0000000A  c_w.l(libshutdown2.o)
    0x08000206   0x08000206   0x00000000   Code   RO         3426    .ARM.Collect$$libshutdown$$0000000C  c_w.l(libshutdown2.o)
    0x08000206   0x08000206   0x00000000   Code   RO         3429    .ARM.Collect$$libshutdown$$0000000F  c_w.l(libshutdown2.o)
    0x08000206   0x08000206   0x00000002   Code   RO         3430    .ARM.Collect$$libshutdown$$00000010  c_w.l(libshutdown2.o)
    0x08000208   0x08000208   0x00000000   Code   RO         3240    .ARM.Collect$$rtentry$$00000000  c_w.l(__rtentry.o)
    0x08000208   0x08000208   0x00000000   Code   RO         3295    .ARM.Collect$$rtentry$$00000002  c_w.l(__rtentry2.o)
    0x08000208   0x08000208   0x00000006   Code   RO         3307    .ARM.Collect$$rtentry$$00000004  c_w.l(__rtentry4.o)
    0x0800020e   0x0800020e   0x00000000   Code   RO         3297    .ARM.Collect$$rtentry$$00000009  c_w.l(__rtentry2.o)
    0x0800020e   0x0800020e   0x00000004   Code   RO         3298    .ARM.Collect$$rtentry$$0000000A  c_w.l(__rtentry2.o)
    0x08000212   0x08000212   0x00000000   Code   RO         3300    .ARM.Collect$$rtentry$$0000000C  c_w.l(__rtentry2.o)
    0x08000212   0x08000212   0x00000008   Code   RO         3301    .ARM.Collect$$rtentry$$0000000D  c_w.l(__rtentry2.o)
    0x0800021a   0x0800021a   0x00000002   Code   RO         3335    .ARM.Collect$$rtexit$$00000000  c_w.l(rtexit.o)
    0x0800021c   0x0800021c   0x00000000   Code   RO         3385    .ARM.Collect$$rtexit$$00000002  c_w.l(rtexit2.o)
    0x0800021c   0x0800021c   0x00000004   Code   RO         3386    .ARM.Collect$$rtexit$$00000003  c_w.l(rtexit2.o)
    0x08000220   0x08000220   0x00000006   Code   RO         3387    .ARM.Collect$$rtexit$$00000004  c_w.l(rtexit2.o)
    0x08000226   0x08000226   0x00000002   PAD
    0x08000228   0x08000228   0x00000040   Code   RO            4  * .text               startup_stm32f40_41xxx.o
    0x08000268   0x08000268   0x00000006   Code   RO         3188    .text               c_w.l(heapauxi.o)
    0x0800026e   0x0800026e   0x00000016   Code   RO         3241    .text               c_w.l(_rserrno.o)
    0x08000284   0x08000284   0x00000008   Code   RO         3312    .text               c_w.l(rt_errno_addr_intlibspace.o)
    0x0800028c   0x0800028c   0x00000008   Code   RO         3320    .text               c_w.l(libspace.o)
    0x08000294   0x08000294   0x0000004a   Code   RO         3323    .text               c_w.l(sys_stackheap_outer.o)
    0x080002de   0x080002de   0x00000012   Code   RO         3325    .text               c_w.l(exit.o)
    0x080002f0   0x080002f0   0x0000000c   Code   RO         3395    .text               c_w.l(sys_exit.o)
    0x080002fc   0x080002fc   0x00000002   Code   RO         3406    .text               c_w.l(use_no_semi.o)
    0x080002fe   0x080002fe   0x00000000   Code   RO         3408    .text               c_w.l(indicate_semi.o)
    0x080002fe   0x080002fe   0x00000002   PAD
    0x08000300   0x08000300   0x0000006c   Code   RO         1559    i.ADC1_Init         lm35dz.o
    0x0800036c   0x0800036c   0x0000006c   Code   RO         1958    i.ADC2_Init         g-nico.o
    0x080003d8   0x080003d8   0x0000006c   Code   RO         1988    i.ADC3_Init         ntc.o
    0x08000444   0x08000444   0x00000016   Code   RO         2024    i.ADC_Cmd           Template.lib(stm32f4xx_adc.o)
    0x0800045a   0x0800045a   0x00000008   Code   RO         2036    i.ADC_GetConversionValue  Template.lib(stm32f4xx_adc.o)
    0x08000462   0x08000462   0x00000002   PAD
    0x08000464   0x08000464   0x00000054   Code   RO         2044    i.ADC_Init          Template.lib(stm32f4xx_adc.o)
    0x080004b8   0x080004b8   0x000000b8   Code   RO         2049    i.ADC_RegularChannelConfig  Template.lib(stm32f4xx_adc.o)
    0x08000570   0x08000570   0x0000000a   Code   RO         2051    i.ADC_SoftwareStartConv  Template.lib(stm32f4xx_adc.o)
    0x0800057a   0x0800057a   0x00000014   Code   RO         2053    i.ADC_StructInit    Template.lib(stm32f4xx_adc.o)
    0x0800058e   0x0800058e   0x00000002   PAD
    0x08000590   0x08000590   0x0000010c   Code   RO         1508    i.DS_temp           ds18b20.o
    0x0800069c   0x0800069c   0x00000090   Code   RO          246    i.GPIO_Init         stm32f4xx_gpio.o
    0x0800072c   0x0800072c   0x00000046   Code   RO          247    i.GPIO_PinAFConfig  stm32f4xx_gpio.o
    0x08000772   0x08000772   0x00000012   Code   RO          250    i.GPIO_ReadInputDataBit  stm32f4xx_gpio.o
    0x08000784   0x08000784   0x00000004   Code   RO          253    i.GPIO_ResetBits    stm32f4xx_gpio.o
    0x08000788   0x08000788   0x00000004   Code   RO          254    i.GPIO_SetBits      stm32f4xx_gpio.o
    0x0800078c   0x0800078c   0x0000000a   Code   RO          258    i.GPIO_WriteBit     stm32f4xx_gpio.o
    0x08000796   0x08000796   0x00000018   Code   RO         2366    i.I2C_AcknowledgeConfig  Template.lib(stm32f4xx_i2c.o)
    0x080007ae   0x080007ae   0x0000002a   Code   RO         2369    i.I2C_CheckEvent    Template.lib(stm32f4xx_i2c.o)
    0x080007d8   0x080007d8   0x00000018   Code   RO         2372    i.I2C_Cmd           Template.lib(stm32f4xx_i2c.o)
    0x080007f0   0x080007f0   0x00000018   Code   RO         2380    i.I2C_GenerateSTART  Template.lib(stm32f4xx_i2c.o)
    0x08000808   0x08000808   0x00000018   Code   RO         2381    i.I2C_GenerateSTOP  Template.lib(stm32f4xx_i2c.o)
    0x08000820   0x08000820   0x0000003a   Code   RO         2382    i.I2C_GetFlagStatus  Template.lib(stm32f4xx_i2c.o)
    0x0800085a   0x0800085a   0x00000002   PAD
    0x0800085c   0x0800085c   0x000000e8   Code   RO         2387    i.I2C_Init          Template.lib(stm32f4xx_i2c.o)
    0x08000944   0x08000944   0x00000008   Code   RO         2392    i.I2C_ReceiveData   Template.lib(stm32f4xx_i2c.o)
    0x0800094c   0x0800094c   0x00000010   Code   RO         2394    i.I2C_Send7bitAddress  Template.lib(stm32f4xx_i2c.o)
    0x0800095c   0x0800095c   0x00000004   Code   RO         2395    i.I2C_SendData      Template.lib(stm32f4xx_i2c.o)
    0x08000960   0x08000960   0x0000009c   Code   RO         1589    i.Init_I2C_GPIO     tmp101.o
    0x080009fc   0x080009fc   0x0000004c   Code   RO         1560    i.LM_temp           lm35dz.o
    0x08000a48   0x08000a48   0x0000028c   Code   RO         1959    i.NICO_temp         g-nico.o
    0x08000cd4   0x08000cd4   0x00000064   Code   RO         1989    i.NTC               ntc.o
    0x08000d38   0x08000d38   0x00000018   Code   RO         1251    i.NVIC_DisableIRQ   usart.o
    0x08000d50   0x08000d50   0x00000016   Code   RO         1252    i.NVIC_EnableIRQ    usart.o
    0x08000d66   0x08000d66   0x00000002   PAD
    0x08000d68   0x08000d68   0x00000078   Code   RO          911    i.NVIC_Init         misc.o
    0x08000de0   0x08000de0   0x00000020   Code   RO          381    i.RCC_AHB1PeriphClockCmd  stm32f4xx_rcc.o
    0x08000e00   0x08000e00   0x00000020   Code   RO          390    i.RCC_APB1PeriphClockCmd  stm32f4xx_rcc.o
    0x08000e20   0x08000e20   0x00000020   Code   RO          393    i.RCC_APB2PeriphClockCmd  stm32f4xx_rcc.o
    0x08000e40   0x08000e40   0x000000e8   Code   RO          402    i.RCC_GetClocksFreq  stm32f4xx_rcc.o
    0x08000f28   0x08000f28   0x000000c8   Code   RO         1691    i.SPI1_Init         max6682.o
    0x08000ff0   0x08000ff0   0x000000cc   Code   RO         1658    i.SPI2_Init         max6675.o
    0x080010bc   0x080010bc   0x0000001c   Code   RO         1794    i.SPI_BiDirectionalLineConfig  stm32f4xx_spi.o
    0x080010d8   0x080010d8   0x00000018   Code   RO         1796    i.SPI_Cmd           stm32f4xx_spi.o
    0x080010f0   0x080010f0   0x00000012   Code   RO         1804    i.SPI_I2S_GetFlagStatus  stm32f4xx_spi.o
    0x08001102   0x08001102   0x00000006   Code   RO         1807    i.SPI_I2S_ReceiveData  stm32f4xx_spi.o
    0x08001108   0x08001108   0x00000004   Code   RO         1808    i.SPI_I2S_SendData  stm32f4xx_spi.o
    0x0800110c   0x0800110c   0x0000003c   Code   RO         1809    i.SPI_Init          stm32f4xx_spi.o
    0x08001148   0x08001148   0x000000ec   Code   RO           13    i.SetSysClock       system_stm32f4xx.o
    0x08001234   0x08001234   0x00000008   Code   RO         1445    i.SysTick_Handler   delay.o
    0x0800123c   0x0800123c   0x00000068   Code   RO         1446    i.SysTick_Init      delay.o
    0x080012a4   0x080012a4   0x00000068   Code   RO           15    i.SystemInit        system_stm32f4xx.o
    0x0800130c   0x0800130c   0x00000040   Code   RO         1394    i.TIM2_IRQHandler   timer.o
    0x0800134c   0x0800134c   0x00000006   Code   RO         2604    i.TIM_ClearITPendingBit  Template.lib(stm32f4xx_tim.o)
    0x08001352   0x08001352   0x00000018   Code   RO         2609    i.TIM_Cmd           Template.lib(stm32f4xx_tim.o)
    0x0800136a   0x0800136a   0x00000022   Code   RO         2630    i.TIM_GetITStatus   Template.lib(stm32f4xx_tim.o)
    0x0800138c   0x0800138c   0x00000012   Code   RO         2634    i.TIM_ITConfig      Template.lib(stm32f4xx_tim.o)
    0x0800139e   0x0800139e   0x00000002   PAD
    0x080013a0   0x080013a0   0x00000084   Code   RO         2681    i.TIM_TimeBaseInit  Template.lib(stm32f4xx_tim.o)
    0x08001424   0x08001424   0x00000018   Code   RO         1447    i.TimeTick_Decrement  delay.o
    0x0800143c   0x0800143c   0x0000007c   Code   RO         1253    i.USART1_IRQHandler  usart.o
    0x080014b8   0x080014b8   0x0000005c   Code   RO         1254    i.USART6_Dequeue    usart.o
    0x08001514   0x08001514   0x000000a4   Code   RO         1255    i.USART6_IRQHandler  usart.o
    0x080015b8   0x080015b8   0x000000f0   Code   RO         1256    i.USART6_Init       usart.o
    0x080016a8   0x080016a8   0x00000028   Code   RO         1257    i.USART6_SendChar   usart.o
    0x080016d0   0x080016d0   0x0000001e   Code   RO          720    i.USART_ClearITPendingBit  stm32f4xx_usart.o
    0x080016ee   0x080016ee   0x00000018   Code   RO          723    i.USART_Cmd         stm32f4xx_usart.o
    0x08001706   0x08001706   0x00000054   Code   RO          727    i.USART_GetITStatus  stm32f4xx_usart.o
    0x0800175a   0x0800175a   0x0000004a   Code   RO          729    i.USART_ITConfig    stm32f4xx_usart.o
    0x080017a4   0x080017a4   0x000000d4   Code   RO          730    i.USART_Init        stm32f4xx_usart.o
    0x08001878   0x08001878   0x0000000a   Code   RO          737    i.USART_ReceiveData  stm32f4xx_usart.o
    0x08001882   0x08001882   0x00000008   Code   RO          740    i.USART_SendData    stm32f4xx_usart.o
    0x0800188a   0x0800188a   0x00000030   Code   RO         3289    i.__ARM_fpclassify  m_wm.l(fpclassify.o)
    0x080018ba   0x080018ba   0x00000006   PAD
    0x080018c0   0x080018c0   0x00000c50   Code   RO         3214    i.__hardfp_pow      m_wm.l(pow.o)
    0x08002510   0x08002510   0x0000007a   Code   RO         3228    i.__hardfp_sqrt     m_wm.l(sqrt.o)
    0x0800258a   0x0800258a   0x000000f8   Code   RO         3291    i.__kernel_poly     m_wm.l(poly.o)
    0x08002682   0x08002682   0x00000006   PAD
    0x08002688   0x08002688   0x00000030   Code   RO         3269    i.__mathlib_dbl_divzero  m_wm.l(dunder.o)
    0x080026b8   0x080026b8   0x00000014   Code   RO         3271    i.__mathlib_dbl_infnan2  m_wm.l(dunder.o)
    0x080026cc   0x080026cc   0x00000004   PAD
    0x080026d0   0x080026d0   0x00000020   Code   RO         3272    i.__mathlib_dbl_invalid  m_wm.l(dunder.o)
    0x080026f0   0x080026f0   0x00000020   Code   RO         3273    i.__mathlib_dbl_overflow  m_wm.l(dunder.o)
    0x08002710   0x08002710   0x00000020   Code   RO         3275    i.__mathlib_dbl_underflow  m_wm.l(dunder.o)
    0x08002730   0x08002730   0x00000014   Code   RO         1258    i.buffer_initialization  usart.o
    0x08002744   0x08002744   0x000000a8   Code   RO         1092    i.calculateCRC      packing.o
    0x080027ec   0x080027ec   0x00000024   Code   RO         1259    i.check_flag        usart.o
    0x08002810   0x08002810   0x0000001c   Code   RO         1450    i.delay_nus         delay.o
    0x0800282c   0x0800282c   0x00000018   Code   RO         1136    i.ds18b20_temp      dataorganization.o
    0x08002844   0x08002844   0x00000018   Code   RO         1260    i.empty_buffer      usart.o
    0x0800285c   0x0800285c   0x00000018   Code   RO         3285    i.fabs              m_wm.l(fabs.o)
    0x08002874   0x08002874   0x0000004c   Code   RO         1261    i.fillBuffer        usart.o
    0x080028c0   0x080028c0   0x0000001c   Code   RO         1093    i.getOpcode         packing.o
    0x080028dc   0x080028dc   0x000001bc   Code   RO         1137    i.get_temp          dataorganization.o
    0x08002a98   0x08002a98   0x0000001c   Code   RO         1138    i.gnico001_temp     dataorganization.o
    0x08002ab4   0x08002ab4   0x00000034   Code   RO         1509    i.gpio_init         ds18b20.o
    0x08002ae8   0x08002ae8   0x00000024   Code   RO         1590    i.i2c_write         tmp101.o
    0x08002b0c   0x08002b0c   0x0000001c   Code   RO         1139    i.lm35dz_temp       dataorganization.o
    0x08002b28   0x08002b28   0x00000098   Code   RO          155    i.main              main.o
    0x08002bc0   0x08002bc0   0x0000001c   Code   RO         1140    i.max6675_temp      dataorganization.o
    0x08002bdc   0x08002bdc   0x00000080   Code   RO         1659    i.max6675temp       max6675.o
    0x08002c5c   0x08002c5c   0x0000001c   Code   RO         1141    i.max6682_temp      dataorganization.o
    0x08002c78   0x08002c78   0x0000007c   Code   RO         1692    i.max6682temp       max6682.o
    0x08002cf4   0x08002cf4   0x0000001c   Code   RO         1142    i.ntc_temp          dataorganization.o
    0x08002d10   0x08002d10   0x0000005c   Code   RO         1263    i.pop_Buffer        usart.o
    0x08002d6c   0x08002d6c   0x00000064   Code   RO         1510    i.read              ds18b20.o
    0x08002dd0   0x08002dd0   0x0000002c   Code   RO         1591    i.read_ack          tmp101.o
    0x08002dfc   0x08002dfc   0x00000034   Code   RO         1592    i.read_nack         tmp101.o
    0x08002e30   0x08002e30   0x00000068   Code   RO         1511    i.reset             ds18b20.o
    0x08002e98   0x08002e98   0x0000010c   Code   RO         1094    i.returnPacked      packing.o
    0x08002fa4   0x08002fa4   0x0000006e   Code   RO         3230    i.sqrt              m_wm.l(sqrt.o)
    0x08003012   0x08003012   0x00000002   PAD
    0x08003014   0x08003014   0x0000003c   Code   RO         1593    i.start_rec         tmp101.o
    0x08003050   0x08003050   0x00000050   Code   RO         1594    i.start_trans       tmp101.o
    0x080030a0   0x080030a0   0x00000038   Code   RO         1395    i.timer2_get_millisec  timer.o
    0x080030d8   0x080030d8   0x00000090   Code   RO         1396    i.timer2_init       timer.o
    0x08003168   0x08003168   0x00000026   Code   RO         1397    i.timer2_wait_millisec  timer.o
    0x0800318e   0x0800318e   0x00000002   PAD
    0x08003190   0x08003190   0x00000018   Code   RO         1398    i.timer_flag        timer.o
    0x080031a8   0x080031a8   0x00000034   Code   RO         1595    i.tmp101_init       tmp101.o
    0x080031dc   0x080031dc   0x00000024   Code   RO         1145    i.tmp101_temp       dataorganization.o
    0x08003200   0x08003200   0x0000006c   Code   RO         1596    i.tmp_temp          tmp101.o
    0x0800326c   0x0800326c   0x000000f0   Code   RO         1268    i.usart1_init       usart.o
    0x0800335c   0x0800335c   0x00000084   Code   RO         1512    i.write             ds18b20.o
    0x080033e0   0x080033e0   0x00000018   Code   RO         3250    x$fpl$basic         fz_wm.l(basic.o)
    0x080033f8   0x080033f8   0x00000062   Code   RO         3192    x$fpl$d2f           fz_wm.l(d2f.o)
    0x0800345a   0x0800345a   0x00000002   PAD
    0x0800345c   0x0800345c   0x00000150   Code   RO         3194    x$fpl$dadd          fz_wm.l(daddsub_clz.o)
    0x080035ac   0x080035ac   0x00000010   Code   RO         3316    x$fpl$dcheck1       fz_wm.l(dcheck1.o)
    0x080035bc   0x080035bc   0x00000018   Code   RO         3318    x$fpl$dcmpinf       fz_wm.l(dcmpi.o)
    0x080035d4   0x080035d4   0x000002b0   Code   RO         3201    x$fpl$ddiv          fz_wm.l(ddiv.o)
    0x08003884   0x08003884   0x0000002e   Code   RO         3205    x$fpl$dflt          fz_wm.l(dflt_clz.o)
    0x080038b2   0x080038b2   0x00000026   Code   RO         3204    x$fpl$dfltu         fz_wm.l(dflt_clz.o)
    0x080038d8   0x080038d8   0x00000078   Code   RO         3252    x$fpl$dleqf         fz_wm.l(dleqf.o)
    0x08003950   0x08003950   0x00000154   Code   RO         3210    x$fpl$dmul          fz_wm.l(dmul.o)
    0x08003aa4   0x08003aa4   0x0000009c   Code   RO         3254    x$fpl$dnaninf       fz_wm.l(dnaninf.o)
    0x08003b40   0x08003b40   0x0000000c   Code   RO         3256    x$fpl$dretinf       fz_wm.l(dretinf.o)
    0x08003b4c   0x08003b4c   0x0000006c   Code   RO         3258    x$fpl$drleqf        fz_wm.l(drleqf.o)
    0x08003bb8   0x08003bb8   0x00000016   Code   RO         3195    x$fpl$drsb          fz_wm.l(daddsub_clz.o)
    0x08003bce   0x08003bce   0x00000002   PAD
    0x08003bd0   0x08003bd0   0x00000198   Code   RO         3260    x$fpl$dsqrt         fz_wm.l(dsqrt_umaal.o)
    0x08003d68   0x08003d68   0x000001d4   Code   RO         3196    x$fpl$dsub          fz_wm.l(daddsub_clz.o)
    0x08003f3c   0x08003f3c   0x00000056   Code   RO         3212    x$fpl$f2d           fz_wm.l(f2d.o)
    0x08003f92   0x08003f92   0x0000008c   Code   RO         3262    x$fpl$fnaninf       fz_wm.l(fnaninf.o)
    0x0800401e   0x0800401e   0x0000000a   Code   RO         3393    x$fpl$fpinit        fz_wm.l(fpinit.o)
    0x08004028   0x08004028   0x0000000a   Code   RO         3264    x$fpl$fretinf       fz_wm.l(fretinf.o)
    0x08004032   0x08004032   0x00000064   Code   RO         3333    x$fpl$retnan        fz_wm.l(retnan.o)
    0x08004096   0x08004096   0x0000005c   Code   RO         3266    x$fpl$scalbn        fz_wm.l(scalbn.o)
    0x080040f2   0x080040f2   0x00000030   Code   RO         3382    x$fpl$trapveneer    fz_wm.l(trapv.o)
    0x08004122   0x08004122   0x00000000   Code   RO         3268    x$fpl$usenofp       fz_wm.l(usenofp.o)
    0x08004122   0x08004122   0x00000006   PAD
    0x08004128   0x08004128   0x00000088   Data   RO         3217    .constdata          m_wm.l(pow.o)
    0x080041b0   0x080041b0   0x00000008   Data   RO         3293    .constdata          m_wm.l(qnan.o)
    0x080041b8   0x080041b8   0x00000020   Data   RO         3461    Region$$Table       anon$$obj.o


    Execution Region ER_RW (Exec base: 0x20000000, Load base: 0x080041d8, Size: 0x00000054, Max: 0xffffffff, ABSOLUTE)

    Exec Addr    Load Addr    Size         Type   Attr      Idx    E Section Name        Object

    0x20000000   0x080041d8   0x00000014   Data   RW           16    .data               system_stm32f4xx.o
    0x20000014   0x080041ec   0x00000010   Data   RW          434    .data               stm32f4xx_rcc.o
    0x20000024   0x080041fc   0x00000023   Data   RW         1270    .data               usart.o
    0x20000047   0x0800421f   0x00000001   PAD
    0x20000048   0x08004220   0x00000008   Data   RW         1399    .data               timer.o
    0x20000050   0x08004228   0x00000004   Data   RW         1451    .data               delay.o


    Execution Region ER_ZI (Exec base: 0x20000054, Load base: 0x0800422c, Size: 0x00006fdc, Max: 0xffffffff, ABSOLUTE)

    Exec Addr    Load Addr    Size         Type   Attr      Idx    E Section Name        Object

    0x20000054        -       0x00006978   Zero   RW         1269    .bss                usart.o
    0x200069cc        -       0x00000060   Zero   RW         3321    .bss                c_w.l(libspace.o)
    0x20006a2c   0x0800422c   0x00000004   PAD
    0x20006a30        -       0x00000200   Zero   RW            2    HEAP                startup_stm32f40_41xxx.o
    0x20006c30        -       0x00000400   Zero   RW            1    STACK               startup_stm32f40_41xxx.o


==============================================================================

Image component sizes


      Code (inc. data)   RO Data    RW Data    ZI Data      Debug   Object Name

       644         32          0          0          0       5063   dataorganization.o
       164         28          0          4          0      28685   delay.o
       656         28          0          0          0       3193   ds18b20.o
       760        104          0          0          0       1472   g-nico.o
       184         20          0          0          0       1158   lm35dz.o
       152          6          0          0          0        787   main.o
       332         24          0          0          0       1254   max6675.o
       324         24          0          0          0       1254   max6682.o
       120         14          0          0          0        948   misc.o
       208         28          0          0          0       1194   ntc.o
       464          0          0          0          0       3118   packing.o
        64         26        392          0       1536        972   startup_stm32f40_41xxx.o
       250          0          0          0          0     270663   stm32f4xx_gpio.o
       328         36          0         16          0       4531   stm32f4xx_rcc.o
       140          0          0          0          0       3972   stm32f4xx_spi.o
       442          8          0          0          0       5297   stm32f4xx_usart.o
       340         32          0         20          0     323217   system_stm32f4xx.o
       326         32          0          8          0       3223   timer.o
       588         64          0          0          0       4914   tmp101.o
      1194        178          0         35      27000      34450   usart.o

    ----------------------------------------------------------------------
      7684        684        424         84      28536     699365   Object Totals
         0          0         32          0          0          0   (incl. Generated)
         4          0          0          1          0          0   (incl. Padding)

    ----------------------------------------------------------------------

      Code (inc. data)   RO Data    RW Data    ZI Data      Debug   Library Member Name

       328         10          0          0          0     298966   stm32f4xx_adc.o
       456         14          0          0          0       6964   stm32f4xx_i2c.o
       214         28          0          0          0       3830   stm32f4xx_tim.o
         8          0          0          0          0         68   __main.o
         0          0          0          0          0          0   __rtentry.o
        12          0          0          0          0          0   __rtentry2.o
         6          0          0          0          0          0   __rtentry4.o
        52          8          0          0          0          0   __scatter.o
        26          0          0          0          0          0   __scatter_copy.o
        28          0          0          0          0          0   __scatter_zi.o
        22          0          0          0          0        100   _rserrno.o
        18          0          0          0          0         80   exit.o
         6          0          0          0          0        152   heapauxi.o
         0          0          0          0          0          0   indicate_semi.o
         2          0          0          0          0          0   libinit.o
         6          0          0          0          0          0   libinit2.o
         2          0          0          0          0          0   libshutdown.o
         2          0          0          0          0          0   libshutdown2.o
         8          4          0          0         96         68   libspace.o
         8          4          0          0          0         68   rt_errno_addr_intlibspace.o
         2          0          0          0          0          0   rtexit.o
        10          0          0          0          0          0   rtexit2.o
        12          4          0          0          0         68   sys_exit.o
        74          0          0          0          0         80   sys_stackheap_outer.o
         2          0          0          0          0         68   use_no_semi.o
        24          0          0          0          0        164   basic.o
        98          4          0          0          0        140   d2f.o
       826         16          0          0          0        492   daddsub_clz.o
        16          4          0          0          0        116   dcheck1.o
        24          0          0          0          0        116   dcmpi.o
       688        140          0          0          0        256   ddiv.o
        84          0          0          0          0        232   dflt_clz.o
       120          4          0          0          0        140   dleqf.o
       340         12          0          0          0        152   dmul.o
       156          4          0          0          0        140   dnaninf.o
        12          0          0          0          0        116   dretinf.o
       108          0          0          0          0        128   drleqf.o
       408         56          0          0          0        168   dsqrt_umaal.o
        86          4          0          0          0        132   f2d.o
       140          4          0          0          0        132   fnaninf.o
        10          0          0          0          0        116   fpinit.o
        10          0          0          0          0        116   fretinf.o
       100          0          0          0          0        116   retnan.o
        92          0          0          0          0        116   scalbn.o
        48          0          0          0          0        116   trapv.o
         0          0          0          0          0          0   usenofp.o
       164         44          0          0          0        620   dunder.o
        24          0          0          0          0        124   fabs.o
        48          0          0          0          0        124   fpclassify.o
       248          0          0          0          0        152   poly.o
      3152        296        136          0          0        352   pow.o
         0          0          8          0          0          0   qnan.o
       232          0          0          0          0        296   sqrt.o

    ----------------------------------------------------------------------
      8604        660        144          0        100     315384   Library Totals
        42          0          0          0          4          0   (incl. Padding)

    ----------------------------------------------------------------------

      Code (inc. data)   RO Data    RW Data    ZI Data      Debug   Library Name

       998         52          0          0          0     309760   Template.lib
       306         20          0          0         96        752   c_w.l
      3390        248          0          0          0       3204   fz_wm.l
      3868        340        144          0          0       1668   m_wm.l

    ----------------------------------------------------------------------
      8604        660        144          0        100     315384   Library Totals

    ----------------------------------------------------------------------

==============================================================================


      Code (inc. data)   RO Data    RW Data    ZI Data      Debug   

     16288       1344        568         84      28636    1001289   Grand Totals
     16288       1344        568         84      28636    1001289   ELF Image Totals
     16288       1344        568         84          0          0   ROM Totals

==============================================================================

    Total RO  Size (Code + RO Data)                16856 (  16.46kB)
    Total RW  Size (RW Data + ZI Data)             28720 (  28.05kB)
    Total ROM Size (Code + RO Data + RW Data)      16940 (  16.54kB)

==============================================================================

